###############################################################################
#
# IAR ELF Linker V8.32.1.169/W32 for ARM                  24/Mar/2020  14:58:59
# Copyright 2007-2018 IAR Systems AB.
#
#    Output file  =  
#        F:\zt_2.0\master\bsp\bsp_machine\zt_2.0\EWARM\zt_2.0\Exe\zt_2.0.out
#    Map file     =  
#        F:\zt_2.0\master\bsp\bsp_machine\zt_2.0\EWARM\zt_2.0\List\zt_2.0.map
#    Command line =  
#        -f C:\Users\LFL050~1\AppData\Local\Temp\EW8CCD.tmp
#        (F:\zt_2.0\master\bsp\bsp_machine\zt_2.0\EWARM\zt_2.0\Obj\adc.o
#        F:\zt_2.0\master\bsp\bsp_machine\zt_2.0\EWARM\zt_2.0\Obj\crc.o
#        F:\zt_2.0\master\bsp\bsp_machine\zt_2.0\EWARM\zt_2.0\Obj\gpio.o
#        F:\zt_2.0\master\bsp\bsp_machine\zt_2.0\EWARM\zt_2.0\Obj\main.o
#        F:\zt_2.0\master\bsp\bsp_machine\zt_2.0\EWARM\zt_2.0\Obj\spi.o
#        F:\zt_2.0\master\bsp\bsp_machine\zt_2.0\EWARM\zt_2.0\Obj\startup_stm32l152xca.o
#        F:\zt_2.0\master\bsp\bsp_machine\zt_2.0\EWARM\zt_2.0\Obj\stm32l1xx_hal.o
#        F:\zt_2.0\master\bsp\bsp_machine\zt_2.0\EWARM\zt_2.0\Obj\stm32l1xx_hal_adc.o
#        F:\zt_2.0\master\bsp\bsp_machine\zt_2.0\EWARM\zt_2.0\Obj\stm32l1xx_hal_adc_ex.o
#        F:\zt_2.0\master\bsp\bsp_machine\zt_2.0\EWARM\zt_2.0\Obj\stm32l1xx_hal_cortex.o
#        F:\zt_2.0\master\bsp\bsp_machine\zt_2.0\EWARM\zt_2.0\Obj\stm32l1xx_hal_crc.o
#        F:\zt_2.0\master\bsp\bsp_machine\zt_2.0\EWARM\zt_2.0\Obj\stm32l1xx_hal_dma.o
#        F:\zt_2.0\master\bsp\bsp_machine\zt_2.0\EWARM\zt_2.0\Obj\stm32l1xx_hal_flash.o
#        F:\zt_2.0\master\bsp\bsp_machine\zt_2.0\EWARM\zt_2.0\Obj\stm32l1xx_hal_flash_ex.o
#        F:\zt_2.0\master\bsp\bsp_machine\zt_2.0\EWARM\zt_2.0\Obj\stm32l1xx_hal_flash_ramfunc.o
#        F:\zt_2.0\master\bsp\bsp_machine\zt_2.0\EWARM\zt_2.0\Obj\stm32l1xx_hal_gpio.o
#        F:\zt_2.0\master\bsp\bsp_machine\zt_2.0\EWARM\zt_2.0\Obj\stm32l1xx_hal_msp.o
#        F:\zt_2.0\master\bsp\bsp_machine\zt_2.0\EWARM\zt_2.0\Obj\stm32l1xx_hal_pwr.o
#        F:\zt_2.0\master\bsp\bsp_machine\zt_2.0\EWARM\zt_2.0\Obj\stm32l1xx_hal_pwr_ex.o
#        F:\zt_2.0\master\bsp\bsp_machine\zt_2.0\EWARM\zt_2.0\Obj\stm32l1xx_hal_rcc.o
#        F:\zt_2.0\master\bsp\bsp_machine\zt_2.0\EWARM\zt_2.0\Obj\stm32l1xx_hal_rcc_ex.o
#        F:\zt_2.0\master\bsp\bsp_machine\zt_2.0\EWARM\zt_2.0\Obj\stm32l1xx_hal_spi.o
#        F:\zt_2.0\master\bsp\bsp_machine\zt_2.0\EWARM\zt_2.0\Obj\stm32l1xx_hal_tim.o
#        F:\zt_2.0\master\bsp\bsp_machine\zt_2.0\EWARM\zt_2.0\Obj\stm32l1xx_hal_tim_ex.o
#        F:\zt_2.0\master\bsp\bsp_machine\zt_2.0\EWARM\zt_2.0\Obj\stm32l1xx_hal_uart.o
#        F:\zt_2.0\master\bsp\bsp_machine\zt_2.0\EWARM\zt_2.0\Obj\stm32l1xx_it.o
#        F:\zt_2.0\master\bsp\bsp_machine\zt_2.0\EWARM\zt_2.0\Obj\system_stm32l1xx.o
#        F:\zt_2.0\master\bsp\bsp_machine\zt_2.0\EWARM\zt_2.0\Obj\tim.o
#        F:\zt_2.0\master\bsp\bsp_machine\zt_2.0\EWARM\zt_2.0\Obj\usart.o
#        --redirect _Printf=_PrintfFull --redirect _Scanf=_ScanfFull
#        --no_out_extension -o
#        F:\zt_2.0\master\bsp\bsp_machine\zt_2.0\EWARM\zt_2.0\Exe\zt_2.0.out
#        --map
#        F:\zt_2.0\master\bsp\bsp_machine\zt_2.0\EWARM\zt_2.0\List\zt_2.0.map
#        --config
#        F:\zt_2.0\master\bsp\bsp_machine\zt_2.0\EWARM/stm32l152xca_flash.icf
#        --semihosting --entry __iar_program_start --vfe --text_out locale)
#
###############################################################################

*******************************************************************************
*** RUNTIME MODEL ATTRIBUTES
***

CppFlavor       = *
__SystemLibrary = DLib
__dlib_version  = 6


*******************************************************************************
*** HEAP SELECTION
***

The basic heap was selected because no calls to memory allocation
functions were found in the application outside of system library
functions, and there are calls to deallocation functions in the
application.


*******************************************************************************
*** PLACEMENT SUMMARY
***

"A0":  place at 0x800'0000 { ro section .intvec };
"P1":  place in [from 0x800'0000 to 0x803'ffff] { ro };
define block CSTACK with size = 1K, alignment = 8 { };
define block HEAP with size = 512, alignment = 8 { };
"P2":  place in [from 0x2000'0000 to 0x2000'7fff] {
          rw, block CSTACK, block HEAP };
initialize by copy { rw };

  Section            Kind         Address    Size  Object
  -------            ----         -------    ----  ------
"A0":                                       0x124
  .intvec            ro code   0x800'0000   0x124  startup_stm32l152xca.o [1]
                             - 0x800'0124   0x124

"P1":                                      0x1a98
  .text              ro code   0x800'0124   0x648  stm32l1xx_hal_rcc.o [1]
  .text              ro code   0x800'076c     0xc  stm32l1xx_hal.o [1]
  .text              ro code   0x800'0778    0x44  stm32l1xx_hal.o [1]
  .text              ro code   0x800'07bc    0xc6  stm32l1xx_hal_cortex.o [1]
  .text              ro code   0x800'0882    0x3a  zero_init3.o [3]
  .text              ro code   0x800'08bc   0x350  stm32l1xx_hal_uart.o [1]
  .text              ro code   0x800'0c0c   0x174  usart.o [1]
  .text              ro code   0x800'0d80    0x5a  stm32l1xx_hal_dma.o [1]
  .text              ro code   0x800'0dda     0x2  stm32l1xx_hal_uart.o [1]
  .text              ro code   0x800'0ddc     0x2  stm32l1xx_hal_uart.o [1]
  .text              ro code   0x800'0dde     0x2  stm32l1xx_hal_uart.o [1]
  .text              ro code   0x800'0de0    0x9e  main.o [1]
  .text              ro code   0x800'0e80     0x6  ABImemclr4.o [3]
  .text              ro code   0x800'0e88   0x1e4  stm32l1xx_hal_gpio.o [1]
  .text              ro code   0x800'106c    0x1e  stm32l1xx_hal.o [1]
  .text              ro code   0x800'108c   0x1fa  gpio.o [1]
  .text              ro code   0x800'1288   0x11c  adc.o [1]
  .text              ro code   0x800'13a4    0x48  crc.o [1]
  .text              ro code   0x800'13ec   0x1a4  spi.o [1]
  .text              ro code   0x800'1590    0x32  ABImemset48.o [3]
  .text              ro code   0x800'15c4    0x44  stm32l1xx_hal_msp.o [1]
  .text              ro code   0x800'1608   0x29c  stm32l1xx_hal_adc.o [1]
  .text              ro code   0x800'18a4    0x24  stm32l1xx_hal_crc.o [1]
  .text              ro code   0x800'18c8    0x82  stm32l1xx_hal_spi.o [1]
  .text              ro code   0x800'194c    0x68  system_stm32l1xx.o [1]
  .text              ro code   0x800'19b4    0x3c  stm32l1xx_it.o [1]
  .text              ro code   0x800'19f0    0x10  stm32l1xx_hal.o [1]
  .text              ro code   0x800'1a00    0x2c  copy_init3.o [3]
  .text              ro code   0x800'1a2c    0x28  data_init.o [3]
  .iar.init_table    const     0x800'1a54    0x24  - Linker created -
  .text              ro code   0x800'1a78    0x1e  cmain.o [3]
  .text              ro code   0x800'1a96     0x4  low_level_init.o [2]
  .text              ro code   0x800'1a9a     0x4  exit.o [2]
  .text              ro code   0x800'1aa0     0xa  cexit.o [3]
  .text              ro code   0x800'1aac    0x14  exit.o [4]
  .text              ro code   0x800'1ac0    0x10  startup_stm32l152xca.o [1]
  Initializer bytes  const     0x800'1ad0    0x10  <for P2-1>
  .text              ro code   0x800'1ae0     0xc  cstartup_M.o [3]
  .rodata            const     0x800'1aec     0x8  system_stm32l1xx.o [1]
  .text              ro code   0x800'1af4     0x4  startup_stm32l152xca.o [1]
  .text              ro code   0x800'1af8     0x4  startup_stm32l152xca.o [1]
  .text              ro code   0x800'1afc     0x4  startup_stm32l152xca.o [1]
  .text              ro code   0x800'1b00     0x4  startup_stm32l152xca.o [1]
  .text              ro code   0x800'1b04     0x4  startup_stm32l152xca.o [1]
  .text              ro code   0x800'1b08     0x4  startup_stm32l152xca.o [1]
  .text              ro code   0x800'1b0c     0x4  startup_stm32l152xca.o [1]
  .text              ro code   0x800'1b10     0x4  startup_stm32l152xca.o [1]
  .text              ro code   0x800'1b14     0x4  startup_stm32l152xca.o [1]
  .text              ro code   0x800'1b18     0x4  startup_stm32l152xca.o [1]
  .text              ro code   0x800'1b1c     0x4  startup_stm32l152xca.o [1]
  .text              ro code   0x800'1b20     0x4  startup_stm32l152xca.o [1]
  .text              ro code   0x800'1b24     0x4  startup_stm32l152xca.o [1]
  .text              ro code   0x800'1b28     0x4  startup_stm32l152xca.o [1]
  .text              ro code   0x800'1b2c     0x4  startup_stm32l152xca.o [1]
  .text              ro code   0x800'1b30     0x4  startup_stm32l152xca.o [1]
  .text              ro code   0x800'1b34     0x4  startup_stm32l152xca.o [1]
  .text              ro code   0x800'1b38     0x4  startup_stm32l152xca.o [1]
  .text              ro code   0x800'1b3c     0x4  startup_stm32l152xca.o [1]
  .text              ro code   0x800'1b40     0x4  startup_stm32l152xca.o [1]
  .text              ro code   0x800'1b44     0x4  startup_stm32l152xca.o [1]
  .text              ro code   0x800'1b48     0x4  startup_stm32l152xca.o [1]
  .text              ro code   0x800'1b4c     0x4  startup_stm32l152xca.o [1]
  .text              ro code   0x800'1b50     0x4  startup_stm32l152xca.o [1]
  .text              ro code   0x800'1b54     0x4  startup_stm32l152xca.o [1]
  .text              ro code   0x800'1b58     0x4  startup_stm32l152xca.o [1]
  .text              ro code   0x800'1b5c     0x4  startup_stm32l152xca.o [1]
  .text              ro code   0x800'1b60     0x4  startup_stm32l152xca.o [1]
  .text              ro code   0x800'1b64     0x4  startup_stm32l152xca.o [1]
  .text              ro code   0x800'1b68     0x4  startup_stm32l152xca.o [1]
  .text              ro code   0x800'1b6c     0x4  startup_stm32l152xca.o [1]
  .text              ro code   0x800'1b70     0x4  startup_stm32l152xca.o [1]
  .text              ro code   0x800'1b74     0x4  startup_stm32l152xca.o [1]
  .text              ro code   0x800'1b78     0x4  startup_stm32l152xca.o [1]
  .text              ro code   0x800'1b7c     0x4  startup_stm32l152xca.o [1]
  .text              ro code   0x800'1b80     0x4  startup_stm32l152xca.o [1]
  .text              ro code   0x800'1b84     0x4  startup_stm32l152xca.o [1]
  .text              ro code   0x800'1b88     0x4  startup_stm32l152xca.o [1]
  .text              ro code   0x800'1b8c     0x4  startup_stm32l152xca.o [1]
  .text              ro code   0x800'1b90     0x4  startup_stm32l152xca.o [1]
  .text              ro code   0x800'1b94     0x4  startup_stm32l152xca.o [1]
  .text              ro code   0x800'1b98     0x4  startup_stm32l152xca.o [1]
  .text              ro code   0x800'1b9c     0x4  startup_stm32l152xca.o [1]
  .text              ro code   0x800'1ba0     0x4  startup_stm32l152xca.o [1]
  .text              ro code   0x800'1ba4     0x4  startup_stm32l152xca.o [1]
  .text              ro code   0x800'1ba8     0x4  startup_stm32l152xca.o [1]
  .text              ro code   0x800'1bac     0x4  startup_stm32l152xca.o [1]
  .text              ro code   0x800'1bb0     0x4  startup_stm32l152xca.o [1]
  .text              ro code   0x800'1bb4     0x4  startup_stm32l152xca.o [1]
  .text              ro code   0x800'1bb8     0x4  startup_stm32l152xca.o [1]
  .rodata            const     0x800'1bbc     0x0  zero_init3.o [3]
  .rodata            const     0x800'1bbc     0x0  copy_init3.o [3]
                             - 0x800'1bbc  0x1a98

"P2", part 1 of 3:                           0x10
  P2-1                        0x2000'0000    0x10  <Init block>
    .data            inited   0x2000'0000     0xc  stm32l1xx_hal.o [1]
    .data            inited   0x2000'000c     0x4  system_stm32l1xx.o [1]
                            - 0x2000'0010    0x10

"P2", part 2 of 3:                          0x224
  .bss               zero     0x2000'0010    0x58  spi.o [1]
  .bss               zero     0x2000'0068    0x58  spi.o [1]
  .bss               zero     0x2000'00c0    0x58  spi.o [1]
  .bss               zero     0x2000'0118    0x54  adc.o [1]
  .bss               zero     0x2000'016c    0x40  usart.o [1]
  .bss               zero     0x2000'01ac    0x40  usart.o [1]
  .bss               zero     0x2000'01ec    0x40  usart.o [1]
  .bss               zero     0x2000'022c     0x8  crc.o [1]
                            - 0x2000'0234   0x224

"P2", part 3 of 3:                          0x400
  CSTACK                      0x2000'0238   0x400  <Block>
    CSTACK           uninit   0x2000'0238   0x400  <Block tail>
                            - 0x2000'0638   0x400

Unused ranges:

         From           To      Size
         ----           --      ----
   0x800'1bbc   0x803'ffff  0x3'e444
  0x2000'0234  0x2000'0237       0x4
  0x2000'0638  0x2000'7fff    0x79c8


*******************************************************************************
*** INIT TABLE
***

          Address      Size
          -------      ----
Zero (__iar_zero_init3)
    1 destination range, total size 0x224:
          0x2000'0010  0x224

Copy (__iar_copy_init3)
    1 source range, total size 0x10:
           0x800'1ad0   0x10
    1 destination range, total size 0x10:
          0x2000'0000   0x10



*******************************************************************************
*** MODULE SUMMARY
***

    Module                  ro code  ro data  rw data
    ------                  -------  -------  -------
command line/config:
    -------------------------------------------------
    Total:

F:\zt_2.0\master\bsp\bsp_machine\zt_2.0\EWARM\zt_2.0\Obj: [1]
    adc.o                       284                84
    crc.o                        72                 8
    gpio.o                      506
    main.o                      158
    spi.o                       420               264
    startup_stm32l152xca.o      508
    stm32l1xx_hal.o             126       12       12
    stm32l1xx_hal_adc.o         668
    stm32l1xx_hal_cortex.o      198
    stm32l1xx_hal_crc.o          36
    stm32l1xx_hal_dma.o          90
    stm32l1xx_hal_gpio.o        484
    stm32l1xx_hal_msp.o          68
    stm32l1xx_hal_rcc.o       1 608
    stm32l1xx_hal_spi.o         130
    stm32l1xx_hal_uart.o        854
    stm32l1xx_it.o               60
    system_stm32l1xx.o          104       12        4
    usart.o                     372               192
    -------------------------------------------------
    Total:                    6 746       24      564

dl7M_tln.a: [2]
    exit.o                        4
    low_level_init.o              4
    -------------------------------------------------
    Total:                        8

rt7M_tl.a: [3]
    ABImemclr4.o                  6
    ABImemset48.o                50
    cexit.o                      10
    cmain.o                      30
    copy_init3.o                 44
    cstartup_M.o                 12
    data_init.o                  40
    zero_init3.o                 58
    -------------------------------------------------
    Total:                      250

shb_l.a: [4]
    exit.o                       20
    -------------------------------------------------
    Total:                       20

    Gaps                         16
    Linker created                        36    1 024
-----------------------------------------------------
    Grand Total:              7 040       60    1 588


*******************************************************************************
*** ENTRY LIST
***

Entry                       Address   Size  Type      Object
-----                       -------   ----  ----      ------
.iar.init_table$$Base    0x800'1a54          --   Gb  - Linker created -
.iar.init_table$$Limit   0x800'1a78          --   Gb  - Linker created -
?main                    0x800'1a79         Code  Gb  cmain.o [3]
AHBPrescTable            0x800'19a4   0x10  Data  Gb  system_stm32l1xx.o [1]
APBPrescTable            0x800'1aec    0x8  Data  Gb  system_stm32l1xx.o [1]
BusFault_Handler         0x800'19bb    0x2  Code  Gb  stm32l1xx_it.o [1]
CSTACK$$Base            0x2000'0238          --   Gb  - Linker created -
CSTACK$$Limit           0x2000'0638          --   Gb  - Linker created -
DebugMon_Handler         0x800'19c1    0x2  Code  Gb  stm32l1xx_it.o [1]
Error_Handler            0x800'0e7d    0x2  Code  Gb  main.o [1]
HAL_ADC_ConfigChannel    0x800'1755  0x10c  Code  Gb  stm32l1xx_hal_adc.o [1]
HAL_ADC_Init             0x800'1609  0x140  Code  Gb  stm32l1xx_hal_adc.o [1]
HAL_ADC_MspInit          0x800'12eb   0x92  Code  Gb  adc.o [1]
HAL_CRC_Init             0x800'18a5   0x24  Code  Gb  stm32l1xx_hal_crc.o [1]
HAL_CRC_MspInit          0x800'13bd   0x22  Code  Gb  crc.o [1]
HAL_DMA_Abort_IT         0x800'0d81   0x44  Code  Gb  stm32l1xx_hal_dma.o [1]
HAL_GPIO_Init            0x800'0e89  0x1a8  Code  Gb  stm32l1xx_hal_gpio.o [1]
HAL_GPIO_WritePin        0x800'103b    0x8  Code  Gb  stm32l1xx_hal_gpio.o [1]
HAL_GetTick              0x800'076d    0xc  Code  Wk  stm32l1xx_hal.o [1]
HAL_IncTick              0x800'19f1   0x10  Code  Wk  stm32l1xx_hal.o [1]
HAL_Init                 0x800'106d   0x1e  Code  Gb  stm32l1xx_hal.o [1]
HAL_InitTick             0x800'0779   0x44  Code  Wk  stm32l1xx_hal.o [1]
HAL_MspInit              0x800'15c5   0x44  Code  Gb  stm32l1xx_hal_msp.o [1]
HAL_NVIC_EnableIRQ       0x800'082b   0x16  Code  Gb  stm32l1xx_hal_cortex.o [1]
HAL_NVIC_SetPriority     0x800'07f1   0x3a  Code  Gb  stm32l1xx_hal_cortex.o [1]
HAL_NVIC_SetPriorityGrouping
                         0x800'07d7   0x1a  Code  Gb  stm32l1xx_hal_cortex.o [1]
HAL_RCC_ClockConfig      0x800'04ed  0x138  Code  Gb  stm32l1xx_hal_rcc.o [1]
HAL_RCC_GetPCLK1Freq     0x800'069f   0x10  Code  Gb  stm32l1xx_hal_rcc.o [1]
HAL_RCC_GetPCLK2Freq     0x800'06af    0xe  Code  Gb  stm32l1xx_hal_rcc.o [1]
HAL_RCC_GetSysClockFreq
                         0x800'0647   0x58  Code  Gb  stm32l1xx_hal_rcc.o [1]
HAL_RCC_OscConfig        0x800'0125  0x3a2  Code  Gb  stm32l1xx_hal_rcc.o [1]
HAL_SPI_Init             0x800'18c9   0x76  Code  Gb  stm32l1xx_hal_spi.o [1]
HAL_SPI_MspInit          0x800'148f   0xcc  Code  Gb  spi.o [1]
HAL_SYSTICK_Callback     0x800'0881    0x2  Code  Wk  stm32l1xx_hal_cortex.o [1]
HAL_SYSTICK_Config       0x800'0841   0x28  Code  Gb  stm32l1xx_hal_cortex.o [1]
HAL_UART_IRQHandler      0x800'093f  0x14e  Code  Gb  stm32l1xx_hal_uart.o [1]
HAL_UART_Init            0x800'08bd   0x1e  Code  Gb  stm32l1xx_hal_uart.o [1]
HAL_UART_MspInit         0x800'0c61   0xca  Code  Gb  usart.o [1]
HardFault_Handler        0x800'19b7    0x2  Code  Gb  stm32l1xx_it.o [1]
MX_ADC_Init              0x800'1289   0x62  Code  Gb  adc.o [1]
MX_CRC_Init              0x800'13a5   0x18  Code  Gb  crc.o [1]
MX_GPIO_Init             0x800'108d  0x1b4  Code  Gb  gpio.o [1]
MX_SPI1_Init             0x800'13ed   0x24  Code  Gb  spi.o [1]
MX_SPI2_Init             0x800'1411   0x38  Code  Gb  spi.o [1]
MX_SPI3_Init             0x800'1451   0x20  Code  Gb  spi.o [1]
MX_USART1_UART_Init      0x800'0c0d   0x10  Code  Gb  usart.o [1]
MX_USART2_UART_Init      0x800'0c1d   0x10  Code  Gb  usart.o [1]
MX_USART3_UART_Init      0x800'0c51   0x10  Code  Gb  usart.o [1]
MemManage_Handler        0x800'19b9    0x2  Code  Gb  stm32l1xx_it.o [1]
NMI_Handler              0x800'19b5    0x2  Code  Gb  stm32l1xx_it.o [1]
PLLMulTable              0x800'1998    0xc  Data  Gb  system_stm32l1xx.o [1]
PendSV_Handler           0x800'19c3    0x2  Code  Gb  stm32l1xx_it.o [1]
RCC_SetFlashLatencyFromMSIRange
                         0x800'06c3   0x72  Code  Lc  stm32l1xx_hal_rcc.o [1]
Region$$Table$$Base      0x800'1a54          --   Gb  - Linker created -
Region$$Table$$Limit     0x800'1a78          --   Gb  - Linker created -
SVC_Handler              0x800'19bf    0x2  Code  Gb  stm32l1xx_it.o [1]
SysTick_Handler          0x800'19c5    0xe  Code  Gb  stm32l1xx_it.o [1]
SystemClock_Config       0x800'0e11   0x68  Code  Gb  main.o [1]
SystemCoreClock         0x2000'000c    0x4  Data  Gb  system_stm32l1xx.o [1]
SystemInit               0x800'194d   0x3a  Code  Gb  system_stm32l1xx.o [1]
UART_DMAAbortOnError     0x800'0aa9    0xc  Code  Lc  stm32l1xx_hal_uart.o [1]
UART_EndRxTransfer       0x800'0a8d   0x1c  Code  Lc  stm32l1xx_hal_uart.o [1]
UART_Receive_IT          0x800'0ab5   0x92  Code  Lc  stm32l1xx_hal_uart.o [1]
UART_SetConfig           0x800'0b47   0xac  Code  Lc  stm32l1xx_hal_uart.o [1]
USART1_IRQHandler        0x800'19d3    0x6  Code  Gb  stm32l1xx_it.o [1]
USART2_IRQHandler        0x800'19d9    0x6  Code  Gb  stm32l1xx_it.o [1]
USART3_IRQHandler        0x800'19df    0x6  Code  Gb  stm32l1xx_it.o [1]
UsageFault_Handler       0x800'19bd    0x2  Code  Gb  stm32l1xx_it.o [1]
__NVIC_SetPriority       0x800'07bd   0x1a  Code  Lc  stm32l1xx_hal_cortex.o [1]
__aeabi_memclr4          0x800'0e81         Code  Gb  ABImemclr4.o [3]
__cmain                  0x800'1a79         Code  Gb  cmain.o [3]
__exit                   0x800'1aad   0x14  Code  Gb  exit.o [4]
__iar_Memset4_word       0x800'1591         Code  Gb  ABImemset48.o [3]
__iar_Memset8_word       0x800'1591         Code  Gb  ABImemset48.o [3]
__iar_copy_init3         0x800'1a01   0x2c  Code  Gb  copy_init3.o [3]
__iar_data_init3         0x800'1a2d   0x28  Code  Gb  data_init.o [3]
__iar_program_start      0x800'1ae1         Code  Gb  cstartup_M.o [3]
__iar_zero_init3         0x800'0883   0x3a  Code  Gb  zero_init3.o [3]
__low_level_init         0x800'1a97    0x4  Code  Gb  low_level_init.o [2]
__vector_table           0x800'0000         Data  Gb  startup_stm32l152xca.o [1]
_call_main               0x800'1a85         Code  Gb  cmain.o [3]
_exit                    0x800'1aa1         Code  Gb  cexit.o [3]
_main                    0x800'1a93         Code  Gb  cmain.o [3]
exit                     0x800'1a9b    0x4  Code  Gb  exit.o [2]
hadc                    0x2000'0118   0x54  Data  Gb  adc.o [1]
hcrc                    0x2000'022c    0x8  Data  Gb  crc.o [1]
hspi1                   0x2000'0010   0x58  Data  Gb  spi.o [1]
hspi2                   0x2000'0068   0x58  Data  Gb  spi.o [1]
hspi3                   0x2000'00c0   0x58  Data  Gb  spi.o [1]
huart1                  0x2000'016c   0x40  Data  Gb  usart.o [1]
huart2                  0x2000'01ac   0x40  Data  Gb  usart.o [1]
huart3                  0x2000'01ec   0x40  Data  Gb  usart.o [1]
main                     0x800'0de1   0x30  Code  Gb  main.o [1]
uwTick                  0x2000'0000    0x4  Data  Gb  stm32l1xx_hal.o [1]
uwTickFreq              0x2000'0008    0x4  Data  Gb  stm32l1xx_hal.o [1]
uwTickPrio              0x2000'0004    0x4  Data  Gb  stm32l1xx_hal.o [1]


[1] = F:\zt_2.0\master\bsp\bsp_machine\zt_2.0\EWARM\zt_2.0\Obj
[2] = dl7M_tln.a
[3] = rt7M_tl.a
[4] = shb_l.a

  7 040 bytes of readonly  code memory
     60 bytes of readonly  data memory
  1 588 bytes of readwrite data memory

Errors: none
Warnings: none
