###############################################################################
#
# IAR ELF Linker V8.40.1.212/W32 for ARM                  28/May/2020  18:06:37
# Copyright 2007-2019 IAR Systems AB.
#
#    Output file  =
#        D:\1-WORK\ProjectFiles\PCA_Pump\code\master-new\build\IAR\Debug\Exe\Chemo-PumpV1_0_master.out
#    Map file     =
#        D:\1-WORK\ProjectFiles\PCA_Pump\code\master-new\build\IAR\Debug\List\Chemo-PumpV1_0_master.map
#    Command line =
#        -f C:\Users\MICROP~1\AppData\Local\Temp\EW89F0.tmp
#        (D:\1-WORK\ProjectFiles\PCA_Pump\code\master-new\build\IAR\Debug\Obj\AC.o
#        D:\1-WORK\ProjectFiles\PCA_Pump\code\master-new\build\IAR\Debug\Obj\adc.o
#        D:\1-WORK\ProjectFiles\PCA_Pump\code\master-new\build\IAR\Debug\Obj\alarm.o
#        D:\1-WORK\ProjectFiles\PCA_Pump\code\master-new\build\IAR\Debug\Obj\alarm_play.o
#        D:\1-WORK\ProjectFiles\PCA_Pump\code\master-new\build\IAR\Debug\Obj\app_route.o
#        D:\1-WORK\ProjectFiles\PCA_Pump\code\master-new\build\IAR\Debug\Obj\app_scr_alarm_21000.o
#        D:\1-WORK\ProjectFiles\PCA_Pump\code\master-new\build\IAR\Debug\Obj\app_scr_check_12500.o
#        D:\1-WORK\ProjectFiles\PCA_Pump\code\master-new\build\IAR\Debug\Obj\app_scr_class1.o
#        D:\1-WORK\ProjectFiles\PCA_Pump\code\master-new\build\IAR\Debug\Obj\app_scr_class2.o
#        D:\1-WORK\ProjectFiles\PCA_Pump\code\master-new\build\IAR\Debug\Obj\app_scr_class3.o
#        D:\1-WORK\ProjectFiles\PCA_Pump\code\master-new\build\IAR\Debug\Obj\app_scr_class8.o
#        D:\1-WORK\ProjectFiles\PCA_Pump\code\master-new\build\IAR\Debug\Obj\app_scr_error_22000.o
#        D:\1-WORK\ProjectFiles\PCA_Pump\code\master-new\build\IAR\Debug\Obj\app_scr_exhaust_11200.o
#        D:\1-WORK\ProjectFiles\PCA_Pump\code\master-new\build\IAR\Debug\Obj\app_scr_exhaust_pause.o
#        D:\1-WORK\ProjectFiles\PCA_Pump\code\master-new\build\IAR\Debug\Obj\app_scr_exhaust_start.o
#        D:\1-WORK\ProjectFiles\PCA_Pump\code\master-new\build\IAR\Debug\Obj\app_scr_exhaust_tip_11100.o
#        D:\1-WORK\ProjectFiles\PCA_Pump\code\master-new\build\IAR\Debug\Obj\app_scr_histroy_15100.o
#        D:\1-WORK\ProjectFiles\PCA_Pump\code\master-new\build\IAR\Debug\Obj\app_scr_home_02000.o
#        D:\1-WORK\ProjectFiles\PCA_Pump\code\master-new\build\IAR\Debug\Obj\app_scr_infusion_speed_12400.o
#        D:\1-WORK\ProjectFiles\PCA_Pump\code\master-new\build\IAR\Debug\Obj\app_scr_init_screen.o
#        D:\1-WORK\ProjectFiles\PCA_Pump\code\master-new\build\IAR\Debug\Obj\app_scr_lock_error_34000.o
#        D:\1-WORK\ProjectFiles\PCA_Pump\code\master-new\build\IAR\Debug\Obj\app_scr_lock_method_33000.o
#        D:\1-WORK\ProjectFiles\PCA_Pump\code\master-new\build\IAR\Debug\Obj\app_scr_lock_tip_32000.o
#        D:\1-WORK\ProjectFiles\PCA_Pump\code\master-new\build\IAR\Debug\Obj\app_scr_logo_01000.o
#        D:\1-WORK\ProjectFiles\PCA_Pump\code\master-new\build\IAR\Debug\Obj\app_scr_main_menu_11000.o
#        D:\1-WORK\ProjectFiles\PCA_Pump\code\master-new\build\IAR\Debug\Obj\app_scr_set_14100.o
#        D:\1-WORK\ProjectFiles\PCA_Pump\code\master-new\build\IAR\Debug\Obj\app_scr_set_date_14120.o
#        D:\1-WORK\ProjectFiles\PCA_Pump\code\master-new\build\IAR\Debug\Obj\app_scr_set_dose_12300.o
#        D:\1-WORK\ProjectFiles\PCA_Pump\code\master-new\build\IAR\Debug\Obj\app_scr_set_time_14110.o
#        D:\1-WORK\ProjectFiles\PCA_Pump\code\master-new\build\IAR\Debug\Obj\app_scr_set_year_14130.o
#        D:\1-WORK\ProjectFiles\PCA_Pump\code\master-new\build\IAR\Debug\Obj\app_scr_shutdown_41000.o
#        D:\1-WORK\ProjectFiles\PCA_Pump\code\master-new\build\IAR\Debug\Obj\app_scr_stop_infusion_13100.o
#        D:\1-WORK\ProjectFiles\PCA_Pump\code\master-new\build\IAR\Debug\Obj\app_scr_test_current_max.o
#        D:\1-WORK\ProjectFiles\PCA_Pump\code\master-new\build\IAR\Debug\Obj\app_scr_test_current_min.o
#        D:\1-WORK\ProjectFiles\PCA_Pump\code\master-new\build\IAR\Debug\Obj\app_scr_test_gain.o
#        D:\1-WORK\ProjectFiles\PCA_Pump\code\master-new\build\IAR\Debug\Obj\app_scr_test_minus_offset.o
#        D:\1-WORK\ProjectFiles\PCA_Pump\code\master-new\build\IAR\Debug\Obj\app_scr_test_plus_offset.o
#        D:\1-WORK\ProjectFiles\PCA_Pump\code\master-new\build\IAR\Debug\Obj\app_scr_unlock_password_12100.o
#        D:\1-WORK\ProjectFiles\PCA_Pump\code\master-new\build\IAR\Debug\Obj\app_scr_version_14140.o
#        D:\1-WORK\ProjectFiles\PCA_Pump\code\master-new\build\IAR\Debug\Obj\AutoCycle.o
#        D:\1-WORK\ProjectFiles\PCA_Pump\code\master-new\build\IAR\Debug\Obj\AutoCycle_breaktime.o
#        D:\1-WORK\ProjectFiles\PCA_Pump\code\master-new\build\IAR\Debug\Obj\AutoCycle_effectivetime.o
#        D:\1-WORK\ProjectFiles\PCA_Pump\code\master-new\build\IAR\Debug\Obj\AutoCycle_rate.o
#        D:\1-WORK\ProjectFiles\PCA_Pump\code\master-new\build\IAR\Debug\Obj\AutoCycle_worktime.o
#        D:\1-WORK\ProjectFiles\PCA_Pump\code\master-new\build\IAR\Debug\Obj\battery_AC.o
#        D:\1-WORK\ProjectFiles\PCA_Pump\code\master-new\build\IAR\Debug\Obj\battery_empty.o
#        D:\1-WORK\ProjectFiles\PCA_Pump\code\master-new\build\IAR\Debug\Obj\battery_full.o
#        D:\1-WORK\ProjectFiles\PCA_Pump\code\master-new\build\IAR\Debug\Obj\battery_no.o
#        D:\1-WORK\ProjectFiles\PCA_Pump\code\master-new\build\IAR\Debug\Obj\battery_one.o
#        D:\1-WORK\ProjectFiles\PCA_Pump\code\master-new\build\IAR\Debug\Obj\battery_three.o
#        D:\1-WORK\ProjectFiles\PCA_Pump\code\master-new\build\IAR\Debug\Obj\battery_two.o
#        D:\1-WORK\ProjectFiles\PCA_Pump\code\master-new\build\IAR\Debug\Obj\BKGD.o
#        D:\1-WORK\ProjectFiles\PCA_Pump\code\master-new\build\IAR\Debug\Obj\BKGD_KVORate.o
#        D:\1-WORK\ProjectFiles\PCA_Pump\code\master-new\build\IAR\Debug\Obj\BKGD_Rate.o
#        D:\1-WORK\ProjectFiles\PCA_Pump\code\master-new\build\IAR\Debug\Obj\BKGD_VOL.o
#        D:\1-WORK\ProjectFiles\PCA_Pump\code\master-new\build\IAR\Debug\Obj\clock.o
#        D:\1-WORK\ProjectFiles\PCA_Pump\code\master-new\build\IAR\Debug\Obj\com.o
#        D:\1-WORK\ProjectFiles\PCA_Pump\code\master-new\build\IAR\Debug\Obj\common.o
#        D:\1-WORK\ProjectFiles\PCA_Pump\code\master-new\build\IAR\Debug\Obj\config.o
#        D:\1-WORK\ProjectFiles\PCA_Pump\code\master-new\build\IAR\Debug\Obj\cpu_usage.o
#        D:\1-WORK\ProjectFiles\PCA_Pump\code\master-new\build\IAR\Debug\Obj\crc.o
#        D:\1-WORK\ProjectFiles\PCA_Pump\code\master-new\build\IAR\Debug\Obj\data.o
#        D:\1-WORK\ProjectFiles\PCA_Pump\code\master-new\build\IAR\Debug\Obj\dengxian_regular_14.o
#        D:\1-WORK\ProjectFiles\PCA_Pump\code\master-new\build\IAR\Debug\Obj\dev_def.o
#        D:\1-WORK\ProjectFiles\PCA_Pump\code\master-new\build\IAR\Debug\Obj\display.o
#        D:\1-WORK\ProjectFiles\PCA_Pump\code\master-new\build\IAR\Debug\Obj\do_before_main_loop.o
#        D:\1-WORK\ProjectFiles\PCA_Pump\code\master-new\build\IAR\Debug\Obj\drv_com.o
#        D:\1-WORK\ProjectFiles\PCA_Pump\code\master-new\build\IAR\Debug\Obj\drv_infusion_motor.o
#        D:\1-WORK\ProjectFiles\PCA_Pump\code\master-new\build\IAR\Debug\Obj\drv_interrupt.o
#        D:\1-WORK\ProjectFiles\PCA_Pump\code\master-new\build\IAR\Debug\Obj\drv_isd2360.o
#        D:\1-WORK\ProjectFiles\PCA_Pump\code\master-new\build\IAR\Debug\Obj\drv_key.o
#        D:\1-WORK\ProjectFiles\PCA_Pump\code\master-new\build\IAR\Debug\Obj\drv_lowpower.o
#        D:\1-WORK\ProjectFiles\PCA_Pump\code\master-new\build\IAR\Debug\Obj\drv_oled.o
#        D:\1-WORK\ProjectFiles\PCA_Pump\code\master-new\build\IAR\Debug\Obj\drv_rtc.o
#        D:\1-WORK\ProjectFiles\PCA_Pump\code\master-new\build\IAR\Debug\Obj\drv_sst25_flash.o
#        D:\1-WORK\ProjectFiles\PCA_Pump\code\master-new\build\IAR\Debug\Obj\drv_stf_motor.o
#        D:\1-WORK\ProjectFiles\PCA_Pump\code\master-new\build\IAR\Debug\Obj\dtimer.o
#        D:\1-WORK\ProjectFiles\PCA_Pump\code\master-new\build\IAR\Debug\Obj\error.o
#        D:\1-WORK\ProjectFiles\PCA_Pump\code\master-new\build\IAR\Debug\Obj\ert_channelsADC_Major.o
#        D:\1-WORK\ProjectFiles\PCA_Pump\code\master-new\build\IAR\Debug\Obj\ert_getKeyVector.o
#        D:\1-WORK\ProjectFiles\PCA_Pump\code\master-new\build\IAR\Debug\Obj\ert_RTC.o
#        D:\1-WORK\ProjectFiles\PCA_Pump\code\master-new\build\IAR\Debug\Obj\event.o
#        D:\1-WORK\ProjectFiles\PCA_Pump\code\master-new\build\IAR\Debug\Obj\exhaust.o
#        D:\1-WORK\ProjectFiles\PCA_Pump\code\master-new\build\IAR\Debug\Obj\exhaust_pause.o
#        D:\1-WORK\ProjectFiles\PCA_Pump\code\master-new\build\IAR\Debug\Obj\exhaust_run.o
#        D:\1-WORK\ProjectFiles\PCA_Pump\code\master-new\build\IAR\Debug\Obj\flush_max_dose_selected.o
#        D:\1-WORK\ProjectFiles\PCA_Pump\code\master-new\build\IAR\Debug\Obj\flush_max_dose_unselected.o
#        D:\1-WORK\ProjectFiles\PCA_Pump\code\master-new\build\IAR\Debug\Obj\font_data.o
#        D:\1-WORK\ProjectFiles\PCA_Pump\code\master-new\build\IAR\Debug\Obj\gpio.o
#        D:\1-WORK\ProjectFiles\PCA_Pump\code\master-new\build\IAR\Debug\Obj\greatest.o
#        D:\1-WORK\ProjectFiles\PCA_Pump\code\master-new\build\IAR\Debug\Obj\GUI_X.o
#        D:\1-WORK\ProjectFiles\PCA_Pump\code\master-new\build\IAR\Debug\Obj\GUIConf.o
#        D:\1-WORK\ProjectFiles\PCA_Pump\code\master-new\build\IAR\Debug\Obj\GUIDRV_Template.o
#        D:\1-WORK\ProjectFiles\PCA_Pump\code\master-new\build\IAR\Debug\Obj\heiti_regular_20.o
#        D:\1-WORK\ProjectFiles\PCA_Pump\code\master-new\build\IAR\Debug\Obj\heiti_regular_60.o
#        D:\1-WORK\ProjectFiles\PCA_Pump\code\master-new\build\IAR\Debug\Obj\heiti_regular_88.o
#        D:\1-WORK\ProjectFiles\PCA_Pump\code\master-new\build\IAR\Debug\Obj\history_log.o
#        D:\1-WORK\ProjectFiles\PCA_Pump\code\master-new\build\IAR\Debug\Obj\image_data.o
#        D:\1-WORK\ProjectFiles\PCA_Pump\code\master-new\build\IAR\Debug\Obj\info_select.o
#        D:\1-WORK\ProjectFiles\PCA_Pump\code\master-new\build\IAR\Debug\Obj\info_unselect.o
#        D:\1-WORK\ProjectFiles\PCA_Pump\code\master-new\build\IAR\Debug\Obj\infusion_motor.o
#        D:\1-WORK\ProjectFiles\PCA_Pump\code\master-new\build\IAR\Debug\Obj\infusion_pause.o
#        D:\1-WORK\ProjectFiles\PCA_Pump\code\master-new\build\IAR\Debug\Obj\infusion_run.o
#        D:\1-WORK\ProjectFiles\PCA_Pump\code\master-new\build\IAR\Debug\Obj\infusion_stop.o
#        D:\1-WORK\ProjectFiles\PCA_Pump\code\master-new\build\IAR\Debug\Obj\init.o
#        D:\1-WORK\ProjectFiles\PCA_Pump\code\master-new\build\IAR\Debug\Obj\key.o
#        D:\1-WORK\ProjectFiles\PCA_Pump\code\master-new\build\IAR\Debug\Obj\LCDConf_FlexColor_Template.o
#        D:\1-WORK\ProjectFiles\PCA_Pump\code\master-new\build\IAR\Debug\Obj\led.o
#        D:\1-WORK\ProjectFiles\PCA_Pump\code\master-new\build\IAR\Debug\Obj\left_arrow.o
#        D:\1-WORK\ProjectFiles\PCA_Pump\code\master-new\build\IAR\Debug\Obj\lock.o
#        D:\1-WORK\ProjectFiles\PCA_Pump\code\master-new\build\IAR\Debug\Obj\log_alarm.o
#        D:\1-WORK\ProjectFiles\PCA_Pump\code\master-new\build\IAR\Debug\Obj\log_opeartion.o
#        D:\1-WORK\ProjectFiles\PCA_Pump\code\master-new\build\IAR\Debug\Obj\logo.o
#        D:\1-WORK\ProjectFiles\PCA_Pump\code\master-new\build\IAR\Debug\Obj\main.o
#        D:\1-WORK\ProjectFiles\PCA_Pump\code\master-new\build\IAR\Debug\Obj\main_run.o
#        D:\1-WORK\ProjectFiles\PCA_Pump\code\master-new\build\IAR\Debug\Obj\mid_adc.o
#        D:\1-WORK\ProjectFiles\PCA_Pump\code\master-new\build\IAR\Debug\Obj\mid_common.o
#        D:\1-WORK\ProjectFiles\PCA_Pump\code\master-new\build\IAR\Debug\Obj\mid_rtc.o
#        D:\1-WORK\ProjectFiles\PCA_Pump\code\master-new\build\IAR\Debug\Obj\mode_selected.o
#        D:\1-WORK\ProjectFiles\PCA_Pump\code\master-new\build\IAR\Debug\Obj\mode_unselected.o
#        D:\1-WORK\ProjectFiles\PCA_Pump\code\master-new\build\IAR\Debug\Obj\msg.o
#        D:\1-WORK\ProjectFiles\PCA_Pump\code\master-new\build\IAR\Debug\Obj\mute.o
#        D:\1-WORK\ProjectFiles\PCA_Pump\code\master-new\build\IAR\Debug\Obj\mute_small.o
#        D:\1-WORK\ProjectFiles\PCA_Pump\code\master-new\build\IAR\Debug\Obj\new_task.o
#        D:\1-WORK\ProjectFiles\PCA_Pump\code\master-new\build\IAR\Debug\Obj\param.o
#        D:\1-WORK\ProjectFiles\PCA_Pump\code\master-new\build\IAR\Debug\Obj\passwordchange.o
#        D:\1-WORK\ProjectFiles\PCA_Pump\code\master-new\build\IAR\Debug\Obj\passwordnotchange.o
#        D:\1-WORK\ProjectFiles\PCA_Pump\code\master-new\build\IAR\Debug\Obj\PCA.o
#        D:\1-WORK\ProjectFiles\PCA_Pump\code\master-new\build\IAR\Debug\Obj\PCA_first.o
#        D:\1-WORK\ProjectFiles\PCA_Pump\code\master-new\build\IAR\Debug\Obj\PCA_regular.o
#        D:\1-WORK\ProjectFiles\PCA_Pump\code\master-new\build\IAR\Debug\Obj\PCA_time.o
#        D:\1-WORK\ProjectFiles\PCA_Pump\code\master-new\build\IAR\Debug\Obj\peak_set_select.o
#        D:\1-WORK\ProjectFiles\PCA_Pump\code\master-new\build\IAR\Debug\Obj\peak_set_unselect.o
#        D:\1-WORK\ProjectFiles\PCA_Pump\code\master-new\build\IAR\Debug\Obj\pill_box_install_detect.o
#        D:\1-WORK\ProjectFiles\PCA_Pump\code\master-new\build\IAR\Debug\Obj\poweroffcheck.o
#        D:\1-WORK\ProjectFiles\PCA_Pump\code\master-new\build\IAR\Debug\Obj\pressure_bubble_sensor.o
#        D:\1-WORK\ProjectFiles\PCA_Pump\code\master-new\build\IAR\Debug\Obj\read.o
#        D:\1-WORK\ProjectFiles\PCA_Pump\code\master-new\build\IAR\Debug\Obj\record_log.o
#        D:\1-WORK\ProjectFiles\PCA_Pump\code\master-new\build\IAR\Debug\Obj\record_log_text.o
#        D:\1-WORK\ProjectFiles\PCA_Pump\code\master-new\build\IAR\Debug\Obj\right_arrow.o
#        D:\1-WORK\ProjectFiles\PCA_Pump\code\master-new\build\IAR\Debug\Obj\run_all_test_suite.o
#        D:\1-WORK\ProjectFiles\PCA_Pump\code\master-new\build\IAR\Debug\Obj\run_test.o
#        D:\1-WORK\ProjectFiles\PCA_Pump\code\master-new\build\IAR\Debug\Obj\run_test_after_main.o
#        D:\1-WORK\ProjectFiles\PCA_Pump\code\master-new\build\IAR\Debug\Obj\select_1.o
#        D:\1-WORK\ProjectFiles\PCA_Pump\code\master-new\build\IAR\Debug\Obj\select_2.o
#        D:\1-WORK\ProjectFiles\PCA_Pump\code\master-new\build\IAR\Debug\Obj\selected_pointer.o
#        D:\1-WORK\ProjectFiles\PCA_Pump\code\master-new\build\IAR\Debug\Obj\set_arrow.o
#        D:\1-WORK\ProjectFiles\PCA_Pump\code\master-new\build\IAR\Debug\Obj\setmenu_passwordn.o
#        D:\1-WORK\ProjectFiles\PCA_Pump\code\master-new\build\IAR\Debug\Obj\setmenu_time.o
#        D:\1-WORK\ProjectFiles\PCA_Pump\code\master-new\build\IAR\Debug\Obj\setmenu_unit.o
#        D:\1-WORK\ProjectFiles\PCA_Pump\code\master-new\build\IAR\Debug\Obj\setmenu_version.o
#        D:\1-WORK\ProjectFiles\PCA_Pump\code\master-new\build\IAR\Debug\Obj\simple_alloc.o
#        D:\1-WORK\ProjectFiles\PCA_Pump\code\master-new\build\IAR\Debug\Obj\sound_pause.o
#        D:\1-WORK\ProjectFiles\PCA_Pump\code\master-new\build\IAR\Debug\Obj\spi.o
#        D:\1-WORK\ProjectFiles\PCA_Pump\code\master-new\build\IAR\Debug\Obj\ssz_algorithm.o
#        D:\1-WORK\ProjectFiles\PCA_Pump\code\master-new\build\IAR\Debug\Obj\ssz_block_file.o
#        D:\1-WORK\ProjectFiles\PCA_Pump\code\master-new\build\IAR\Debug\Obj\ssz_common.o
#        D:\1-WORK\ProjectFiles\PCA_Pump\code\master-new\build\IAR\Debug\Obj\ssz_config.o
#        D:\1-WORK\ProjectFiles\PCA_Pump\code\master-new\build\IAR\Debug\Obj\ssz_deque.o
#        D:\1-WORK\ProjectFiles\PCA_Pump\code\master-new\build\IAR\Debug\Obj\ssz_file.o
#        D:\1-WORK\ProjectFiles\PCA_Pump\code\master-new\build\IAR\Debug\Obj\ssz_gpio.o
#        D:\1-WORK\ProjectFiles\PCA_Pump\code\master-new\build\IAR\Debug\Obj\ssz_i2c.o
#        D:\1-WORK\ProjectFiles\PCA_Pump\code\master-new\build\IAR\Debug\Obj\ssz_list.o
#        D:\1-WORK\ProjectFiles\PCA_Pump\code\master-new\build\IAR\Debug\Obj\ssz_locale.o
#        D:\1-WORK\ProjectFiles\PCA_Pump\code\master-new\build\IAR\Debug\Obj\ssz_map.o
#        D:\1-WORK\ProjectFiles\PCA_Pump\code\master-new\build\IAR\Debug\Obj\ssz_nvram.o
#        D:\1-WORK\ProjectFiles\PCA_Pump\code\master-new\build\IAR\Debug\Obj\ssz_precision_tick_time.o
#        D:\1-WORK\ProjectFiles\PCA_Pump\code\master-new\build\IAR\Debug\Obj\ssz_queue.o
#        D:\1-WORK\ProjectFiles\PCA_Pump\code\master-new\build\IAR\Debug\Obj\ssz_record.o
#        D:\1-WORK\ProjectFiles\PCA_Pump\code\master-new\build\IAR\Debug\Obj\ssz_safe_queue.o
#        D:\1-WORK\ProjectFiles\PCA_Pump\code\master-new\build\IAR\Debug\Obj\ssz_sim_i2c.o
#        D:\1-WORK\ProjectFiles\PCA_Pump\code\master-new\build\IAR\Debug\Obj\ssz_simulator_bsp.o
#        D:\1-WORK\ProjectFiles\PCA_Pump\code\master-new\build\IAR\Debug\Obj\ssz_spi.o
#        D:\1-WORK\ProjectFiles\PCA_Pump\code\master-new\build\IAR\Debug\Obj\ssz_stack.o
#        D:\1-WORK\ProjectFiles\PCA_Pump\code\master-new\build\IAR\Debug\Obj\ssz_stm32_hal_bsp.o
#        D:\1-WORK\ProjectFiles\PCA_Pump\code\master-new\build\IAR\Debug\Obj\ssz_stop_watch.o
#        D:\1-WORK\ProjectFiles\PCA_Pump\code\master-new\build\IAR\Debug\Obj\ssz_str_utility.o
#        D:\1-WORK\ProjectFiles\PCA_Pump\code\master-new\build\IAR\Debug\Obj\ssz_tick_time.o
#        D:\1-WORK\ProjectFiles\PCA_Pump\code\master-new\build\IAR\Debug\Obj\ssz_time.o
#        D:\1-WORK\ProjectFiles\PCA_Pump\code\master-new\build\IAR\Debug\Obj\ssz_time_utility.o
#        D:\1-WORK\ProjectFiles\PCA_Pump\code\master-new\build\IAR\Debug\Obj\ssz_timer.o
#        D:\1-WORK\ProjectFiles\PCA_Pump\code\master-new\build\IAR\Debug\Obj\ssz_uart.o
#        D:\1-WORK\ProjectFiles\PCA_Pump\code\master-new\build\IAR\Debug\Obj\ssz_ui_config.o
#        D:\1-WORK\ProjectFiles\PCA_Pump\code\master-new\build\IAR\Debug\Obj\ssz_utility.o
#        D:\1-WORK\ProjectFiles\PCA_Pump\code\master-new\build\IAR\Debug\Obj\ssz_vector.o
#        D:\1-WORK\ProjectFiles\PCA_Pump\code\master-new\build\IAR\Debug\Obj\startup_stm32l152xca.o
#        D:\1-WORK\ProjectFiles\PCA_Pump\code\master-new\lib\emwin\Lib\STemWin_CM3_wc32.a
#        D:\1-WORK\ProjectFiles\PCA_Pump\code\master-new\build\IAR\Debug\Obj\stm32l1xx_hal.o
#        D:\1-WORK\ProjectFiles\PCA_Pump\code\master-new\build\IAR\Debug\Obj\stm32l1xx_hal_adc.o
#        D:\1-WORK\ProjectFiles\PCA_Pump\code\master-new\build\IAR\Debug\Obj\stm32l1xx_hal_adc_ex.o
#        D:\1-WORK\ProjectFiles\PCA_Pump\code\master-new\build\IAR\Debug\Obj\stm32l1xx_hal_cortex.o
#        D:\1-WORK\ProjectFiles\PCA_Pump\code\master-new\build\IAR\Debug\Obj\stm32l1xx_hal_crc.o
#        D:\1-WORK\ProjectFiles\PCA_Pump\code\master-new\build\IAR\Debug\Obj\stm32l1xx_hal_dma.o
#        D:\1-WORK\ProjectFiles\PCA_Pump\code\master-new\build\IAR\Debug\Obj\stm32l1xx_hal_flash.o
#        D:\1-WORK\ProjectFiles\PCA_Pump\code\master-new\build\IAR\Debug\Obj\stm32l1xx_hal_flash_ex.o
#        D:\1-WORK\ProjectFiles\PCA_Pump\code\master-new\build\IAR\Debug\Obj\stm32l1xx_hal_flash_ramfunc.o
#        D:\1-WORK\ProjectFiles\PCA_Pump\code\master-new\build\IAR\Debug\Obj\stm32l1xx_hal_gpio.o
#        D:\1-WORK\ProjectFiles\PCA_Pump\code\master-new\build\IAR\Debug\Obj\stm32l1xx_hal_msp.o
#        D:\1-WORK\ProjectFiles\PCA_Pump\code\master-new\build\IAR\Debug\Obj\stm32l1xx_hal_pwr.o
#        D:\1-WORK\ProjectFiles\PCA_Pump\code\master-new\build\IAR\Debug\Obj\stm32l1xx_hal_pwr_ex.o
#        D:\1-WORK\ProjectFiles\PCA_Pump\code\master-new\build\IAR\Debug\Obj\stm32l1xx_hal_rcc.o
#        D:\1-WORK\ProjectFiles\PCA_Pump\code\master-new\build\IAR\Debug\Obj\stm32l1xx_hal_rcc_ex.o
#        D:\1-WORK\ProjectFiles\PCA_Pump\code\master-new\build\IAR\Debug\Obj\stm32l1xx_hal_spi.o
#        D:\1-WORK\ProjectFiles\PCA_Pump\code\master-new\build\IAR\Debug\Obj\stm32l1xx_hal_tim.o
#        D:\1-WORK\ProjectFiles\PCA_Pump\code\master-new\build\IAR\Debug\Obj\stm32l1xx_hal_tim_ex.o
#        D:\1-WORK\ProjectFiles\PCA_Pump\code\master-new\build\IAR\Debug\Obj\stm32l1xx_hal_uart.o
#        D:\1-WORK\ProjectFiles\PCA_Pump\code\master-new\build\IAR\Debug\Obj\stm32l1xx_it.o
#        D:\1-WORK\ProjectFiles\PCA_Pump\code\master-new\build\IAR\Debug\Obj\stop_infusion.o
#        D:\1-WORK\ProjectFiles\PCA_Pump\code\master-new\build\IAR\Debug\Obj\stop_watch.o
#        D:\1-WORK\ProjectFiles\PCA_Pump\code\master-new\build\IAR\Debug\Obj\string_data.o
#        D:\1-WORK\ProjectFiles\PCA_Pump\code\master-new\build\IAR\Debug\Obj\sys_power.o
#        D:\1-WORK\ProjectFiles\PCA_Pump\code\master-new\build\IAR\Debug\Obj\system_setting.o
#        D:\1-WORK\ProjectFiles\PCA_Pump\code\master-new\build\IAR\Debug\Obj\system_stm32l1xx.o
#        D:\1-WORK\ProjectFiles\PCA_Pump\code\master-new\build\IAR\Debug\Obj\test_app_sleep.o
#        D:\1-WORK\ProjectFiles\PCA_Pump\code\master-new\build\IAR\Debug\Obj\test_data.o
#        D:\1-WORK\ProjectFiles\PCA_Pump\code\master-new\build\IAR\Debug\Obj\test_drv_lowpower.o
#        D:\1-WORK\ProjectFiles\PCA_Pump\code\master-new\build\IAR\Debug\Obj\test_drv_oled.o
#        D:\1-WORK\ProjectFiles\PCA_Pump\code\master-new\build\IAR\Debug\Obj\test_drv_rtc.o
#        D:\1-WORK\ProjectFiles\PCA_Pump\code\master-new\build\IAR\Debug\Obj\test_drv_sst25_flash.o
#        D:\1-WORK\ProjectFiles\PCA_Pump\code\master-new\build\IAR\Debug\Obj\test_hardware_ljl.o
#        D:\1-WORK\ProjectFiles\PCA_Pump\code\master-new\build\IAR\Debug\Obj\test_record_log.o
#        D:\1-WORK\ProjectFiles\PCA_Pump\code\master-new\build\IAR\Debug\Obj\test_ssz_algorithm.o
#        D:\1-WORK\ProjectFiles\PCA_Pump\code\master-new\build\IAR\Debug\Obj\test_ssz_str_utility.o
#        D:\1-WORK\ProjectFiles\PCA_Pump\code\master-new\build\IAR\Debug\Obj\test_ssz_time.o
#        D:\1-WORK\ProjectFiles\PCA_Pump\code\master-new\build\IAR\Debug\Obj\test_ssz_time_utility.o
#        D:\1-WORK\ProjectFiles\PCA_Pump\code\master-new\build\IAR\Debug\Obj\test_ui.o
#        D:\1-WORK\ProjectFiles\PCA_Pump\code\master-new\build\IAR\Debug\Obj\test_ui_view.o
#        D:\1-WORK\ProjectFiles\PCA_Pump\code\master-new\build\IAR\Debug\Obj\three_valve_motor.o
#        D:\1-WORK\ProjectFiles\PCA_Pump\code\master-new\build\IAR\Debug\Obj\tim.o
#        D:\1-WORK\ProjectFiles\PCA_Pump\code\master-new\build\IAR\Debug\Obj\time_select.o
#        D:\1-WORK\ProjectFiles\PCA_Pump\code\master-new\build\IAR\Debug\Obj\time_unselect.o
#        D:\1-WORK\ProjectFiles\PCA_Pump\code\master-new\build\IAR\Debug\Obj\timer.o
#        D:\1-WORK\ProjectFiles\PCA_Pump\code\master-new\build\IAR\Debug\Obj\ui_common.o
#        D:\1-WORK\ProjectFiles\PCA_Pump\code\master-new\build\IAR\Debug\Obj\ui_draw.o
#        D:\1-WORK\ProjectFiles\PCA_Pump\code\master-new\build\IAR\Debug\Obj\ui_utility.o
#        D:\1-WORK\ProjectFiles\PCA_Pump\code\master-new\build\IAR\Debug\Obj\unlockfail.o
#        D:\1-WORK\ProjectFiles\PCA_Pump\code\master-new\build\IAR\Debug\Obj\unselected_pointer.o
#        D:\1-WORK\ProjectFiles\PCA_Pump\code\master-new\build\IAR\Debug\Obj\usart.o
#        D:\1-WORK\ProjectFiles\PCA_Pump\code\master-new\build\IAR\Debug\Obj\version.o
#        D:\1-WORK\ProjectFiles\PCA_Pump\code\master-new\build\IAR\Debug\Obj\vibrater_motor.o
#        D:\1-WORK\ProjectFiles\PCA_Pump\code\master-new\build\IAR\Debug\Obj\voice.o
#        D:\1-WORK\ProjectFiles\PCA_Pump\code\master-new\build\IAR\Debug\Obj\warning.o
#        D:\1-WORK\ProjectFiles\PCA_Pump\code\master-new\build\IAR\Debug\Obj\warning_common.o
#        D:\1-WORK\ProjectFiles\PCA_Pump\code\master-new\build\IAR\Debug\Obj\widget_image.o
#        D:\1-WORK\ProjectFiles\PCA_Pump\code\master-new\build\IAR\Debug\Obj\widget_text.o
#        D:\1-WORK\ProjectFiles\PCA_Pump\code\master-new\build\IAR\Debug\Obj\write.o
#        --no_out_extension -o
#        D:\1-WORK\ProjectFiles\PCA_Pump\code\master-new\build\IAR\Debug\Exe\Chemo-PumpV1_0_master.out
#        --map
#        D:\1-WORK\ProjectFiles\PCA_Pump\code\master-new\build\IAR\Debug\List\Chemo-PumpV1_0_master.map
#        --config
#        D:\1-WORK\ProjectFiles\PCA_Pump\code\master-new\build\IAR\Chemo-PumpV1_0_master.icf
#        --semihosting --entry __iar_program_start --vfe --text_out locale)
#
###############################################################################

*******************************************************************************
*** RUNTIME MODEL ATTRIBUTES
***

CppFlavor        = *
__CPP_Exceptions = Disabled
__CPP_Language   = C++14
__SystemLibrary  = DLib
__dlib_version   = 6


*******************************************************************************
*** HEAP SELECTION
***

The basic heap was selected because no calls to memory allocation
functions were found in the application outside of system library
functions, and there are calls to deallocation functions in the
application.


*******************************************************************************
*** PLACEMENT SUMMARY
***

"A0":  place at address 0x800'0000 { ro section .intvec };
"P1":  place in [from 0x800'0000 to 0x803'ffff] { ro };
define block CSTACK with size = 8K, alignment = 8 { };
define block HEAP with size = 1K, alignment = 8 { };
"P2":  place in [from 0x2000'0000 to 0x2000'7fff] {
          rw, block CSTACK, block HEAP };
initialize by copy { rw };

No sections matched the following patterns:

  section .eeprom  in "P3"


  Section                 Kind         Address      Size  Object
  -------                 ----         -------      ----  ------
"A0":                                              0x124
  .intvec                 ro code   0x800'0000     0x124  startup_stm32l152xca.o [1]
                                  - 0x800'0124     0x124

"P1":                                           0x3'dea1
  .rodata                 const     0x800'0124    0x2000  AutoCycle.o [1]
  .rodata                 const     0x800'2124    0x2000  AutoCycle_breaktime.o [1]
  .rodata                 const     0x800'4124    0x2000  AutoCycle_effectivetime.o [1]
  .rodata                 const     0x800'6124    0x2000  AutoCycle_rate.o [1]
  .rodata                 const     0x800'8124    0x2000  AutoCycle_worktime.o [1]
  .rodata                 const     0x800'a124    0x2000  BKGD.o [1]
  .rodata                 const     0x800'c124    0x2000  BKGD_KVORate.o [1]
  .rodata                 const     0x800'e124    0x2000  BKGD_Rate.o [1]
  .rodata                 const     0x801'0124    0x2000  BKGD_VOL.o [1]
  .rodata                 const     0x801'2124    0x2000  PCA.o [1]
  .rodata                 const     0x801'4124    0x2000  PCA_first.o [1]
  .rodata                 const     0x801'6124    0x2000  PCA_regular.o [1]
  .rodata                 const     0x801'8124    0x2000  PCA_time.o [1]
  .rodata                 const     0x801'a124    0x2000  setmenu_version.o [1]
  .text                   ro code   0x801'c124     0xfaa  xprintffull_nomb.o [3]
  .text.GUI__MixColors    ro code   0x801'd0ce      0x5a  GUI__Alpha.o [2]
  .text                   ro code   0x801'd128      0x16  strchr.o [5]
  .text                   ro code   0x801'd13e      0x3a  zero_init3.o [5]
  .text                   ro code   0x801'd178      0x40  xfail_s.o [3]
  .text                   ro code   0x801'd1b8      0x36  strlen.o [5]
  .text.GUIMONO_IsInFont  ro code   0x801'd1ee      0x36  GUI_CharM.o [2]
  .text                   ro code   0x801'd224      0x58  memchr.o [5]
  .text                   ro code   0x801'd27c      0xa6  ABImemcpy.o [5]
  .text                   ro code   0x801'd322      0x1a  xsnprout.o [3]
  .text                   ro code   0x801'd33c      0x70  frexp.o [4]
  .text                   ro code   0x801'd3ac      0x2e  DblCmpLe.o [4]
  .text._Color2Index_4    ro code   0x801'd3da      0x1a  GUICC_4.o [2]
  .text                   ro code   0x801'd3f4      0x2e  DblCmpGe.o [4]
  .text                   ro code   0x801'd422       0xa  xsprout.o [3]
  .text                   ro code   0x801'd42c     0x13a  ldexp.o [4]
  .text._GetDevProp       ro code   0x801'd566       0xa  GUIDEV_32.o [2]
  .text                   ro code   0x801'd570      0x3a  DblToS32.o [4]
  .text.GUIMONO_GetFontInfo
                          ro code   0x801'd5aa       0x6  GUI_CharM.o [2]
  .text                   ro code   0x801'd5b0      0x22  S32ToDbl.o [4]
  .text.GUIPROP_GetFontInfo
                          ro code   0x801'd5d2       0x6  GUI_CharP.o [2]
  .text                   ro code   0x801'd5d8      0xe2  DblSub.o [4]
  .text._Encode           ro code   0x801'd6ba       0x6  GUI_UC_EncodeNone.o [2]
  .text                   ro code   0x801'd6c0     0x246  DblDiv.o [4]
  .text._GetIndexMask_8888
                          ro code   0x801'd906       0x6  GUICC_8888.o [2]
  .text                   ro code   0x801'd90c      0x28  DblToU32.o [4]
  .text                   ro code   0x801'd934      0x1a  U32ToDbl.o [4]
  .text.LCD_Index2Color_888
                          ro code   0x801'd94e       0x2  GUICC_888_Index2Color.o [2]
  .text                   ro code   0x801'd950     0x1a2  DblMul.o [4]
  .text.LCD_Index2Color_8888
                          ro code   0x801'daf2       0x2  GUICC_8888_Index2Color.o [2]
  .text                   ro code   0x801'daf4     0x230  I64DivMod.o [5]
  .text                   ro code   0x801'dd24       0x6  abort.o [3]
  .text._Color2Index_8888
                          ro code   0x801'dd2a       0x2  GUICC_8888.o [2]
  .text                   ro code   0x801'dd2c     0x16a  DblAdd.o [4]
  .text._Log2VisBuffered  ro code   0x801'de96       0x2  GUI_CharLine.o [2]
  .text                   ro code   0x801'de98       0x2  I64DivZer.o [5]
  .rodata                 const     0x801'de9a       0x1  string_data.o [1]
  .rodata                 const     0x801'de9b       0x1  unwind_debug.o [6]
  .text                   ro code   0x801'de9c      0x14  exit.o [6]
  .text                   ro code   0x801'deb0     0xb00  stm32l1xx_hal_rcc.o [1]
  .text                   ro code   0x801'e9b0      0xc0  main.o [1]
  .text                   ro code   0x801'ea70       0xc  stm32l1xx_hal.o [1]
  .text                   ro code   0x801'ea7c      0x5c  stm32l1xx_hal.o [1]
  .text                   ro code   0x801'ead8      0x22  stm32l1xx_hal.o [1]
  .rodata.str1.1          const     0x801'eafa       0x1  GUI__Private.o [2]
  .text                   ro code   0x801'eafc     0x234  gpio.o [1]
  .text                   ro code   0x801'ed30     0x140  adc.o [1]
  .text                   ro code   0x801'ee70      0x44  crc.o [1]
  .text                   ro code   0x801'eeb4     0x204  spi.o [1]
  .text                   ro code   0x801'f0b8     0x1f8  usart.o [1]
  .text                   ro code   0x801'f2b0     0x1a4  main_run.o [1]
  .text                   ro code   0x801'f454      0x14  memset.o [5]
  .text                   ro code   0x801'f468     0x194  stm32l1xx_hal_cortex.o [1]
  .text                   ro code   0x801'f5fc      0x48  stm32l1xx_hal_msp.o [1]
  .text                   ro code   0x801'f644     0x45c  stm32l1xx_hal_gpio.o [1]
  .text                   ro code   0x801'faa0     0x808  stm32l1xx_hal_adc.o [1]
  .text                   ro code   0x802'02a8      0x40  stm32l1xx_hal_crc.o [1]
  .text                   ro code   0x802'02e8     0x8ac  stm32l1xx_hal_spi.o [1]
  .text                   ro code   0x802'0b94     0x6b4  stm32l1xx_hal_uart.o [1]
  .text                   ro code   0x802'1248      0xfc  com.o [1]
  .text                   ro code   0x802'1344      0xfc  event.o [1]
  .text.GUI_Clear         ro code   0x802'1440      0x20  GUI_Core.o [2]
  .text.WM_DefaultProc    ro code   0x802'1460      0x48  WM.o [2]
  .text                   ro code   0x802'14a8      0xf0  app_route.o [1]
  .text                   ro code   0x802'1598      0x7c  init.o [1]
  .text                   ro code   0x802'1614      0x54  ssz_config.o [1]
  .text                   ro code   0x802'1668      0x28  printf.o [3]
  .text                   ro code   0x802'1690       0x8  version.o [1]
  .text                   ro code   0x802'1698      0x1e  do_before_main_loop.o [1]
  .text                   ro code   0x802'16b6       0x2  run_test_after_main.o [1]
  .text.GUI_Init          ro code   0x802'16b8      0xf8  GUI_Core.o [2]
  .text.GUI_UC_SetEncodeUTF8
                          ro code   0x802'17b0      0x10  GUI_UC_EncodeUTF8.o [2]
  .text.GUI_SetBkColor    ro code   0x802'17c0       0x4  GUI_Common.o [2]
  .text.WM_GetDesktopWindow
                          ro code   0x802'17c4      0x18  WM_Lib.o [2]
  .text.WM_SetCallback    ro code   0x802'17dc      0x2c  WM_Lib.o [2]
  .text.GUI_SetColor      ro code   0x802'1808       0x4  GUI_Common.o [2]
  .text                   ro code   0x802'180c     0x18c  timer.o [1]
  .text.GUI_Exec          ro code   0x802'1998      0x12  GUI_Common.o [2]
  .text                   ro code   0x802'19ac      0x66  ABImemset.o [5]
  .text                   ro code   0x802'1a14      0x58  stm32l1xx_hal_dma.o [1]
  .text                   ro code   0x802'1a6c      0x3c  drv_com.o [1]
  .text                   ro code   0x802'1aa8       0x2  stm32l1xx_hal_uart.o [1]
  .text                   ro code   0x802'1aaa       0x2  stm32l1xx_hal_uart.o [1]
  .text                   ro code   0x802'1aac      0xf8  ssz_file.o [1]
  .text.GUI_GotoXY        ro code   0x802'1ba4      0x10  GUI_Common.o [2]
  .text.GUI_ClearRect     ro code   0x802'1bb4      0x64  GUI_Core.o [2]
  .text.WM__GetClientRectEx
                          ro code   0x802'1c18      0x22  WM__Private.o [2]
  .text.WM_InvalidateWindow
                          ro code   0x802'1c3a       0x6  WM.o [2]
  .text.WM_SendToParent   ro code   0x802'1c40      0x1c  WM_Lib.o [2]
  .text                   ro code   0x802'1c5c      0x1c  ssz_locale.o [1]
  .text                   ro code   0x802'1c78      0x7c  font_data.o [1]
  .text                   ro code   0x802'1cf4      0xd4  string_data.o [1]
  .text                   ro code   0x802'1dc8      0x28  ssz_ui_config.o [1]
  .text                   ro code   0x802'1df0      0x28  sys_power.o [1]
  .text                   ro code   0x802'1e18       0x2  dev_def.o [1]
  .text                   ro code   0x802'1e1c      0x28  drv_stf_motor.o [1]
  .text                   ro code   0x802'1e44      0x1c  mid_adc.o [1]
  .text                   ro code   0x802'1e60     0x56c  drv_rtc.o [1]
  .text                   ro code   0x802'23cc     0x52c  drv_oled.o [1]
  .text                   ro code   0x802'28f8      0xfc  msg.o [1]
  .text                   ro code   0x802'29f4     0x1ac  mid_rtc.o [1]
  .text                   ro code   0x802'2ba0      0x20  stop_watch.o [1]
  .text                   ro code   0x802'2bc0      0x24  pill_box_install_detect.o [1]
  .text                   ro code   0x802'2be4     0x2d4  display.o [1]
  .text                   ro code   0x802'2eb8      0xdc  ssz_tick_time.o [1]
  .text                   ro code   0x802'2f94      0x24  ABIassert.o [6]
  .text                   ro code   0x802'2fb8       0xc  mid_common.o [1]
  .text.GUI__Config       ro code   0x802'2fc4      0x94  GUI_Core.o [2]
  .text                   ro code   0x802'3058       0x2  GUI_X.o [1]
  .text._InitContext      ro code   0x802'305c      0x84  GUI_Core.o [2]
  .text.emWin_LCD_Init    ro code   0x802'30e0      0xa4  LCD.o [2]
  .text.LCD_GetXSizeDisplay
                          ro code   0x802'3184       0xc  LCD_GetEx.o [2]
  .text.LCD_GetYSizeDisplay
                          ro code   0x802'3190       0xc  LCD_GetEx.o [2]
  .text.LCD_GetXSizeMax   ro code   0x802'319c       0x6  LCD_GetEx.o [2]
  .text.LCD_GetYSizeMax   ro code   0x802'31a2       0x6  LCD_GetEx.o [2]
  .text.LCD_SetDisplaySize
                          ro code   0x802'31a8       0xc  LCD_GetEx.o [2]
  .text.GUI_SetOrg        ro code   0x802'31b4      0x38  GUI_Common.o [2]
  .text.WM_Init           ro code   0x802'31ec      0xf0  WM.o [2]
  .text.LCD_SetBkColor    ro code   0x802'32dc       0xc  LCD.o [2]
  .text.GUI_ALLOC_LockH   ro code   0x802'32e8      0x1c  GUI_Alloc.o [2]
  .text.GUI_ALLOC_UnlockH
                          ro code   0x802'3304      0x30  GUI_Alloc.o [2]
  .text.LCD_SetColor      ro code   0x802'3334       0xc  LCD.o [2]
  .text.GUI_Exec1         ro code   0x802'3340      0x40  GUI_Common.o [2]
  .text                   ro code   0x802'3380       0xe  ssz_common.o [1]
  .text.LCD_SetDrawMode   ro code   0x802'3390       0xc  LCD.o [2]
  .text.WM__InitIVRSearch
                          ro code   0x802'339c     0x100  WM.o [2]
  .text.LCD_FillRect      ro code   0x802'349c      0x58  LCD.o [2]
  .text.WM__GetNextIVR    ro code   0x802'34f4     0x184  WM.o [2]
  .text.WM__GetClientRectWin
                          ro code   0x802'3678      0x18  WM.o [2]
  .text.WM_InvalidateRect
                          ro code   0x802'3690      0x78  WM.o [2]
  .text.WM_GetParent      ro code   0x802'3708      0x10  WM_Lib.o [2]
  .text.WM__SendMessage   ro code   0x802'3718      0x3c  WM__Private.o [2]
  .text                   ro code   0x802'3754     0x1cc  ui_draw.o [1]
  .text                   ro code   0x802'3920     0x468  ssz_sim_i2c.o [1]
  .text                   ro code   0x802'3d88      0x3e  ssz_utility.o [1]
  .text                   ro code   0x802'3dc8     0x12e  ssz_stm32_hal_bsp.o [1]
  .text                   ro code   0x802'3ef8      0xb0  ssz_spi.o [1]
  .text                   ro code   0x802'3fa8      0x28  ssz_queue.o [1]
  .text                   ro code   0x802'3fd0     0x5a0  ssz_deque.o [1]
  .text                   ro code   0x802'4570      0x68  memcmp.o [5]
  .text                   ro code   0x802'45d8      0x10  common.o [1]
  .text                   ro code   0x802'45e8     0x1f0  alarm.o [1]
  .text                   ro code   0x802'47d8      0x7c  ssz_time_utility.o [1]
  .text                   ro code   0x802'4854       0x6  ssz_stop_watch.o [1]
  .text                   ro code   0x802'485a      0xa4  ui_utility.o [1]
  .text                   ro code   0x802'4900      0x44  snprintf.o [3]
  .text.GUI_GetVersionString
                          ro code   0x802'4944      0x18  GUI_Common.o [2]
  .text                   ro code   0x802'495c      0x1c  GUIConf.o [1]
  .text                   ro code   0x802'4978      0x44  LCDConf_FlexColor_Template.o [1]
  .text.GUI__RegisterExit
                          ro code   0x802'49bc      0x24  GUI_Core.o [2]
  .text.LCD_SetClipRectMax
                          ro code   0x802'49e0      0x1c  LCD.o [2]
  .text.LCD_InitColors    ro code   0x802'49fc      0x3c  LCD_Color.o [2]
  .text.GUI_DEVICE__GetpDriver
                          ro code   0x802'4a38      0x20  GUI_Device.o [2]
  .text.LCD_InitLUT       ro code   0x802'4a58      0x88  LCD_Color.o [2]
  .text.GUI_SelectLayer   ro code   0x802'4ae0      0x2c  GUI_SelectLayer.o [2]
  .text._GetMaxValue      ro code   0x802'4b0c      0x22  LCD_GetEx.o [2]
  .text.WM_CreateWindowAsChild
                          ro code   0x802'4b30     0x160  WM.o [2]
  .text.WM__AddCriticalHandle
                          ro code   0x802'4c90      0x10  WM__Private.o [2]
  .text.WM_SelectWindow   ro code   0x802'4ca0      0x40  WM.o [2]
  .text.WM_Activate       ro code   0x802'4ce0      0x10  WM.o [2]
  .text.GUI_ALLOC_h2p     ro code   0x802'4cf0      0x14  GUI_Alloc.o [2]
  .text.WM_Exec           ro code   0x802'4d04      0x78  WM.o [2]
  .text.WM__ActivateClipRect
                          ro code   0x802'4d7c      0x48  WM.o [2]
  .text.GUI__IntersectRect
                          ro code   0x802'4dc4      0x3a  GUI__Private.o [2]
  .text.WM__Client2Screen
                          ro code   0x802'4dfe      0x10  WM.o [2]
  .text.WM__ClipAtParentBorders
                          ro code   0x802'4e10      0x58  WM.o [2]
  .text._Findy1           ro code   0x802'4e68      0xa6  WM.o [2]
  .text._Findx0           ro code   0x802'4f0e      0x86  WM.o [2]
  .text._Findx1           ro code   0x802'4f94      0x72  WM.o [2]
  .text.WM__InvalidateDrawAndDescs
                          ro code   0x802'5008      0x50  WM.o [2]
  .text.WM__InvalidateRectEx
                          ro code   0x802'5058       0x6  WM.o [2]
  .text.WM__Invalidate1Abs
                          ro code   0x802'505e       0x6  WM.o [2]
  .text                   ro code   0x802'5064     0x38c  ssz_list.o [1]
  .text.GUI_ALLOC_AssignMemory
                          ro code   0x802'53f0      0x10  GUI_Alloc.o [2]
  .text.GUI_SetDefaultFont
                          ro code   0x802'5400       0xc  GUI_Core.o [2]
  .text.GUI_DEVICE_CreateAndLink
                          ro code   0x802'540c      0x28  GUI_Device.o [2]
  .text.LCD_SetSizeEx     ro code   0x802'5434      0x30  LCD_Set.o [2]
  .text.LCD_SetVSizeEx    ro code   0x802'5464      0x30  LCD_Set.o [2]
  .text.GUI_ALLOC_GetFixedBlock
                          ro code   0x802'5494      0xa4  GUI_Alloc.o [2]
  .text.LCD_GetNumLayers  ro code   0x802'5538      0x1e  LCD_GetNumDisplays.o [2]
  .text.LCD_GetBitsPerPixelEx
                          ro code   0x802'5556       0x6  LCD_GetEx.o [2]
  .text.LCD_GetNumColorsEx
                          ro code   0x802'555c       0x6  LCD_GetEx.o [2]
  .text.LCD_Index2Color   ro code   0x802'5564      0x1c  LCD.o [2]
  .text.LCD_SetLUTEntryEx
                          ro code   0x802'5580      0x30  LCD_Set.o [2]
  .text.GUI_SelectLCD     ro code   0x802'55b0      0x12  GUI_Common.o [2]
  .text._GetDevProp       ro code   0x802'55c2      0x1e  LCD_GetEx.o [2]
  .text.GUI_ALLOC_AllocZero
                          ro code   0x802'55e0      0x30  GUI_Alloc.o [2]
  .text.WM__InsertWindowIntoList
                          ro code   0x802'5610      0xac  WM.o [2]
  .text.WM_BringToBottom  ro code   0x802'56bc      0x86  WM_Lib.o [2]
  .text.WM__SendMsgNoData
                          ro code   0x802'5742      0x16  WM.o [2]
  .text.WM__SelectTopLevelLayer
                          ro code   0x802'5758      0x14  WM.o [2]
  .text._Exec1Input       ro code   0x802'576c      0x84  WM.o [2]
  .text._Exec1Draw        ro code   0x802'57f0      0x8c  WM.o [2]
  .text.GUI__ManageCache  ro code   0x802'587c      0x10  GUI__ManageCache.o [2]
  .text._SetClipRectUserIntersect
                          ro code   0x802'588c      0x50  WM.o [2]
  .text.GUI_MoveRect      ro code   0x802'58dc      0x20  GUI_Common.o [2]
  .text.GUI__IntersectRects
                          ro code   0x802'58fc      0x56  GUI__Private.o [2]
  .text.GUI_RectsIntersect
                          ro code   0x802'5952      0x3a  GUI_Common.o [2]
  .text.GUI_MEMDEV_Delete
                          ro code   0x802'598c      0x44  GUIDEV.o [2]
  .text.WM_GetFirstChild  ro code   0x802'59d0      0x10  WM_Lib.o [2]
  .text.WM__InvalidateRect
                          ro code   0x802'59e0      0x76  WM.o [2]
  .text._Invalidate1Abs   ro code   0x802'5a58      0xa0  WM.o [2]
  .text.GUI_DEVICE_Create
                          ro code   0x802'5af8      0x4c  GUI_Device.o [2]
  .text.GUI_DEVICE_Link   ro code   0x802'5b44      0x84  GUI_Device.o [2]
  .text._InitOnce         ro code   0x802'5bc8      0x68  GUI_Alloc.o [2]
  .text._RemoveHoles      ro code   0x802'5c30      0x98  GUI_Alloc.o [2]
  .text._RemoveFreeBlock  ro code   0x802'5cc8      0x40  GUI_Alloc.o [2]
  .text._AddFreeMemory    ro code   0x802'5d08      0xa4  GUI_Alloc.o [2]
  .text.LCD_SelectLCD     ro code   0x802'5dac      0x40  LCD_SelectLCD.o [2]
  .text.LCD_UpdateColorIndices
                          ro code   0x802'5dec      0x24  LCD_UpdateColorIndices.o [2]
  .text.GUI_ALLOC_AllocNoInit
                          ro code   0x802'5e10       0x8  GUI_Alloc.o [2]
  .text.WM__GetPrevSibling
                          ro code   0x802'5e18      0x26  WM__Private.o [2]
  .text.WM__GetTopLevelLayer
                          ro code   0x802'5e40      0x28  WM.o [2]
  .text.WM_DeleteWindow   ro code   0x802'5e68     0x118  WM.o [2]
  .text.GUI_PollKeyMsg    ro code   0x802'5f80      0x30  GUI_OnKey.o [2]
  .text.GUI_SaveContext_W
                          ro code   0x802'5fb0      0x14  GUI_Common.o [2]
  .text.WM__Paint         ro code   0x802'5fc4      0xb4  WM.o [2]
  .text.GUI_RestoreContext
                          ro code   0x802'6078      0x14  GUI_Common.o [2]
  .text.GUI__ManageCacheEx
                          ro code   0x802'608c      0xdc  GUI__ManageCache.o [2]
  .text.LCD_SetClipRectEx
                          ro code   0x802'6168      0x30  LCD_SetClipRectEx.o [2]
  .text.GUI_USAGE_DecUseCnt
                          ro code   0x802'6198      0x28  GUIDEV_Usage.o [2]
  .text.GUI_DEVICE_Delete
                          ro code   0x802'61c0       0x4  GUI_Device.o [2]
  .text.GUI_ALLOC_Free    ro code   0x802'61c4      0x28  GUI_Alloc.o [2]
  .text.WM_InvalidateWindowAndDescsEx
                          ro code   0x802'61ec      0x64  WM.o [2]
  .text.WM__RectIsNZ      ro code   0x802'6250      0x22  WM.o [2]
  .text.GUI_MergeRect     ro code   0x802'6272      0x56  GUI_Common.o [2]
  .text.GUI_SignalEvent   ro code   0x802'62c8      0x10  GUI_WaitEvent.o [2]
  .text._EnlargeBlocks    ro code   0x802'62d8      0x9c  GUI_Alloc.o [2]
  .text                   ro code   0x802'6374       0xc  memmove.o [5]
  .text.GUI_DEVICE_Unlink
                          ro code   0x802'6380      0x30  GUI_Device.o [2]
  .text.LCD_Color2Index   ro code   0x802'63b0      0x1c  LCD.o [2]
  .text.LCD_SetColorIndex
                          ro code   0x802'63cc      0x18  LCD.o [2]
  .text.LCD_SetBkColorIndex
                          ro code   0x802'63e4      0x18  LCD.o [2]
  .text._Alloc            ro code   0x802'63fc      0xf0  GUI_Alloc.o [2]
  .text.WM__GetFirstSibling
                          ro code   0x802'64ec      0x12  WM__Private.o [2]
  .text.WM__IsWindow      ro code   0x802'6500      0x20  WM.o [2]
  .text.WM__DeleteAssocTimer
                          ro code   0x802'6520      0x4a  WM_Timer.o [2]
  .text.WM_NotifyParent   ro code   0x802'656a      0x14  WM_Lib.o [2]
  .text.WM__DetachWindow  ro code   0x802'657e      0x2a  WM.o [2]
  .text.WM_OnKey          ro code   0x802'65a8      0x34  WM_Lib.o [2]
  .text                   ro code   0x802'65dc       0xc  memcpy.o [5]
  .text.GUI_MEMDEV_Draw   ro code   0x802'65e8     0x15c  GUIDEV_Banding.o [2]
  .text.WM__PaintWinAndOverlays
                          ro code   0x802'6744      0x78  WM.o [2]
  .text.GUI_ALLOC_FreeFixedBlock
                          ro code   0x802'67bc      0x14  GUI_Alloc.o [2]
  .text._PushFreeBlock    ro code   0x802'67d0      0x24  GUI_Alloc.o [2]
  .text                   ro code   0x802'67f4      0x96  ABImemmove.o [5]
  .text.GUI_TIMER__GetFirstTimer
                          ro code   0x802'688c      0x30  GUI_Timer.o [2]
  .text.GUI_TIMER_GetFlag
                          ro code   0x802'68bc      0x2a  GUI_Timer.o [2]
  .text.GUI_TIMER__GetNextTimerLin
                          ro code   0x802'68e6      0x38  GUI_Timer.o [2]
  .text.WM_DeleteTimer    ro code   0x802'691e      0x26  WM_Timer.o [2]
  .text.WM__RemoveWindowFromList
                          ro code   0x802'6944      0x3c  WM.o [2]
  .text.LCD_GetXSizeEx    ro code   0x802'6980       0x6  LCD_GetEx.o [2]
  .text.LCD_GetYSizeEx    ro code   0x802'6986       0x6  LCD_GetEx.o [2]
  .text.LCD_GetVXSizeEx   ro code   0x802'698c       0x6  LCD_GetEx.o [2]
  .text.LCD_GetVYSizeEx   ro code   0x802'6992       0x6  LCD_GetEx.o [2]
  .text.GUI_GetOrg        ro code   0x802'6998      0x1c  GUI_Common.o [2]
  .text.GUI_MEMDEV_CreateEx
                          ro code   0x802'69b4      0x78  GUIDEV.o [2]
  .text.GUI_MEMDEV_GetYSize
                          ro code   0x802'6a2c      0x30  GUIDEV_GetYSize.o [2]
  .text.WM__SendMessageNoPara
                          ro code   0x802'6a5c      0x28  WM__Private.o [2]
  .text.GUI_MEMDEV_Select
                          ro code   0x802'6a84      0x4c  GUIDEV.o [2]
  .text.GUI_MEMDEV_ReduceYSize
                          ro code   0x802'6ad0      0x2c  GUIDEV_ReduceYSize.o [2]
  .text.GUI_MEMDEV_SetOrg
                          ro code   0x802'6afc      0x58  GUIDEV_SetOrg.o [2]
  .text.GUI_MEMDEV_Clear  ro code   0x802'6b54      0x40  GUIDEV_Clear.o [2]
  .text.GUI_MEMDEV_CopyToLCD
                          ro code   0x802'6b94       0xc  GUIDEV.o [2]
  .text._Paint1           ro code   0x802'6ba0      0x28  WM.o [2]
  .text._PaintTransChildren
                          ro code   0x802'6bc8      0xae  WM.o [2]
  .text._Paint1Trans      ro code   0x802'6c78      0x94  WM.o [2]
  .text.GUI_TIMER_Delete  ro code   0x802'6d0c      0x64  GUI_Timer.o [2]
  .text.GUI_MEMDEV__CreateFixed
                          ro code   0x802'6d70     0x124  GUIDEV.o [2]
  .text.WM_Deactivate     ro code   0x802'6e94      0x14  WM.o [2]
  .text.GUI_MEMDEV_CopyToLCDAt
                          ro code   0x802'6ea8      0xa8  GUIDEV.o [2]
  .text._Unlink           ro code   0x802'6f50      0x4c  GUI_Timer.o [2]
  .text.LCD__GetBPPDevice
                          ro code   0x802'6f9c      0x2c  LCD_GetEx.o [2]
  .text.GUI_ALLOC_RequestSize
                          ro code   0x802'6fc8      0x2c  GUI_Alloc.o [2]
  .text.GUI_USAGE_BM_Create
                          ro code   0x802'6ff4      0x54  GUIDEV_UsageBM.o [2]
  .text.GUI_SetDrawMode   ro code   0x802'7048       0x4  GUI_Common.o [2]
  .text.GUI_MEMDEV__WriteToActiveOpaque
                          ro code   0x802'704c     0x74c  GUIDEV_WriteToActiveOpaque.o [2]
  .text.LCD__GetBPP       ro code   0x802'7798      0x7e  LCD_GetEx.o [2]
  .text.GUI_ALLOC_GetMaxSize
                          ro code   0x802'7818      0x3c  GUI_Alloc.o [2]
  .text.GUI_MEMDEV_GetBitsPerPixel
                          ro code   0x802'7854      0x2a  GUIDEV.o [2]
  .text.GUI_GetBitsPerPixelEx
                          ro code   0x802'7880      0x14  LCD_GetEx.o [2]
  .text.GUI_GetpfIndex2ColorEx
                          ro code   0x802'7894      0x10  LCD_GetEx.o [2]
  .text.GUI_GetpfColor2IndexEx
                          ro code   0x802'78a4      0x10  LCD_GetEx.o [2]
  .text.GUI_MEMDEV_GetDataPtr
                          ro code   0x802'78b4      0x20  GUIDEV_GetDataPtr.o [2]
  .text._Convert16        ro code   0x802'78d4      0x3e  GUIDEV_WriteToActiveOpaque.o [2]
  .text._Convert8         ro code   0x802'7912      0x42  GUIDEV_WriteToActiveOpaque.o [2]
  .text.LCD_DrawBitmap    ro code   0x802'7954     0x224  LCD.o [2]
  .text.LCD__DrawBitmap_1bpp
                          ro code   0x802'7b78     0x1d8  LCD.o [2]
  .text.GUI__CompactPixelIndices
                          ro code   0x802'7d50     0x16e  GUI__CompactPixelIndices.o [2]
  .rodata                 const     0x802'7ec0     0x9b0  dengxian_regular_14.o [1]
  .text                   ro code   0x802'8870     0x8ac  GUIDRV_Template.o [1]
  .rodata                 const     0x802'911c     0x86b  F13_1.o [2]
  .rodata                 const     0x802'9988     0x822  F13_ASCII.o [2]
  .rodata                 const     0x802'a1ac     0x780  select_1.o [1]
  .rodata                 const     0x802'a92c     0x780  select_2.o [1]
  .rodata                 const     0x802'b0ac     0x73c  F6x8.o [2]
  .text._DrawBitmap       ro code   0x802'b7e8     0x720  GUIDEV_32.o [2]
  .text.GUI_USAGE_AddRect
                          ro code   0x802'bf08      0x26  GUIDEV_Usage.o [2]
  .text._XY2PTR           ro code   0x802'bf30      0x40  GUIDEV_32.o [2]
  .rodata                 const     0x802'bf70     0x69c  logo.o [1]
  .text._DrawBitmap       ro code   0x802'c60c     0x604  GUIDEV_8.o [2]
  .text._XY2PTR           ro code   0x802'cc10      0x40  GUIDEV_8.o [2]
  .rodata                 const     0x802'cc50     0x5c0  string_data.o [1]
  .rodata                 const     0x802'd210     0x3e8  app_route.o [1]
  .text                   ro code   0x802'd5f8     0x3e2  app_scr_class3.o [1]
  .text.GUI_SetFont       ro code   0x802'd9dc      0x14  GUI_Common.o [2]
  .text                   ro code   0x802'd9f0      0x40  sprintf.o [3]
  .text.GUI_GetStringDistX
                          ro code   0x802'da30      0x14  GUI_DispString.o [2]
  .text.GUI_DispStringInRect
                          ro code   0x802'da44       0x8  GUI_DispString.o [2]
  .text                   ro code   0x802'da4c      0x1c  image_data.o [1]
  .text.WM_GetDialogItem  ro code   0x802'da68      0x42  WM_Lib.o [2]
  .text.TEXT_SetText      ro code   0x802'daaa      0x52  TEXT.o [2]
  .text.IMAGE_SetBitmap   ro code   0x802'dafc      0x44  IMAGE_Bitmap.o [2]
  .text                   ro code   0x802'db40      0x1e  strcat.o [3]
  .text.WINDOW_SetBkColor
                          ro code   0x802'db5e      0x22  WINDOW.o [2]
  .text.TEXT_CreateEx     ro code   0x802'db80      0x24  TEXT.o [2]
  .text.TEXT_SetFont      ro code   0x802'dba4      0x26  TEXT.o [2]
  .text.TEXT_SetBkColor   ro code   0x802'dbca      0x38  TEXT.o [2]
  .text.TEXT_SetTextColor
                          ro code   0x802'dc02      0x26  TEXT.o [2]
  .text.IMAGE_CreateEx    ro code   0x802'dc28      0x20  IMAGE.o [2]
  .text.TEXT_CreateAsChild
                          ro code   0x802'dc48      0x18  TEXT.o [2]
  .text.TEXT_SetTextAlign
                          ro code   0x802'dc60      0x26  TEXT.o [2]
  .text.GUI_CreateDialogBox
                          ro code   0x802'dc86      0xae  DIALOG.o [2]
  .text.GUI_EndDialog     ro code   0x802'dd34      0x1c  DIALOG.o [2]
  .text.GUI__GetNumChars  ro code   0x802'dd50      0x1c  GUI_UC.o [2]
  .text.GUI__GetLineDistX
                          ro code   0x802'dd6c      0x60  GUI_CharLine.o [2]
  .text.GUI_DispStringInRectMax
                          ro code   0x802'ddcc      0x46  GUI_DispString.o [2]
  .text.WM_GetId          ro code   0x802'de12      0x20  WM_Lib.o [2]
  .text._GetDialogItem    ro code   0x802'de32      0x46  WM_Lib.o [2]
  .text.GUI__SetText      ro code   0x802'de78      0x7c  GUI__Private.o [2]
  .text.IMAGE__FreeAttached
                          ro code   0x802'def4      0x32  IMAGE.o [2]
  .text.IMAGE__SetWindowSize
                          ro code   0x802'df26      0x32  IMAGE.o [2]
  .text.TEXT_CreateUser   ro code   0x802'df58      0x84  TEXT.o [2]
  .text.WM_ClrHasTrans    ro code   0x802'dfdc      0x34  WM_SetTrans.o [2]
  .text.WM_SetHasTrans    ro code   0x802'e010      0x40  WM_SetTrans.o [2]
  .text.IMAGE_CreateUser  ro code   0x802'e050      0x98  IMAGE.o [2]
  .text.WM_GetClientWindow
                          ro code   0x802'e0e8      0x1a  WM_Lib.o [2]
  .text.WIDGET_OrState    ro code   0x802'e102      0x2a  WIDGET.o [2]
  .text.WM_ShowWindow     ro code   0x802'e12c      0x28  WM_Lib.o [2]
  .text.WM_SendMessageNoPara
                          ro code   0x802'e154       0x4  WM_Lib.o [2]
  .text.WM_GetFocusedWindow
                          ro code   0x802'e158      0x14  WM_Lib.o [2]
  .text.WM_SetFocusOnNextChild
                          ro code   0x802'e16c      0x54  WM_SetFocusOnNextChild.o [2]
  .text.GUI_GetDialogStatusPtr
                          ro code   0x802'e1c0      0x20  DIALOG.o [2]
  .text.WM__DeleteSecure  ro code   0x802'e1e0      0x1c  WM.o [2]
  .text.GUI_UC__GetCharCodeInc
                          ro code   0x802'e1fc      0x28  GUI_UC.o [2]
  .text.GUI_GetCharDistX  ro code   0x802'e224      0x10  GUI_Char.o [2]
  .text.GUI__GetOverlap   ro code   0x802'e234      0x1c  GUI_CharLine.o [2]
  .text.WM_SetUserClipRect
                          ro code   0x802'e250      0x18  WM_Lib.o [2]
  .text.GUI__DispStringInRect
                          ro code   0x802'e268     0x14c  GUI_DispString.o [2]
  .text.WM_SendMessage    ro code   0x802'e3b4       0x8  WM.o [2]
  .text.GUI__strcmp_hp    ro code   0x802'e3bc      0x28  GUI__Private.o [2]
  .text.GUI__strlen       ro code   0x802'e3e4      0x18  GUI__Private.o [2]
  .text.GUI_ALLOC_GetSize
                          ro code   0x802'e3fc      0x18  GUI_Alloc.o [2]
  .text                   ro code   0x802'e414      0x18  strcpy.o [5]
  .text.GUI_ALLOC_FreePtr
                          ro code   0x802'e42c      0x10  GUI_Alloc.o [2]
  .text.WM_SetSize        ro code   0x802'e43c      0x4c  WM_Lib.o [2]
  .text.WIDGET__Init      ro code   0x802'e488      0x10  WIDGET.o [2]
  .text.WM_ValidateWindow
                          ro code   0x802'e498      0x30  WM_Lib.o [2]
  .text.WM_GetClientRectEx
                          ro code   0x802'e4c8       0x4  WM_Lib.o [2]
  .text.WM_InvalidateWindowAndDescs
                          ro code   0x802'e4cc      0x26  WM_Lib.o [2]
  .text.WM__GetFocusedChild
                          ro code   0x802'e4f4      0x24  WM__Private.o [2]
  .text._GetNextChild     ro code   0x802'e518      0x26  WM_SetFocusOnNextChild.o [2]
  .text.WM_IsFocusable    ro code   0x802'e53e      0x30  WM_Lib.o [2]
  .text.WM_SetFocus       ro code   0x802'e570      0x9c  WM_Lib.o [2]
  .text.GUI_GetCharDistXEx
                          ro code   0x802'e60c      0x10  GUI_Char.o [2]
  .text.GUI_GetFontDistY  ro code   0x802'e61c      0x10  GUI_Char.o [2]
  .text.GUI_GetClientRect
                          ro code   0x802'e62c       0x8  GUI_Common.o [2]
  .text.GUI__GetLineNumChars
                          ro code   0x802'e634      0x38  GUI_CharLine.o [2]
  .text.GUI_UC__NumChars2NumBytes
                          ro code   0x802'e66c      0x24  GUI_UC.o [2]
  .text.GUI__HandleEOLine
                          ro code   0x802'e690      0x26  GUI__Private.o [2]
  .text.GUI__DispLine     ro code   0x802'e6b8      0xa8  GUI_CharLine.o [2]
  .text.GUI__strcmp       ro code   0x802'e760      0x2c  GUI__Private.o [2]
  .text.WM_ResizeWindow   ro code   0x802'e78c      0xf6  WM_Lib.o [2]
  .text.WM__IsChild       ro code   0x802'e882      0x28  WM__Private.o [2]
  .text.WM_GetClientRect  ro code   0x802'e8ac      0x1c  WM_Lib.o [2]
  .text._DispLine         ro code   0x802'e8c8      0x9c  GUI_CharLine.o [2]
  .text.WM__UpdateChildPositions
                          ro code   0x802'e964      0xec  WM__Private.o [2]
  .text.WM_MoveWindow     ro code   0x802'ea50       0x4  WM_Move.o [2]
  .text.WM__MoveWindow    ro code   0x802'ea54      0xa8  WM_Move.o [2]
  .text._MoveDescendents  ro code   0x802'eafc      0x72  WM_Move.o [2]
  .text.WM__InvalidateParent
                          ro code   0x802'eb6e      0x2a  WM.o [2]
  .rodata                 const     0x802'eb98     0x320  flush_max_dose_selected.o [1]
  .rodata                 const     0x802'eeb8     0x320  flush_max_dose_unselected.o [1]
  .rodata                 const     0x802'f1d8     0x320  info_select.o [1]
  .rodata                 const     0x802'f4f8     0x320  info_unselect.o [1]
  .rodata                 const     0x802'f818     0x320  mode_selected.o [1]
  .rodata                 const     0x802'fb38     0x320  mode_unselected.o [1]
  .rodata                 const     0x802'fe58     0x320  peak_set_select.o [1]
  .rodata                 const     0x803'0178     0x320  peak_set_unselect.o [1]
  .rodata                 const     0x803'0498     0x320  time_select.o [1]
  .rodata                 const     0x803'07b8     0x320  time_unselect.o [1]
  .rodata                 const     0x803'0ad8     0x2e0  exhaust.o [1]
  .rodata                 const     0x803'0db8     0x2e0  history_log.o [1]
  .rodata                 const     0x803'1098     0x2e0  new_task.o [1]
  .rodata                 const     0x803'1378     0x2e0  stop_infusion.o [1]
  .rodata                 const     0x803'1658     0x2e0  system_setting.o [1]
  .rodata                 const     0x803'1938     0x288  error.o [1]
  .rodata                 const     0x803'1bc0     0x288  warning.o [1]
  .rodata                 const     0x803'1e48     0x288  warning_common.o [1]
  .rodata                 const     0x803'20d0     0x210  heiti_regular_88.o [1]
  .rodata                 const     0x803'22e0     0x210  heiti_regular_88.o [1]
  .rodata                 const     0x803'24f0     0x210  heiti_regular_88.o [1]
  .rodata                 const     0x803'2700     0x210  heiti_regular_88.o [1]
  .rodata                 const     0x803'2910     0x210  heiti_regular_88.o [1]
  .rodata                 const     0x803'2b20     0x210  heiti_regular_88.o [1]
  .rodata                 const     0x803'2d30     0x210  heiti_regular_88.o [1]
  .rodata                 const     0x803'2f40     0x210  heiti_regular_88.o [1]
  .rodata                 const     0x803'3150     0x210  heiti_regular_88.o [1]
  .rodata                 const     0x803'3360     0x210  heiti_regular_88.o [1]
  .rodata                 const     0x803'3570     0x210  heiti_regular_88.o [1]
  .rodata                 const     0x803'3780     0x210  heiti_regular_88.o [1]
  .rodata                 const     0x803'3990     0x210  heiti_regular_88.o [1]
  .rodata                 const     0x803'3ba0     0x210  heiti_regular_88.o [1]
  .text.IMAGE_Callback    ro code   0x803'3db0     0x200  IMAGE.o [2]
  .text.WIDGET_HandleActive
                          ro code   0x803'3fb0     0x140  WIDGET.o [2]
  .text.LCD_GetXSize      ro code   0x803'40f0      0x10  LCD_GetEx.o [2]
  .text.LCD_GetYSize      ro code   0x803'4100      0x10  LCD_GetEx.o [2]
  .text.GUI_MEMDEV_CreateFixed
                          ro code   0x803'4110      0x12  GUIDEV_CreateFixed.o [2]
  .text.GUI_MEMDEV_Create
                          ro code   0x803'4122       0xe  GUIDEV.o [2]
  .text.GUI_MEMDEV_Write  ro code   0x803'4130       0xc  GUIDEV_Write.o [2]
  .text.WM_BringToTop     ro code   0x803'413c      0x74  WM_BringToTop.o [2]
  .text.WIDGET_SetState   ro code   0x803'41b0      0x24  WIDGET.o [2]
  .text.WIDGET__GetInsideRect
                          ro code   0x803'41d4      0x1a  WIDGET.o [2]
  .text.GUI_MEMDEV_WriteAt
                          ro code   0x803'41f0      0x64  GUIDEV_Write.o [2]
  .text.WM_ForEachDesc    ro code   0x803'4254       0x4  WM_Lib.o [2]
  .text.GUI__ReduceRect   ro code   0x803'4258      0x1c  GUI__Private.o [2]
  .text.GUI_MEMDEV__WriteToActiveAt
                          ro code   0x803'4274      0x38  GUIDEV.o [2]
  .text.WM__ForEachDesc   ro code   0x803'42ac      0x2a  WM__Private.o [2]
  .text.GUI__DoAlphaBlending
                          ro code   0x803'42d8     0x1d4  GUI__Alpha.o [2]
  .text.GUI__GetAlphaBuffer
                          ro code   0x803'44ac      0xb8  GUI__Alpha.o [2]
  .text.GUI_ReadRectEx    ro code   0x803'4564      0x60  LCD_ReadRect.o [2]
  .text.GUI__ExpandPixelIndicesEx
                          ro code   0x803'45c4     0x17c  GUI__ExpandPixelIndices.o [2]
  .text.LCD_GetVXSizeMax  ro code   0x803'4740       0x6  LCD_GetEx.o [2]
  .text.LCD_ReadRectEx    ro code   0x803'4748     0x1a4  LCD_ReadRect.o [2]
  .rodata                 const     0x803'48ec     0x1c8  image_data.o [1]
  .text.GUI__ConvertColor2Index
                          ro code   0x803'4ab4     0x196  GUI__CompactPixelIndices.o [2]
  .text                   ro code   0x803'4c4c     0x18e  app_scr_class2.o [1]
  .text                   ro code   0x803'4ddc       0xc  ui_common.o [1]
  .text.GUI_MEMDEV__WriteToActiveAlpha
                          ro code   0x803'4de8     0x18c  GUIDEV_WriteToActiveAlpha.o [2]
  .text.GUI__AllocAlphaBuffer
                          ro code   0x803'4f74      0x1a  GUI__Alpha.o [2]
  .text.GUI__CompactPixelIndicesEx
                          ro code   0x803'4f8e       0xe  GUI__CompactPixelIndices.o [2]
  .text._CreateStaticDevice
                          ro code   0x803'4f9c     0x164  GUIDEV_StaticDevices.o [2]
  .text.GUI__AlphaPreserveTrans
                          ro code   0x803'5100      0x24  GUI_SetAlpha.o [2]
  .text.WM_GetWindowOrgX  ro code   0x803'5124      0x10  WM_Lib.o [2]
  .text.WM__Paint1        ro code   0x803'5134      0x94  WM.o [2]
  .text.LCD_AA_SetAndMask
                          ro code   0x803'51c8      0x10  LCD_AA.o [2]
  .text.WM_SetDefault     ro code   0x803'51d8      0x14  WM.o [2]
  .text.GL_SetDefault     ro code   0x803'51ec      0x48  GUI_Common.o [2]
  .text.GUI_SetPenSize    ro code   0x803'5234      0x10  GUI_Common.o [2]
  .text.GUI_SetTextAlign  ro code   0x803'5244      0x14  GUI_Common.o [2]
  .text.GUI_SetTextMode   ro code   0x803'5258      0x14  GUI_Common.o [2]
  .text.GUI_SetLineStyle  ro code   0x803'526c      0x10  GUI_Common.o [2]
  .text                   ro code   0x803'527c     0x156  app_scr_class8.o [1]
  .text.GUI_DispStringInRectWrap
                          ro code   0x803'53d2     0x144  GUI_DispString.o [2]
  .text.GUI_WrapGetNumLines
                          ro code   0x803'5516      0x20  GUI_DispString.o [2]
  .text.GUI__WrapGetNumCharsDisp
                          ro code   0x803'5536       0x6  GUI__Wrap.o [2]
  .text.GUI__WrapGetNumBytesToNextLine
                          ro code   0x803'553c      0x14  GUI__Wrap.o [2]
  .text._WrapGetNumCharsDisp
                          ro code   0x803'5550      0x2c  GUI__Wrap.o [2]
  .text.GUI__WrapGetNumCharsToNextLine
                          ro code   0x803'557c      0x5e  GUI__Wrap.o [2]
  .text.GUIMONO_DispChar  ro code   0x803'55dc     0x13c  GUI_CharM.o [2]
  .text.WINDOW_Callback   ro code   0x803'5718     0x122  WINDOW.o [2]
  .text.WM_IsWindow       ro code   0x803'583a       0x4  WM_Lib.o [2]
  .text.WM_HasFocus       ro code   0x803'5840      0x1c  WM_Lib.o [2]
  .text.WM__IsAncestorOrSelf
                          ro code   0x803'585c       0xc  WM__Private.o [2]
  .text.WM__IsAncestor    ro code   0x803'5868      0x22  WM__Private.o [2]
  .text.WM_SetFocusOnPrevChild
                          ro code   0x803'588a      0x38  WM_SetFocusOnPrevChild.o [2]
  .text._GetPrevChild     ro code   0x803'58c2      0x1e  WM_SetFocusOnPrevChild.o [2]
  .text.WM__GetLastSibling
                          ro code   0x803'58e0      0x18  WM__Private.o [2]
  .rodata                 const     0x803'58f8     0x100  LCD_Mirror.o [2]
  .rodata                 const     0x803'59f8      0xf0  heiti_regular_60.o [1]
  .rodata                 const     0x803'5ae8      0xf0  heiti_regular_60.o [1]
  .rodata                 const     0x803'5bd8      0xf0  heiti_regular_60.o [1]
  .rodata                 const     0x803'5cc8      0xf0  heiti_regular_60.o [1]
  .rodata                 const     0x803'5db8      0xf0  heiti_regular_60.o [1]
  .rodata                 const     0x803'5ea8      0xf0  heiti_regular_60.o [1]
  .rodata                 const     0x803'5f98      0xf0  heiti_regular_60.o [1]
  .rodata                 const     0x803'6088      0xf0  heiti_regular_60.o [1]
  .rodata                 const     0x803'6178      0xf0  heiti_regular_60.o [1]
  .rodata                 const     0x803'6268      0xf0  heiti_regular_60.o [1]
  .rodata                 const     0x803'6358      0xf0  heiti_regular_60.o [1]
  .rodata                 const     0x803'6448      0xf0  heiti_regular_60.o [1]
  .rodata                 const     0x803'6538      0xf0  heiti_regular_60.o [1]
  .rodata                 const     0x803'6628      0xf0  heiti_regular_60.o [1]
  .text.GUIPROP_DispChar  ro code   0x803'6718      0xec  GUI_CharP.o [2]
  .text.GUIPROP__FindChar
                          ro code   0x803'6804      0x14  GUI_CharP.o [2]
  .text.GUI_GetColor      ro code   0x803'6818       0xe  GUI_Common.o [2]
  .text.GUI_GetBkColor    ro code   0x803'6826       0xe  GUI_Common.o [2]
  .text.LCD_GetColorIndex
                          ro code   0x803'6834      0x10  LCD_GetColorIndex.o [2]
  .text.LCD_GetBkColorIndex
                          ro code   0x803'6844      0x10  LCD_GetColorIndex.o [2]
  .text._PaintTiled       ro code   0x803'6854      0xcc  IMAGE.o [2]
  .text.WM__GetWindowSizeX
                          ro code   0x803'6920       0xe  WM_GetWindowSize.o [2]
  .text.WM__GetWindowSizeY
                          ro code   0x803'692e       0xe  WM_GetWindowSize.o [2]
  .text.GUI_MEMDEV_GetXPos
                          ro code   0x803'693c      0x30  GUIDEV_GetPos.o [2]
  .text.GUI_MEMDEV_GetYPos
                          ro code   0x803'696c      0x30  GUIDEV_GetPos.o [2]
  .text.TEXT_Callback     ro code   0x803'699c      0xc6  TEXT.o [2]
  .text.WM_GetHasTrans    ro code   0x803'6a62      0x12  WM_SetTrans.o [2]
  .rodata                 const     0x803'6a74      0xc0  battery_AC.o [1]
  .rodata                 const     0x803'6b34      0xc0  battery_empty.o [1]
  .rodata                 const     0x803'6bf4      0xc0  battery_full.o [1]
  .rodata                 const     0x803'6cb4      0xc0  battery_no.o [1]
  .rodata                 const     0x803'6d74      0xc0  battery_one.o [1]
  .rodata                 const     0x803'6e34      0xc0  battery_three.o [1]
  .rodata                 const     0x803'6ef4      0xc0  battery_two.o [1]
  .text._DrawVLine        ro code   0x803'6fb4      0xbc  GUIDEV_8.o [2]
  .text._FillRect         ro code   0x803'7070      0xbc  GUIDEV_8.o [2]
  .text._DrawVLine        ro code   0x803'712c      0xb4  GUIDEV_32.o [2]
  .text._FillRect         ro code   0x803'71e0      0xb4  GUIDEV_32.o [2]
  .text.GL_DrawBitmap     ro code   0x803'7294      0xa8  GUI_DrawBitmap.o [2]
  .text.GUI_USAGE_BM_GetNextDirty
                          ro code   0x803'733c      0x9c  GUIDEV_UsageBM.o [2]
  .text._OnExit           ro code   0x803'73d8      0x9c  WM.o [2]
  .text._GetWordWrap      ro code   0x803'7474      0x98  GUI__Wrap.o [2]
  .text.GUI__MixColorsBulk
                          ro code   0x803'750c      0x88  GUI__Alpha.o [2]
  .text.GUI_DrawRect      ro code   0x803'7594      0x84  GUI_2DLib.o [2]
  .text.LCD_DrawHLine     ro code   0x803'7618      0x50  LCD.o [2]
  .text.LCD_DrawVLine     ro code   0x803'7668      0x54  LCD.o [2]
  .rodata                 const     0x803'76bc      0x80  infusion_pause.o [1]
  .rodata                 const     0x803'773c      0x80  infusion_run.o [1]
  .rodata                 const     0x803'77bc      0x80  infusion_stop.o [1]
  .rodata                 const     0x803'783c      0x80  sound_pause.o [1]
  .rodata                 const     0x803'78bc      0x78  heiti_regular_20.o [1]
  .rodata                 const     0x803'7934      0x78  heiti_regular_20.o [1]
  .rodata                 const     0x803'79ac      0x78  heiti_regular_20.o [1]
  .rodata                 const     0x803'7a24      0x78  heiti_regular_20.o [1]
  .rodata                 const     0x803'7a9c      0x78  heiti_regular_20.o [1]
  .rodata                 const     0x803'7b14      0x78  heiti_regular_20.o [1]
  .rodata                 const     0x803'7b8c      0x78  heiti_regular_20.o [1]
  .rodata                 const     0x803'7c04      0x78  heiti_regular_20.o [1]
  .rodata                 const     0x803'7c7c      0x78  heiti_regular_20.o [1]
  .rodata                 const     0x803'7cf4      0x78  heiti_regular_20.o [1]
  .rodata                 const     0x803'7d6c      0x78  heiti_regular_20.o [1]
  .rodata                 const     0x803'7de4      0x78  heiti_regular_20.o [1]
  .rodata                 const     0x803'7e5c      0x78  heiti_regular_20.o [1]
  .rodata                 const     0x803'7ed4      0x78  stm32l1xx_hal_adc.o [1]
  .rodata                 const     0x803'7f4c      0x78  stm32l1xx_hal_cortex.o [1]
  .rodata                 const     0x803'7fc4      0x78  stm32l1xx_hal_crc.o [1]
  .rodata                 const     0x803'803c      0x78  stm32l1xx_hal_gpio.o [1]
  .rodata                 const     0x803'80b4      0x78  stm32l1xx_hal_rcc.o [1]
  .rodata                 const     0x803'812c      0x78  stm32l1xx_hal_spi.o [1]
  .rodata                 const     0x803'81a4      0x78  stm32l1xx_hal_uart.o [1]
  .text.GUI_USAGE_BM_AddHLine
                          ro code   0x803'821c      0x78  GUIDEV_UsageBM.o [2]
  .text                   ro code   0x803'8294      0x78  lz77_init_single.o [5]
  .rodata                 const     0x803'830c      0x74  GUIDEV_8.o [2]
  .rodata                 const     0x803'8380      0x74  GUIDEV_32.o [2]
  .text                   ro code   0x803'83f4      0x72  app_scr_class1.o [1]
  .text.GUI_DrawBitmap    ro code   0x803'8468      0x4c  GUI_DrawBitmap.o [2]
  .rodata                 const     0x803'84b4      0x70  heiti_regular_60.o [1]
  .rodata                 const     0x803'8524      0x70  heiti_regular_88.o [1]
  .text.LCD_GetpPalConvTableUncached
                          ro code   0x803'8594      0x6c  LCD_Color.o [2]
  .text._cbPaintMemDev    ro code   0x803'8600      0x6c  WM.o [2]
  .rodata                 const     0x803'866c      0x68  heiti_regular_20.o [1]
  .text._cbBackWin        ro code   0x803'86d4      0x68  WM.o [2]
  .text.GUI_StoreKey      ro code   0x803'873c      0x10  GUI_OnKey.o [2]
  .rodata                 const     0x803'874c      0x64  mute.o [1]
  .rodata                 const     0x803'87b0      0x64  ssz_stm32_hal_bsp.o [1]
  .rodata                 const     0x803'8814      0x60  AC.o [1]
  .text.LCD_DrawPixel     ro code   0x803'8874      0x60  LCD.o [2]
  .text._XorPixel         ro code   0x803'88d4      0x5c  GUIDEV_32.o [2]
  .rodata                 const     0x803'8930      0x58  font_data.o [1]
  .rodata                 const     0x803'8988      0x58  ssz_deque.o [1]
  .rodata                 const     0x803'89e0      0x58  ssz_sim_i2c.o [1]
  .rodata                 const     0x803'8a38      0x58  string_data.o [1]
  .rodata                 const     0x803'8a90      0x58  string_data.o [1]
  .text._XorPixel         ro code   0x803'8ae8      0x58  GUIDEV_8.o [2]
  .rodata                 const     0x803'8b40      0x54  event.o [1]
  .rodata                 const     0x803'8b94      0x54  ssz_file.o [1]
  .rodata                 const     0x803'8be8      0x54  ssz_list.o [1]
  .rodata                 const     0x803'8c3c      0x54  string_data.o [1]
  .rodata                 const     0x803'8c90      0x54  timer.o [1]
  .text                   ro code   0x803'8ce4      0x54  system_stm32l1xx.o [1]
  .text.WINDOW_CreateUser
                          ro code   0x803'8d38      0x54  WINDOW.o [2]
  .text._Color2Index_0    ro code   0x803'8d8c      0x52  GUICC_0.o [2]
  .text.LCD_GetNumColors  ro code   0x803'8de0      0x10  LCD_GetEx.o [2]
  .text.LCD_GetPalette    ro code   0x803'8df0      0x10  LCD_GetEx.o [2]
  .text.GUI_CalcColorDist
                          ro code   0x803'8e00      0x4e  GUI_Common.o [2]
  .text.LCD_GetPaletteEx  ro code   0x803'8e4e      0x16  LCD_GetEx.o [2]
  .text._GetIndexMask_0   ro code   0x803'8e64      0x52  GUICC_0.o [2]
  .rodata                 const     0x803'8eb8      0x50  msg.o [1]
  .text._Encode           ro code   0x803'8f08      0x4c  GUI_UC_EncodeUTF8.o [2]
  .text._CalcSizeOfChar   ro code   0x803'8f54      0x18  GUI_UC_EncodeUTF8.o [2]
  .text._SetPixelIndex    ro code   0x803'8f6c      0x4c  GUIDEV_8.o [2]
  .text._SetPixelIndex    ro code   0x803'8fb8      0x4c  GUIDEV_32.o [2]
  .rodata                 const     0x803'9004      0x48  drv_rtc.o [1]
  .rodata                 const     0x803'904c      0x48  ssz_config.o [1]
  .rodata                 const     0x803'9094      0x48  string_data.o [1]
  .text                   ro code   0x803'90dc      0x48  stm32l1xx_it.o [1]
  .text                   ro code   0x803'9124      0x18  stm32l1xx_hal.o [1]
  .text                   ro code   0x803'913c      0x20  drv_interrupt.o [1]
  .text.LCD_AA_MixColors16
                          ro code   0x803'915c      0x48  LCD_AA.o [2]
  .text._OnExit           ro code   0x803'91a4      0x48  GUI_Core.o [2]
  .rodata                 const     0x803'91ec      0x44  string_data.o [1]
  .rodata                 const     0x803'9230      0x44  string_data.o [1]
  .rodata                 const     0x803'9274      0x44  string_data.o [1]
  .rodata                 const     0x803'92b8      0x40  set_arrow.o [1]
  .rodata                 const     0x803'92f8      0x40  set_arrow.o [1]
  .rodata                 const     0x803'9338      0x40  string_data.o [1]
  .rodata                 const     0x803'9378      0x40  unselected_pointer.o [1]
  .text.WINDOW_CreateIndirect
                          ro code   0x803'93b8      0x40  WINDOW.o [2]
  .text._GetCharCode      ro code   0x803'93f8      0x40  GUI_UC_EncodeUTF8.o [2]
  .rodata                 const     0x803'9438      0x3c  font_data.o [1]
  .rodata                 const     0x803'9474      0x3c  string_data.o [1]
  .rodata                 const     0x803'94b0      0x3c  string_data.o [1]
  .rodata                 const     0x803'94ec      0x38  string_data.o [1]
  .rodata                 const     0x803'9524      0x38  ui_draw.o [1]
  .text.GUIPROP_GetCharDistX
                          ro code   0x803'955c      0x38  GUI_CharP.o [2]
  .text._DrawDownRect     ro code   0x803'9594      0x38  WIDGET_Effect_Simple.o [2]
  .text._GetCharWrap      ro code   0x803'95cc      0x36  GUI__Wrap.o [2]
  .text._GetRect          ro code   0x803'9602      0x36  GUIDEV_8.o [2]
  .text._GetRect          ro code   0x803'9638      0x36  GUIDEV_32.o [2]
  .rodata                 const     0x803'9670      0x34  GUIDRV_Template.o [1]
  .rodata                 const     0x803'96a4      0x34  mute_small.o [1]
  .rodata                 const     0x803'96d8      0x34  ssz_deque.o [1]
  .rodata                 const     0x803'970c      0x34  string_data.o [1]
  .rodata                 const     0x803'9740      0x30  string_data.o [1]
  .rodata                 const     0x803'9770      0x2c  ssz_deque.o [1]
  .rodata                 const     0x803'979c      0x2c  ssz_list.o [1]
  .rodata                 const     0x803'97c8      0x2c  string_data.o [1]
  .rodata                 const     0x803'97f4      0x2c  string_data.o [1]
  .rodata                 const     0x803'9820      0x28  lock.o [1]
  .rodata                 const     0x803'9848      0x28  ssz_file.o [1]
  .rodata                 const     0x803'9870      0x28  ssz_file.o [1]
  .rodata                 const     0x803'9898      0x28  string_data.o [1]
  .rodata                 const     0x803'98c0      0x28  string_data.o [1]
  .text.GUI_USAGE_BM_AddPixel
                          ro code   0x803'98e8      0x28  GUIDEV_UsageBM.o [2]
  .text._OnExit           ro code   0x803'9910      0x28  GUI__Alpha.o [2]
  .text._Paint            ro code   0x803'9938      0x28  IMAGE.o [2]
  .text._SetDrawMode      ro code   0x803'9960      0x28  LCD.o [2]
  .text                   ro code   0x803'9988      0x28  data_init.o [5]
  .text._DrawImageAt      ro code   0x803'99b0      0x26  IMAGE_Bitmap.o [2]
  .rodata                 const     0x803'99d8      0x24  dengxian_regular_14.o [1]
  .rodata                 const     0x803'99fc      0x24  event.o [1]
  .rodata                 const     0x803'9a20      0x24  heiti_regular_20.o [1]
  .rodata                 const     0x803'9a44      0x24  heiti_regular_60.o [1]
  .rodata                 const     0x803'9a68      0x24  heiti_regular_88.o [1]
  .rodata                 const     0x803'9a8c      0x24  ssz_list.o [1]
  .rodata                 const     0x803'9ab0      0x24  string_data.o [1]
  .text._GetCharSize      ro code   0x803'9ad4      0x24  GUI_UC_EncodeUTF8.o [2]
  .text._GetImageSize     ro code   0x803'9af8      0x24  IMAGE_Bitmap.o [2]
  .iar.init_table         const     0x803'9b1c      0x20  - Linker created -
  .rodata                 const     0x803'9b3c      0x20  com.o [1]
  .rodata                 const     0x803'9b5c      0x20  exhaust_pause.o [1]
  .rodata                 const     0x803'9b7c      0x20  exhaust_run.o [1]
  .rodata                 const     0x803'9b9c      0x20  left_arrow.o [1]
  .rodata                 const     0x803'9bbc      0x20  right_arrow.o [1]
  .rodata                 const     0x803'9bdc      0x20  string_data.o [1]
  .rodata                 const     0x803'9bfc      0x20  string_data.o [1]
  .rodata                 const     0x803'9c1c      0x20  string_data.o [1]
  .rodata                 const     0x803'9c3c      0x20  string_data.o [1]
  .text                   ro code   0x803'9c5c      0x20  putchar.o [3]
  .text                   ro code   0x803'9c7c       0x4  write.o [1]
  .text._SetBkColor       ro code   0x803'9c80      0x20  LCD.o [2]
[...]
font_data_select_by_lang
                         0x802'1c79    0x2e  Code  Gb  font_data.o [1]
frexp                    0x801'd33d          Code  Gb  frexp.o [4]
frexpl                   0x801'd33d          Code  Gb  frexp.o [4]
g_com_files             0x2000'3adc     0xc  Data  Lc  com.o [1]
g_com_receive_handlers  0x2000'3980    0x24  Data  Lc  com.o [1]
g_display_cache         0x2000'00c8  0x2000  Data  Lc  display.o [1]
g_display_dirty_rect    0x2000'3b14     0x8  Data  Lc  display.o [1]
g_display_is_dirty      0x2000'3c2a     0x1  Data  Lc  display.o [1]
g_display_is_opened     0x2000'3c2b     0x1  Data  Lc  display.o [1]
g_dynamic_strs          0x2000'3148   0x180  Data  Lc  string_data.o [1]
g_event_handlers        0x2000'38c0    0x30  Data  Lc  event.o [1]
g_events                0x2000'38f0    0x30  Data  Gb  event.o [1]
g_font_data_ptr         0x2000'3b70     0x4  Data  Lc  font_data.o [1]
g_font_data_simplified_chinese
                         0x803'9438    0x3c  Data  Lc  font_data.o [1]
g_font_dengxian_regular_14
                         0x803'99d8    0x24  Data  Gb  dengxian_regular_14.o [1]
g_font_heiti_regular_60
                         0x803'9a44    0x24  Data  Gb  heiti_regular_60.o [1]
g_font_heiti_regular_88
                         0x803'9a68    0x24  Data  Gb  heiti_regular_88.o [1]
g_high_alarm_list       0x2000'000c     0x4  Data  Lc  alarm.o [1]
g_high_alarm_list_inter
                        0x2000'3a6c    0x10  Data  Lc  alarm.o [1]
g_highest_alarm_list    0x2000'0010     0x4  Data  Lc  alarm.o [1]
g_highest_alarm_list_inter
                        0x2000'3a7c    0x10  Data  Lc  alarm.o [1]
g_home_left_time        0x2000'3b6c     0x4  Data  Lc  app_scr_class3.o [1]
g_image_data             0x803'48ec   0x1c8  Data  Lc  image_data.o [1]
g_lang_font_data         0x803'dbf0     0x8  Data  Lc  font_data.o [1]
g_lang_string_data       0x803'ddc0     0x8  Data  Lc  string_data.o [1]
g_locale_country_region
                        0x2000'3c31     0x1  Data  Lc  ssz_locale.o [1]
g_locale_lang           0x2000'3c30     0x1  Data  Lc  ssz_locale.o [1]
g_low_alarm_list        0x2000'0008     0x4  Data  Lc  alarm.o [1]
g_low_alarm_list_inter  0x2000'3a5c    0x10  Data  Lc  alarm.o [1]
g_lowest_alarm_list     0x2000'0004     0x4  Data  Lc  alarm.o [1]
g_lowest_alarm_list_inter
                        0x2000'3a4c    0x10  Data  Lc  alarm.o [1]
g_module_output_info    0x2000'0014    0x28  Data  Lc  common.o [1]
g_msg_handler_arr       0x2000'35a0    0x6c  Data  Lc  msg.o [1]
g_msg_nodes             0x2000'32c8    0xf0  Data  Lc  msg.o [1]
g_msg_queue             0x2000'003c     0x4  Data  Lc  msg.o [1]
g_msg_queue_inter       0x2000'3a9c    0x10  Data  Lc  msg.o [1]
g_oled_is_first_init    0x2000'00bc     0x1  Data  Lc  drv_oled.o [1]
g_oled_is_init          0x2000'3c2c     0x1  Data  Lc  drv_oled.o [1]
g_oled_spi              0x2000'3a8c    0x10  Data  Lc  drv_oled.o [1]
g_remind_alarm_list     0x2000'0000     0x4  Data  Lc  alarm.o [1]
g_remind_alarm_list_inter
                        0x2000'3a3c    0x10  Data  Lc  alarm.o [1]
g_rtc_check_last_time_ms
                        0x2000'3b78     0x4  Data  Lc  mid_rtc.o [1]
g_rtc_i2c               0x2000'39c4    0x1c  Data  Lc  drv_rtc.o [1]
g_rtc_recheck_count     0x2000'3b7c     0x4  Data  Lc  mid_rtc.o [1]
g_rtc_time              0x2000'3b1c     0x8  Data  Lc  mid_rtc.o [1]
g_rtc_time_check        0x2000'3b24     0x8  Data  Lc  mid_rtc.o [1]
g_scr_routes             0x802'd210   0x3e8  Data  Gb  app_route.o [1]
g_stop_watch            0x2000'39e0    0x1c  Data  Gb  stop_watch.o [1]
g_stop_watch_childs     0x2000'2fb8   0x190  Data  Gb  stop_watch.o [1]
g_stop_watch_is_enable  0x2000'3c32     0x1  Data  Lc  stop_watch.o [1]
g_string_data_ptr       0x2000'3b90     0x4  Data  Lc  string_data.o [1]
g_string_data_simplified_chinese
                         0x802'cc50   0x5c0  Data  Lc  string_data.o [1]
g_system_mode           0x2000'00bd     0x1  Data  Lc  mid_common.o [1]
g_tick_time_last_read_str_ms
                        0x2000'3b84     0x4  Data  Lc  ssz_tick_time.o [1]
g_tick_time_new_tick_flag
                        0x2000'3b88     0x4  Data  Lc  ssz_tick_time.o [1]
g_tick_time_now_ms      0x2000'3b80     0x4  Data  Lc  ssz_tick_time.o [1]
g_tick_time_now_str     0x2000'3a14    0x14  Data  Lc  ssz_tick_time.o [1]
g_timer_mgr             0x2000'2cc8   0x2f0  Data  Lc  timer.o [1]
g_ui_common_param       0x2000'3920    0x30  Data  Gb  ui_common.o [1]
g_ui_draw_context       0x2000'004c     0x4  Data  Gb  ui_draw.o [1]
g_ui_draw_context_work  0x2000'3888    0x38  Data  Gb  ui_draw.o [1]
g_ui_draw_default_context
                         0x803'9524    0x38  Data  Gb  ui_draw.o [1]
g_ui_line_cache_is_valid
                        0x2000'3c33     0x1  Data  Lc  ui_draw.o [1]
g_ui_line_cache_mode    0x2000'3bb0     0x4  Data  Lc  ui_draw.o [1]
g_ui_line_cache_x       0x2000'3b98     0x4  Data  Lc  ui_draw.o [1]
g_ui_line_cache_x_max   0x2000'3ba0     0x4  Data  Lc  ui_draw.o [1]
g_ui_line_cache_x_min   0x2000'3b9c     0x4  Data  Lc  ui_draw.o [1]
g_ui_line_cache_x_size  0x2000'3b94     0x4  Data  Lc  ui_draw.o [1]
g_ui_line_cache_y       0x2000'3ba4     0x4  Data  Lc  ui_draw.o [1]
g_ui_line_cache_y_max   0x2000'3bac     0x4  Data  Lc  ui_draw.o [1]
g_ui_line_cache_y_min   0x2000'3ba8     0x4  Data  Lc  ui_draw.o [1]
g_ui_one_line_cache     0x2000'3520    0x80  Data  Lc  ui_draw.o [1]
g_version_build_time     0x803'b84c    0x1c  Data  Lc  version.o [1]
g_version_str            0x803'b9f4    0x18  Data  Lc  version.o [1]
get_dynamic_string       0x802'1d6d    0x42  Code  Gb  string_data.o [1]
get_font                 0x802'1ca7    0x3e  Code  Gb  font_data.o [1]
get_image                0x802'da4d    0x1c  Code  Gb  image_data.o [1]
get_string               0x802'1d23    0x4a  Code  Gb  string_data.o [1]
hadc                    0x2000'3774    0x54  Data  Gb  adc.o [1]
hcrc                    0x2000'3b0c     0x8  Data  Gb  crc.o [1]
hspi1                   0x2000'366c    0x58  Data  Gb  spi.o [1]
hspi2                   0x2000'36c4    0x58  Data  Gb  spi.o [1]
hspi3                   0x2000'371c    0x58  Data  Gb  spi.o [1]
huart1                  0x2000'37c8    0x40  Data  Gb  usart.o [1]
huart2                  0x2000'3808    0x40  Data  Gb  usart.o [1]
huart3                  0x2000'3848    0x40  Data  Gb  usart.o [1]
iWin.10677              0x2000'397c     0x4  Data  Lc  WM.o [2]
index                   0x2000'3c2d     0x1  Data  Gb  main_run.o [1]
init_all                 0x802'1601    0x14  Code  Gb  init.o [1]
init_app()               0x802'15ff     0x2  Code  Gb  init.o [1]
init_common()            0x802'1599    0x28  Code  Gb  init.o [1]
init_driver              0x802'15c1    0x20  Code  Gb  init.o [1]
init_middleware()        0x802'15e1    0x1e  Code  Gb  init.o [1]
is_module_enable_output
                         0x802'45d9     0xc  Code  Gb  common.o [1]
kSszSPIIODev             0x803'c7b0    0x10  Data  Gb  ssz_spi.o [1]
kSszSimI2CMasterIODev    0x803'c7a0    0x10  Data  Gb  ssz_sim_i2c.o [1]
ldexp                    0x801'd42d          Code  Gb  ldexp.o [4]
ldexpl                   0x801'd42d          Code  Gb  ldexp.o [4]
main                     0x801'e9b1    0x34  Code  Gb  main.o [1]
main_handle_all          0x801'f2f3    0x32  Code  Gb  main_run.o [1]
main_handle_bt_uart_recv
                         0x801'f2bb     0xa  Code  Lc  main_run.o [1]
main_handle_mcu_uart_recv
                         0x801'f2c5     0xa  Code  Lc  main_run.o [1]
main_handle_pc_uart_recv
                         0x801'f2b1     0xa  Code  Lc  main_run.o [1]
main_init_event_handler
                         0x801'f2cf    0x24  Code  Lc  main_run.o [1]
main_run                 0x801'f3b5    0x6c  Code  Gb  main_run.o [1]
memchr                   0x801'd225          Code  Gb  memchr.o [5]
memcmp                   0x802'4571          Code  Gb  memcmp.o [5]
memcpy                   0x802'65dd     0xc  Code  Gb  memcpy.o [5]
memmove                  0x802'6375     0xc  Code  Gb  memmove.o [5]
memset                   0x801'f455    0x14  Code  Gb  memset.o [5]
mid_adc_init             0x802'1e53     0x8  Code  Gb  mid_adc.o [1]
mid_adc_vref_enable      0x802'1e45     0xe  Code  Gb  mid_adc.o [1]
msg_compare_by_msg_id    0x802'29a3    0x12  Code  Gb  msg.o [1]
msg_handle               0x802'2915    0x34  Code  Gb  msg.o [1]
msg_handle_all           0x802'2949    0x22  Code  Gb  msg.o [1]
msg_init                 0x802'28f9    0x1c  Code  Gb  msg.o [1]
msg_is_exist             0x802'29b5    0x20  Code  Gb  msg.o [1]
msg_post                 0x802'296b    0x2e  Code  Lc  msg.o [1]
msg_post_int             0x802'2999     0xa  Code  Gb  msg.o [1]
pill_box_install_sensor_init
                         0x802'2bc1    0x1c  Code  Gb  pill_box_install_detect.o [1]
printf                   0x802'1669    0x28  Code  Gb  printf.o [3]
put_infusion_dose        0x802'd717    0x52  Code  Lc  app_scr_class3.o [1]
put_infusion_seed        0x802'd769    0x34  Code  Lc  app_scr_class3.o [1]
put_infusion_state       0x802'd6a9    0x6e  Code  Lc  app_scr_class3.o [1]
put_left_time            0x802'd5f9    0xb0  Code  Lc  app_scr_class3.o [1]
put_select_stop_infusion
                         0x803'4c4d    0x4c  Code  Lc  app_scr_class2.o [1]
putchar                  0x803'9c5d    0x20  Code  Gb  putchar.o [3]
rtc_init_time_if_not_set
                         0x802'2b0f    0x70  Code  Gb  mid_rtc.o [1]
rtc_scan                 0x802'2a19    0xa4  Code  Gb  mid_rtc.o [1]
rtc_set                  0x802'2abd    0x2c  Code  Gb  mid_rtc.o [1]
rtc_set_time             0x802'2ae9    0x26  Code  Gb  mid_rtc.o [1]
rtc_start_scan           0x802'29f5    0x22  Code  Gb  mid_rtc.o [1]
run_test_after_main      0x802'16b7     0x2  Code  Gb  run_test_after_main.o [1]
scalbln                  0x801'd42d          Code  Gb  ldexp.o [4]
scalblnl                 0x801'd42d          Code  Gb  ldexp.o [4]
scalbn                   0x801'd42d          Code  Gb  ldexp.o [4]
scalbnl                  0x801'd42d          Code  Gb  ldexp.o [4]
scale                    0x801'cfd3    0x46  Code  Lc  xprintffull_nomb.o [3]
screenID                0x2000'3c2e     0x1  Data  Gb  main_run.o [1]
sec_hand                0x2000'3c1c     0x4  Data  Lc  xfail_s.o [3]
set_system_mode          0x802'2fb9     0x6  Code  Gb  mid_common.o [1]
snprintf                 0x802'4901    0x44  Code  Gb  snprintf.o [3]
sprintf                  0x802'd9f1    0x40  Code  Gb  sprintf.o [3]
ssz_bcd_to_decimal       0x802'3da7    0x20  Code  Gb  ssz_utility.o [1]
ssz_decimal_to_bcd       0x802'3d89    0x1e  Code  Gb  ssz_utility.o [1]
ssz_delay_ms             0x802'3de9    0x1c  Code  Gb  ssz_stm32_hal_bsp.o [1]
ssz_delay_us             0x802'3dc9    0x20  Code  Gb  ssz_stm32_hal_bsp.o [1]
ssz_deque_diff_index_simple
                         0x802'401b    0x10  Code  Lc  ssz_deque.o [1]
ssz_deque_emplace        0x802'4405    0x48  Code  Gb  ssz_deque.o [1]
ssz_deque_emplace_back   0x802'43d9    0x2c  Code  Gb  ssz_deque.o [1]
ssz_deque_erase          0x802'444d   0x10c  Code  Gb  ssz_deque.o [1]
ssz_deque_find           0x802'4161    0x32  Code  Gb  ssz_deque.o [1]
ssz_deque_find_from      0x802'4193    0xda  Code  Gb  ssz_deque.o [1]
ssz_deque_front          0x802'4125    0x3c  Code  Gb  ssz_deque.o [1]
ssz_deque_init           0x802'4061    0x38  Code  Gb  ssz_deque.o [1]
ssz_deque_insert_internal
                         0x802'426d   0x138  Code  Gb  ssz_deque.o [1]
ssz_deque_is_empty       0x802'40f7    0x2e  Code  Gb  ssz_deque.o [1]
ssz_deque_is_node_of_index_valid
                         0x802'402b    0x36  Code  Lc  ssz_deque.o [1]
ssz_deque_next           0x802'4099    0x5e  Code  Gb  ssz_deque.o [1]
ssz_deque_next_index_simple
                         0x802'3fd1    0x18  Code  Lc  ssz_deque.o [1]
ssz_deque_pop_front      0x802'43a5    0x34  Code  Gb  ssz_deque.o [1]
ssz_deque_prev_index_simple
                         0x802'3fe9    0x14  Code  Lc  ssz_deque.o [1]
ssz_deque_tail_index_simple
                         0x802'3ffd    0x1e  Code  Lc  ssz_deque.o [1]
ssz_fgetc                0x802'1b21    0x1a  Code  Gb  ssz_file.o [1]
ssz_file_init            0x802'1aad    0x2c  Code  Gb  ssz_file.o [1]
ssz_fread                0x802'1ad9     0xa  Code  Gb  ssz_file.o [1]
ssz_fread_ex             0x802'1ae3    0x3e  Code  Gb  ssz_file.o [1]
ssz_fsize                0x802'1b89    0x1c  Code  Gb  ssz_file.o [1]
ssz_gpio_set_mode        0x802'3e09    0xa6  Code  Gb  ssz_stm32_hal_bsp.o [1]
ssz_ioctl                0x802'1b3b    0x3a  Code  Gb  ssz_file.o [1]
ssz_list_at_pos          0x802'50db    0xa2  Code  Gb  ssz_list.o [1]
ssz_list_begin           0x802'5065    0x32  Code  Gb  ssz_list.o [1]
ssz_list_find_unuse_node
                         0x802'517d    0x8c  Code  Lc  ssz_list.o [1]
ssz_list_insert_internal
                         0x802'5209   0x17a  Code  Gb  ssz_list.o [1]
ssz_list_next            0x802'5097    0x44  Code  Gb  ssz_list.o [1]
ssz_list_push_back       0x802'5383    0x54  Code  Gb  ssz_list.o [1]
ssz_locale_lang          0x802'1c5d     0x6  Code  Gb  ssz_locale.o [1]
ssz_locale_set_country_region
                         0x802'1c69     0x6  Code  Gb  ssz_locale.o [1]
ssz_locale_set_lang      0x802'1c63     0x6  Code  Gb  ssz_locale.o [1]
ssz_mem_zero             0x802'3381     0xe  Code  Gb  ssz_common.o [1]
ssz_now_time_str_for_print
                         0x802'1615     0x8  Code  Gb  ssz_config.o [1]
ssz_on_assert_fail       0x802'161d    0x1e  Code  Gb  ssz_config.o [1]
ssz_on_check_fail        0x802'163b    0x1e  Code  Gb  ssz_config.o [1]
ssz_queue_emplace        0x802'3fc9     0x8  Code  Gb  ssz_queue.o [1]
ssz_queue_front          0x802'3fb9     0x8  Code  Gb  ssz_queue.o [1]
ssz_queue_init           0x802'3fa9     0x8  Code  Gb  ssz_queue.o [1]
ssz_queue_is_empty       0x802'3fb1     0x8  Code  Gb  ssz_queue.o [1]
ssz_queue_pop            0x802'3fc1     0x8  Code  Gb  ssz_queue.o [1]
ssz_sim_i2c_master_file_ctl
                         0x802'3d03    0x3e  Code  Lc  ssz_sim_i2c.o [1]
ssz_sim_i2c_master_file_read
                         0x802'3caf    0x2a  Code  Lc  ssz_sim_i2c.o [1]
ssz_sim_i2c_master_file_write
                         0x802'3cd9    0x2a  Code  Lc  ssz_sim_i2c.o [1]
ssz_sim_i2c_master_force_slaver_release
                         0x802'3c5f    0x50  Code  Gb  ssz_sim_i2c.o [1]
ssz_sim_i2c_master_init
                         0x802'3d41    0x3a  Code  Gb  ssz_sim_i2c.o [1]
ssz_sim_i2c_master_is_slaver_busy
                         0x802'3c3d    0x22  Code  Gb  ssz_sim_i2c.o [1]
ssz_sim_i2c_master_read
                         0x802'3b71    0x66  Code  Gb  ssz_sim_i2c.o [1]
ssz_sim_i2c_master_write
                         0x802'3bd7    0x66  Code  Gb  ssz_sim_i2c.o [1]
ssz_sim_i2c_read_ack     0x802'3a55    0x4c  Code  Gb  ssz_sim_i2c.o [1]
ssz_sim_i2c_read_byte    0x802'3aa1    0x62  Code  Gb  ssz_sim_i2c.o [1]
ssz_sim_i2c_send_ack     0x802'39c1    0x4a  Code  Gb  ssz_sim_i2c.o [1]
ssz_sim_i2c_send_nack    0x802'3a0b    0x4a  Code  Gb  ssz_sim_i2c.o [1]
ssz_sim_i2c_start        0x802'3921    0x50  Code  Gb  ssz_sim_i2c.o [1]
ssz_sim_i2c_stop         0x802'3971    0x50  Code  Gb  ssz_sim_i2c.o [1]
ssz_sim_i2c_write_byte   0x802'3b03    0x6e  Code  Gb  ssz_sim_i2c.o [1]
ssz_sleep                0x802'3e05     0x4  Code  Gb  ssz_stm32_hal_bsp.o [1]
ssz_spi_file_ctl         0x802'3f4d    0x40  Code  Lc  ssz_spi.o [1]
ssz_spi_file_read        0x802'3ef9    0x2a  Code  Lc  ssz_spi.o [1]
ssz_spi_file_write       0x802'3f23    0x2a  Code  Lc  ssz_spi.o [1]
ssz_spi_init             0x802'3f8d    0x18  Code  Gb  ssz_spi.o [1]
ssz_spi_read             0x802'3ec1    0x1a  Code  Gb  ssz_stm32_hal_bsp.o [1]
ssz_spi_wait_write_finish
                         0x802'3ef5     0x2  Code  Gb  ssz_stm32_hal_bsp.o [1]
ssz_spi_write            0x802'3edb    0x1a  Code  Gb  ssz_stm32_hal_bsp.o [1]
ssz_stop_watch_init      0x802'4855     0x6  Code  Gb  ssz_stop_watch.o [1]
ssz_tick_time_elapsed    0x802'2f45     0xc  Code  Gb  ssz_tick_time.o [1]
ssz_tick_time_elapsed_ex
                         0x802'2f51    0x10  Code  Gb  ssz_tick_time.o [1]
ssz_tick_time_increase   0x802'2eb9    0x28  Code  Gb  ssz_tick_time.o [1]
ssz_tick_time_is_after_or_eq
                         0x802'2f61    0x1a  Code  Gb  ssz_tick_time.o [1]
ssz_tick_time_next       0x802'2ef7     0xe  Code  Gb  ssz_tick_time.o [1]
ssz_tick_time_next_ex    0x802'2ee1    0x16  Code  Gb  ssz_tick_time.o [1]
ssz_tick_time_now        0x802'2f05     0x6  Code  Gb  ssz_tick_time.o [1]
ssz_tick_time_now_str    0x802'2f0b    0x26  Code  Gb  ssz_tick_time.o [1]
ssz_tick_time_str        0x802'2f31    0x14  Code  Gb  ssz_tick_time.o [1]
ssz_week_day             0x802'47d9    0x7c  Code  Gb  ssz_time_utility.o [1]
start_system_scan()      0x802'1699     0x8  Code  Gb  do_before_main_loop.o [1]
stop_watch_init          0x802'2ba1    0x14  Code  Gb  stop_watch.o [1]
strcat                   0x802'db41    0x1e  Code  Gb  strcat.o [3]
strchr                   0x801'd129          Code  Gb  strchr.o [5]
strcpy                   0x802'e415          Code  Gb  strcpy.o [5]
string_data_select_by_lang
                         0x802'1cf5    0x2e  Code  Gb  string_data.o [1]
strlen                   0x801'd1b9          Code  Gb  strlen.o [5]
sys_master_mcu_power_enable
                         0x802'1e01    0x10  Code  Gb  sys_power.o [1]
sys_power_enable         0x802'1df1    0x10  Code  Gb  sys_power.o [1]
test                     0x801'f339    0x7c  Code  Gb  main_run.o [1]
timer_handle_all         0x802'190f     0xa  Code  Gb  timer.o [1]
timer_handle_all_of_group
                         0x802'1919    0x6e  Code  Gb  timer.o [1]
timer_set_handler        0x802'180d     0xc  Code  Gb  timer.o [1]
timer_set_handler_and_group
                         0x802'1819    0x38  Code  Gb  timer.o [1]
timer_start_oneshot_after
                         0x802'1851    0x5e  Code  Gb  timer.o [1]
timer_start_periodic_every
                         0x802'18af    0x28  Code  Gb  timer.o [1]
timer_stop               0x802'18d7    0x38  Code  Gb  timer.o [1]
ui_common_color_to_dev_color
                         0x802'1dd1    0x18  Code  Gb  ssz_ui_config.o [1]
ui_config                0x802'1dc9     0x8  Code  Gb  ssz_ui_config.o [1]
ui_draw_pixel_with_color_at
                         0x802'3769    0x4a  Code  Gb  ui_draw.o [1]
ui_draw_to_dev           0x802'1de9     0x8  Code  Gb  ssz_ui_config.o [1]
ui_flush_line_cache      0x802'38c9    0x24  Code  Gb  ui_draw.o [1]
ui_get_current_hwin      0x803'4ddd     0x6  Code  Gb  ui_common.o [1]
ui_rect_is_intersect_ex
                         0x802'489d    0x62  Code  Gb  ui_utility.o [1]
ui_rect_merge            0x802'485b    0x42  Code  Gb  ui_utility.o [1]
ui_set_default_draw_context
                         0x802'3755    0x14  Code  Gb  ui_draw.o [1]
ui_set_pixel_at_line_cache
                         0x802'3815    0xb4  Code  Gb  ui_draw.o [1]
ui_start_line_cache      0x802'37b3    0x62  Code  Gb  ui_draw.o [1]
uwTick                  0x2000'3b8c     0x4  Data  Gb  stm32l1xx_hal.o [1]
uwTickFreq              0x2000'0044     0x4  Data  Gb  stm32l1xx_hal.o [1]
uwTickPrio              0x2000'0040     0x4  Data  Gb  stm32l1xx_hal.o [1]
version_software_name    0x802'1691     0x4  Code  Gb  version.o [1]
wm_bk_callback           0x801'f325    0x14  Code  Gb  main_run.o [1]
xSizeDisplay.10988      0x2000'3ae8     0x4  Data  Lc  IMAGE.o [2]
ySizeDisplay.10989      0x2000'3aec     0x4  Data  Lc  IMAGE.o [2]


[1] = D:\1-WORK\ProjectFiles\PCA_Pump\code\master-new\build\IAR\Debug\Obj
[2] = STemWin_CM3_wc32.a
[3] = dl7M_tln.a
[4] = m7M_tl.a
[5] = rt7M_tl.a
[6] = shb_l.a

   72'856 bytes of readonly  code memory
  181'037 bytes of readonly  data memory
   23'607 bytes of readwrite data memory

Errors: none
Warnings: none
