###############################################################################
#
# IAR ELF Linker V8.40.1.212/W32 for ARM                  04/Jun/2020  17:44:47
# Copyright 2007-2019 IAR Systems AB.
#
#    Output file  =
#        D:\1-WORK\ProjectFiles\PCA_Pump\code\master-new\build\IAR\Debug\Exe\Chemo-PumpV1_0_master.out
#    Map file     =
#        D:\1-WORK\ProjectFiles\PCA_Pump\code\master-new\build\IAR\Debug\List\Chemo-PumpV1_0_master.map
#    Command line =
#        -f C:\Users\MICROP~1\AppData\Local\Temp\EWB28.tmp
#        (D:\1-WORK\ProjectFiles\PCA_Pump\code\master-new\build\IAR\Debug\Obj\AC.o
#        D:\1-WORK\ProjectFiles\PCA_Pump\code\master-new\build\IAR\Debug\Obj\adc.o
#        D:\1-WORK\ProjectFiles\PCA_Pump\code\master-new\build\IAR\Debug\Obj\alarm.o
#        D:\1-WORK\ProjectFiles\PCA_Pump\code\master-new\build\IAR\Debug\Obj\alarm_play.o
#        D:\1-WORK\ProjectFiles\PCA_Pump\code\master-new\build\IAR\Debug\Obj\app_route.o
#        D:\1-WORK\ProjectFiles\PCA_Pump\code\master-new\build\IAR\Debug\Obj\app_scr_class1.o
#        D:\1-WORK\ProjectFiles\PCA_Pump\code\master-new\build\IAR\Debug\Obj\app_scr_class10.o
#        D:\1-WORK\ProjectFiles\PCA_Pump\code\master-new\build\IAR\Debug\Obj\app_scr_class11.o
#        D:\1-WORK\ProjectFiles\PCA_Pump\code\master-new\build\IAR\Debug\Obj\app_scr_class12.o
#        D:\1-WORK\ProjectFiles\PCA_Pump\code\master-new\build\IAR\Debug\Obj\app_scr_class13.o
#        D:\1-WORK\ProjectFiles\PCA_Pump\code\master-new\build\IAR\Debug\Obj\app_scr_class14.o
#        D:\1-WORK\ProjectFiles\PCA_Pump\code\master-new\build\IAR\Debug\Obj\app_scr_class15.o
#        D:\1-WORK\ProjectFiles\PCA_Pump\code\master-new\build\IAR\Debug\Obj\app_scr_class16.o
#        D:\1-WORK\ProjectFiles\PCA_Pump\code\master-new\build\IAR\Debug\Obj\app_scr_class17.o
#        D:\1-WORK\ProjectFiles\PCA_Pump\code\master-new\build\IAR\Debug\Obj\app_scr_class18.o
#        D:\1-WORK\ProjectFiles\PCA_Pump\code\master-new\build\IAR\Debug\Obj\app_scr_class19.o
#        D:\1-WORK\ProjectFiles\PCA_Pump\code\master-new\build\IAR\Debug\Obj\app_scr_class2.o
#        D:\1-WORK\ProjectFiles\PCA_Pump\code\master-new\build\IAR\Debug\Obj\app_scr_class20.o
#        D:\1-WORK\ProjectFiles\PCA_Pump\code\master-new\build\IAR\Debug\Obj\app_scr_class3.o
#        D:\1-WORK\ProjectFiles\PCA_Pump\code\master-new\build\IAR\Debug\Obj\app_scr_class4.o
#        D:\1-WORK\ProjectFiles\PCA_Pump\code\master-new\build\IAR\Debug\Obj\app_scr_class5.o
#        D:\1-WORK\ProjectFiles\PCA_Pump\code\master-new\build\IAR\Debug\Obj\app_scr_class6.o
#        D:\1-WORK\ProjectFiles\PCA_Pump\code\master-new\build\IAR\Debug\Obj\app_scr_class8.o
#        D:\1-WORK\ProjectFiles\PCA_Pump\code\master-new\build\IAR\Debug\Obj\app_scr_class9.o
#        D:\1-WORK\ProjectFiles\PCA_Pump\code\master-new\build\IAR\Debug\Obj\app_scr_error_22000.o
#        D:\1-WORK\ProjectFiles\PCA_Pump\code\master-new\build\IAR\Debug\Obj\app_scr_exhaust_11200.o
#        D:\1-WORK\ProjectFiles\PCA_Pump\code\master-new\build\IAR\Debug\Obj\app_scr_exhaust_pause.o
#        D:\1-WORK\ProjectFiles\PCA_Pump\code\master-new\build\IAR\Debug\Obj\app_scr_exhaust_start.o
#        D:\1-WORK\ProjectFiles\PCA_Pump\code\master-new\build\IAR\Debug\Obj\app_scr_exhaust_tip_11100.o
#        D:\1-WORK\ProjectFiles\PCA_Pump\code\master-new\build\IAR\Debug\Obj\app_scr_histroy_15100.o
#        D:\1-WORK\ProjectFiles\PCA_Pump\code\master-new\build\IAR\Debug\Obj\app_scr_home_02000.o
#        D:\1-WORK\ProjectFiles\PCA_Pump\code\master-new\build\IAR\Debug\Obj\app_scr_infusion_speed_12400.o
#        D:\1-WORK\ProjectFiles\PCA_Pump\code\master-new\build\IAR\Debug\Obj\app_scr_init_screen.o
#        D:\1-WORK\ProjectFiles\PCA_Pump\code\master-new\build\IAR\Debug\Obj\app_scr_lock_error_34000.o
#        D:\1-WORK\ProjectFiles\PCA_Pump\code\master-new\build\IAR\Debug\Obj\app_scr_lock_method_33000.o
#        D:\1-WORK\ProjectFiles\PCA_Pump\code\master-new\build\IAR\Debug\Obj\app_scr_lock_tip_32000.o
#        D:\1-WORK\ProjectFiles\PCA_Pump\code\master-new\build\IAR\Debug\Obj\app_scr_logo_01000.o
#        D:\1-WORK\ProjectFiles\PCA_Pump\code\master-new\build\IAR\Debug\Obj\app_scr_main_menu_11000.o
#        D:\1-WORK\ProjectFiles\PCA_Pump\code\master-new\build\IAR\Debug\Obj\app_scr_set_14100.o
#        D:\1-WORK\ProjectFiles\PCA_Pump\code\master-new\build\IAR\Debug\Obj\app_scr_set_date_14120.o
#        D:\1-WORK\ProjectFiles\PCA_Pump\code\master-new\build\IAR\Debug\Obj\app_scr_set_dose_12300.o
#        D:\1-WORK\ProjectFiles\PCA_Pump\code\master-new\build\IAR\Debug\Obj\app_scr_set_time_14110.o
#        D:\1-WORK\ProjectFiles\PCA_Pump\code\master-new\build\IAR\Debug\Obj\app_scr_set_year_14130.o
#        D:\1-WORK\ProjectFiles\PCA_Pump\code\master-new\build\IAR\Debug\Obj\app_scr_shutdown_41000.o
#        D:\1-WORK\ProjectFiles\PCA_Pump\code\master-new\build\IAR\Debug\Obj\app_scr_stop_infusion_13100.o
#        D:\1-WORK\ProjectFiles\PCA_Pump\code\master-new\build\IAR\Debug\Obj\app_scr_test_current_max.o
#        D:\1-WORK\ProjectFiles\PCA_Pump\code\master-new\build\IAR\Debug\Obj\app_scr_test_current_min.o
#        D:\1-WORK\ProjectFiles\PCA_Pump\code\master-new\build\IAR\Debug\Obj\app_scr_test_gain.o
#        D:\1-WORK\ProjectFiles\PCA_Pump\code\master-new\build\IAR\Debug\Obj\app_scr_test_minus_offset.o
#        D:\1-WORK\ProjectFiles\PCA_Pump\code\master-new\build\IAR\Debug\Obj\app_scr_test_plus_offset.o
#        D:\1-WORK\ProjectFiles\PCA_Pump\code\master-new\build\IAR\Debug\Obj\app_scr_version_14140.o
#        D:\1-WORK\ProjectFiles\PCA_Pump\code\master-new\build\IAR\Debug\Obj\AutoCycle.o
#        D:\1-WORK\ProjectFiles\PCA_Pump\code\master-new\build\IAR\Debug\Obj\AutoCycle_breaktime.o
#        D:\1-WORK\ProjectFiles\PCA_Pump\code\master-new\build\IAR\Debug\Obj\AutoCycle_effectivetime.o
#        D:\1-WORK\ProjectFiles\PCA_Pump\code\master-new\build\IAR\Debug\Obj\AutoCycle_rate.o
#        D:\1-WORK\ProjectFiles\PCA_Pump\code\master-new\build\IAR\Debug\Obj\AutoCycle_worktime.o
#        D:\1-WORK\ProjectFiles\PCA_Pump\code\master-new\build\IAR\Debug\Obj\battery_AC.o
#        D:\1-WORK\ProjectFiles\PCA_Pump\code\master-new\build\IAR\Debug\Obj\battery_empty.o
#        D:\1-WORK\ProjectFiles\PCA_Pump\code\master-new\build\IAR\Debug\Obj\battery_full.o
#        D:\1-WORK\ProjectFiles\PCA_Pump\code\master-new\build\IAR\Debug\Obj\battery_no.o
#        D:\1-WORK\ProjectFiles\PCA_Pump\code\master-new\build\IAR\Debug\Obj\battery_one.o
#        D:\1-WORK\ProjectFiles\PCA_Pump\code\master-new\build\IAR\Debug\Obj\battery_three.o
#        D:\1-WORK\ProjectFiles\PCA_Pump\code\master-new\build\IAR\Debug\Obj\battery_two.o
#        D:\1-WORK\ProjectFiles\PCA_Pump\code\master-new\build\IAR\Debug\Obj\clock.o
#        D:\1-WORK\ProjectFiles\PCA_Pump\code\master-new\build\IAR\Debug\Obj\com.o
#        D:\1-WORK\ProjectFiles\PCA_Pump\code\master-new\build\IAR\Debug\Obj\common.o
#        D:\1-WORK\ProjectFiles\PCA_Pump\code\master-new\build\IAR\Debug\Obj\config.o
#        D:\1-WORK\ProjectFiles\PCA_Pump\code\master-new\build\IAR\Debug\Obj\cpu_usage.o
#        D:\1-WORK\ProjectFiles\PCA_Pump\code\master-new\build\IAR\Debug\Obj\crc.o
#        D:\1-WORK\ProjectFiles\PCA_Pump\code\master-new\build\IAR\Debug\Obj\data.o
#        D:\1-WORK\ProjectFiles\PCA_Pump\code\master-new\build\IAR\Debug\Obj\dengxian_regular_14.o
#        D:\1-WORK\ProjectFiles\PCA_Pump\code\master-new\build\IAR\Debug\Obj\dev_def.o
#        D:\1-WORK\ProjectFiles\PCA_Pump\code\master-new\build\IAR\Debug\Obj\display.o
#        D:\1-WORK\ProjectFiles\PCA_Pump\code\master-new\build\IAR\Debug\Obj\do_before_main_loop.o
#        D:\1-WORK\ProjectFiles\PCA_Pump\code\master-new\build\IAR\Debug\Obj\drv_com.o
#        D:\1-WORK\ProjectFiles\PCA_Pump\code\master-new\build\IAR\Debug\Obj\drv_infusion_motor.o
#        D:\1-WORK\ProjectFiles\PCA_Pump\code\master-new\build\IAR\Debug\Obj\drv_interrupt.o
#        D:\1-WORK\ProjectFiles\PCA_Pump\code\master-new\build\IAR\Debug\Obj\drv_isd2360.o
#        D:\1-WORK\ProjectFiles\PCA_Pump\code\master-new\build\IAR\Debug\Obj\drv_key.o
#        D:\1-WORK\ProjectFiles\PCA_Pump\code\master-new\build\IAR\Debug\Obj\drv_lowpower.o
#        D:\1-WORK\ProjectFiles\PCA_Pump\code\master-new\build\IAR\Debug\Obj\drv_oled.o
#        D:\1-WORK\ProjectFiles\PCA_Pump\code\master-new\build\IAR\Debug\Obj\drv_rtc.o
#        D:\1-WORK\ProjectFiles\PCA_Pump\code\master-new\build\IAR\Debug\Obj\drv_sst25_flash.o
#        D:\1-WORK\ProjectFiles\PCA_Pump\code\master-new\build\IAR\Debug\Obj\drv_stf_motor.o
#        D:\1-WORK\ProjectFiles\PCA_Pump\code\master-new\build\IAR\Debug\Obj\dtimer.o
#        D:\1-WORK\ProjectFiles\PCA_Pump\code\master-new\build\IAR\Debug\Obj\error.o
#        D:\1-WORK\ProjectFiles\PCA_Pump\code\master-new\build\IAR\Debug\Obj\ert_channelsADC_Major.o
#        D:\1-WORK\ProjectFiles\PCA_Pump\code\master-new\build\IAR\Debug\Obj\ert_getKeyVector.o
#        D:\1-WORK\ProjectFiles\PCA_Pump\code\master-new\build\IAR\Debug\Obj\ert_RTC.o
#        D:\1-WORK\ProjectFiles\PCA_Pump\code\master-new\build\IAR\Debug\Obj\event.o
#        D:\1-WORK\ProjectFiles\PCA_Pump\code\master-new\build\IAR\Debug\Obj\exhaust.o
#        D:\1-WORK\ProjectFiles\PCA_Pump\code\master-new\build\IAR\Debug\Obj\exhaust_pause.o
#        D:\1-WORK\ProjectFiles\PCA_Pump\code\master-new\build\IAR\Debug\Obj\exhaust_run.o
#        D:\1-WORK\ProjectFiles\PCA_Pump\code\master-new\build\IAR\Debug\Obj\flush_max_dose_selected.o
#        D:\1-WORK\ProjectFiles\PCA_Pump\code\master-new\build\IAR\Debug\Obj\flush_max_dose_unselected.o
#        D:\1-WORK\ProjectFiles\PCA_Pump\code\master-new\build\IAR\Debug\Obj\font_data.o
#        D:\1-WORK\ProjectFiles\PCA_Pump\code\master-new\build\IAR\Debug\Obj\gpio.o
#        D:\1-WORK\ProjectFiles\PCA_Pump\code\master-new\build\IAR\Debug\Obj\greatest.o
#        D:\1-WORK\ProjectFiles\PCA_Pump\code\master-new\build\IAR\Debug\Obj\GUI_X.o
#        D:\1-WORK\ProjectFiles\PCA_Pump\code\master-new\build\IAR\Debug\Obj\GUIConf.o
#        D:\1-WORK\ProjectFiles\PCA_Pump\code\master-new\build\IAR\Debug\Obj\GUIDRV_Template.o
#        D:\1-WORK\ProjectFiles\PCA_Pump\code\master-new\build\IAR\Debug\Obj\heiti_regular_20.o
#        D:\1-WORK\ProjectFiles\PCA_Pump\code\master-new\build\IAR\Debug\Obj\heiti_regular_60.o
#        D:\1-WORK\ProjectFiles\PCA_Pump\code\master-new\build\IAR\Debug\Obj\heiti_regular_88.o
#        D:\1-WORK\ProjectFiles\PCA_Pump\code\master-new\build\IAR\Debug\Obj\history_log.o
#        D:\1-WORK\ProjectFiles\PCA_Pump\code\master-new\build\IAR\Debug\Obj\image_data.o
#        D:\1-WORK\ProjectFiles\PCA_Pump\code\master-new\build\IAR\Debug\Obj\info_select.o
#        D:\1-WORK\ProjectFiles\PCA_Pump\code\master-new\build\IAR\Debug\Obj\info_unselect.o
#        D:\1-WORK\ProjectFiles\PCA_Pump\code\master-new\build\IAR\Debug\Obj\infusion_motor.o
#        D:\1-WORK\ProjectFiles\PCA_Pump\code\master-new\build\IAR\Debug\Obj\infusion_pause.o
#        D:\1-WORK\ProjectFiles\PCA_Pump\code\master-new\build\IAR\Debug\Obj\infusion_run.o
#        D:\1-WORK\ProjectFiles\PCA_Pump\code\master-new\build\IAR\Debug\Obj\infusion_stop.o
#        D:\1-WORK\ProjectFiles\PCA_Pump\code\master-new\build\IAR\Debug\Obj\init.o
#        D:\1-WORK\ProjectFiles\PCA_Pump\code\master-new\build\IAR\Debug\Obj\key.o
#        D:\1-WORK\ProjectFiles\PCA_Pump\code\master-new\build\IAR\Debug\Obj\LCDConf_FlexColor_Template.o
#        D:\1-WORK\ProjectFiles\PCA_Pump\code\master-new\build\IAR\Debug\Obj\led.o
#        D:\1-WORK\ProjectFiles\PCA_Pump\code\master-new\build\IAR\Debug\Obj\left_arrow.o
#        D:\1-WORK\ProjectFiles\PCA_Pump\code\master-new\build\IAR\Debug\Obj\lock.o
#        D:\1-WORK\ProjectFiles\PCA_Pump\code\master-new\build\IAR\Debug\Obj\log_alarm.o
#        D:\1-WORK\ProjectFiles\PCA_Pump\code\master-new\build\IAR\Debug\Obj\log_opeartion.o
#        D:\1-WORK\ProjectFiles\PCA_Pump\code\master-new\build\IAR\Debug\Obj\logo.o
#        D:\1-WORK\ProjectFiles\PCA_Pump\code\master-new\build\IAR\Debug\Obj\main.o
#        D:\1-WORK\ProjectFiles\PCA_Pump\code\master-new\build\IAR\Debug\Obj\main_run.o
#        D:\1-WORK\ProjectFiles\PCA_Pump\code\master-new\build\IAR\Debug\Obj\mid_adc.o
#        D:\1-WORK\ProjectFiles\PCA_Pump\code\master-new\build\IAR\Debug\Obj\mid_common.o
#        D:\1-WORK\ProjectFiles\PCA_Pump\code\master-new\build\IAR\Debug\Obj\mid_rtc.o
#        D:\1-WORK\ProjectFiles\PCA_Pump\code\master-new\build\IAR\Debug\Obj\mode_selected.o
#        D:\1-WORK\ProjectFiles\PCA_Pump\code\master-new\build\IAR\Debug\Obj\mode_unselected.o
#        D:\1-WORK\ProjectFiles\PCA_Pump\code\master-new\build\IAR\Debug\Obj\msg.o
#        D:\1-WORK\ProjectFiles\PCA_Pump\code\master-new\build\IAR\Debug\Obj\mute.o
#        D:\1-WORK\ProjectFiles\PCA_Pump\code\master-new\build\IAR\Debug\Obj\mute_small.o
#        D:\1-WORK\ProjectFiles\PCA_Pump\code\master-new\build\IAR\Debug\Obj\new_task.o
#        D:\1-WORK\ProjectFiles\PCA_Pump\code\master-new\build\IAR\Debug\Obj\param.o
#        D:\1-WORK\ProjectFiles\PCA_Pump\code\master-new\build\IAR\Debug\Obj\passwordchange.o
#        D:\1-WORK\ProjectFiles\PCA_Pump\code\master-new\build\IAR\Debug\Obj\passwordnotchange.o
#        D:\1-WORK\ProjectFiles\PCA_Pump\code\master-new\build\IAR\Debug\Obj\PCA.o
#        D:\1-WORK\ProjectFiles\PCA_Pump\code\master-new\build\IAR\Debug\Obj\PCA_first.o
#        D:\1-WORK\ProjectFiles\PCA_Pump\code\master-new\build\IAR\Debug\Obj\PCA_regular.o
#        D:\1-WORK\ProjectFiles\PCA_Pump\code\master-new\build\IAR\Debug\Obj\PCA_time.o
#        D:\1-WORK\ProjectFiles\PCA_Pump\code\master-new\build\IAR\Debug\Obj\peak_set_select.o
#        D:\1-WORK\ProjectFiles\PCA_Pump\code\master-new\build\IAR\Debug\Obj\peak_set_unselect.o
#        D:\1-WORK\ProjectFiles\PCA_Pump\code\master-new\build\IAR\Debug\Obj\pill_box_install_detect.o
#        D:\1-WORK\ProjectFiles\PCA_Pump\code\master-new\build\IAR\Debug\Obj\poweroffcheck.o
#        D:\1-WORK\ProjectFiles\PCA_Pump\code\master-new\build\IAR\Debug\Obj\pressure_bubble_sensor.o
#        D:\1-WORK\ProjectFiles\PCA_Pump\code\master-new\build\IAR\Debug\Obj\read.o
#        D:\1-WORK\ProjectFiles\PCA_Pump\code\master-new\build\IAR\Debug\Obj\record_log.o
#        D:\1-WORK\ProjectFiles\PCA_Pump\code\master-new\build\IAR\Debug\Obj\record_log_text.o
#        D:\1-WORK\ProjectFiles\PCA_Pump\code\master-new\build\IAR\Debug\Obj\right_arrow.o
#        D:\1-WORK\ProjectFiles\PCA_Pump\code\master-new\build\IAR\Debug\Obj\run_all_test_suite.o
#        D:\1-WORK\ProjectFiles\PCA_Pump\code\master-new\build\IAR\Debug\Obj\run_test.o
#        D:\1-WORK\ProjectFiles\PCA_Pump\code\master-new\build\IAR\Debug\Obj\run_test_after_main.o
#        D:\1-WORK\ProjectFiles\PCA_Pump\code\master-new\build\IAR\Debug\Obj\select_1.o
#        D:\1-WORK\ProjectFiles\PCA_Pump\code\master-new\build\IAR\Debug\Obj\select_2.o
#        D:\1-WORK\ProjectFiles\PCA_Pump\code\master-new\build\IAR\Debug\Obj\selected_pointer.o
#        D:\1-WORK\ProjectFiles\PCA_Pump\code\master-new\build\IAR\Debug\Obj\set_arrow.o
#        D:\1-WORK\ProjectFiles\PCA_Pump\code\master-new\build\IAR\Debug\Obj\setmenu_passwordn.o
#        D:\1-WORK\ProjectFiles\PCA_Pump\code\master-new\build\IAR\Debug\Obj\setmenu_time.o
#        D:\1-WORK\ProjectFiles\PCA_Pump\code\master-new\build\IAR\Debug\Obj\setmenu_unit.o
#        D:\1-WORK\ProjectFiles\PCA_Pump\code\master-new\build\IAR\Debug\Obj\setmenu_version.o
#        D:\1-WORK\ProjectFiles\PCA_Pump\code\master-new\build\IAR\Debug\Obj\simple_alloc.o
#        D:\1-WORK\ProjectFiles\PCA_Pump\code\master-new\build\IAR\Debug\Obj\sound_pause.o
#        D:\1-WORK\ProjectFiles\PCA_Pump\code\master-new\build\IAR\Debug\Obj\spi.o
#        D:\1-WORK\ProjectFiles\PCA_Pump\code\master-new\build\IAR\Debug\Obj\ssz_algorithm.o
#        D:\1-WORK\ProjectFiles\PCA_Pump\code\master-new\build\IAR\Debug\Obj\ssz_block_file.o
#        D:\1-WORK\ProjectFiles\PCA_Pump\code\master-new\build\IAR\Debug\Obj\ssz_common.o
#        D:\1-WORK\ProjectFiles\PCA_Pump\code\master-new\build\IAR\Debug\Obj\ssz_config.o
#        D:\1-WORK\ProjectFiles\PCA_Pump\code\master-new\build\IAR\Debug\Obj\ssz_deque.o
#        D:\1-WORK\ProjectFiles\PCA_Pump\code\master-new\build\IAR\Debug\Obj\ssz_file.o
#        D:\1-WORK\ProjectFiles\PCA_Pump\code\master-new\build\IAR\Debug\Obj\ssz_gpio.o
#        D:\1-WORK\ProjectFiles\PCA_Pump\code\master-new\build\IAR\Debug\Obj\ssz_i2c.o
#        D:\1-WORK\ProjectFiles\PCA_Pump\code\master-new\build\IAR\Debug\Obj\ssz_list.o
#        D:\1-WORK\ProjectFiles\PCA_Pump\code\master-new\build\IAR\Debug\Obj\ssz_locale.o
#        D:\1-WORK\ProjectFiles\PCA_Pump\code\master-new\build\IAR\Debug\Obj\ssz_map.o
#        D:\1-WORK\ProjectFiles\PCA_Pump\code\master-new\build\IAR\Debug\Obj\ssz_nvram.o
#        D:\1-WORK\ProjectFiles\PCA_Pump\code\master-new\build\IAR\Debug\Obj\ssz_precision_tick_time.o
#        D:\1-WORK\ProjectFiles\PCA_Pump\code\master-new\build\IAR\Debug\Obj\ssz_queue.o
#        D:\1-WORK\ProjectFiles\PCA_Pump\code\master-new\build\IAR\Debug\Obj\ssz_record.o
#        D:\1-WORK\ProjectFiles\PCA_Pump\code\master-new\build\IAR\Debug\Obj\ssz_safe_queue.o
#        D:\1-WORK\ProjectFiles\PCA_Pump\code\master-new\build\IAR\Debug\Obj\ssz_sim_i2c.o
#        D:\1-WORK\ProjectFiles\PCA_Pump\code\master-new\build\IAR\Debug\Obj\ssz_simulator_bsp.o
#        D:\1-WORK\ProjectFiles\PCA_Pump\code\master-new\build\IAR\Debug\Obj\ssz_spi.o
#        D:\1-WORK\ProjectFiles\PCA_Pump\code\master-new\build\IAR\Debug\Obj\ssz_stack.o
#        D:\1-WORK\ProjectFiles\PCA_Pump\code\master-new\build\IAR\Debug\Obj\ssz_stm32_hal_bsp.o
#        D:\1-WORK\ProjectFiles\PCA_Pump\code\master-new\build\IAR\Debug\Obj\ssz_stop_watch.o
#        D:\1-WORK\ProjectFiles\PCA_Pump\code\master-new\build\IAR\Debug\Obj\ssz_str_utility.o
#        D:\1-WORK\ProjectFiles\PCA_Pump\code\master-new\build\IAR\Debug\Obj\ssz_tick_time.o
#        D:\1-WORK\ProjectFiles\PCA_Pump\code\master-new\build\IAR\Debug\Obj\ssz_time.o
#        D:\1-WORK\ProjectFiles\PCA_Pump\code\master-new\build\IAR\Debug\Obj\ssz_time_utility.o
#        D:\1-WORK\ProjectFiles\PCA_Pump\code\master-new\build\IAR\Debug\Obj\ssz_timer.o
#        D:\1-WORK\ProjectFiles\PCA_Pump\code\master-new\build\IAR\Debug\Obj\ssz_uart.o
#        D:\1-WORK\ProjectFiles\PCA_Pump\code\master-new\build\IAR\Debug\Obj\ssz_ui_config.o
#        D:\1-WORK\ProjectFiles\PCA_Pump\code\master-new\build\IAR\Debug\Obj\ssz_utility.o
#        D:\1-WORK\ProjectFiles\PCA_Pump\code\master-new\build\IAR\Debug\Obj\ssz_vector.o
#        D:\1-WORK\ProjectFiles\PCA_Pump\code\master-new\build\IAR\Debug\Obj\startup_stm32l152xca.o
#        D:\1-WORK\ProjectFiles\PCA_Pump\code\master-new\lib\emwin\Lib\STemWin_CM3_wc32.a
#        D:\1-WORK\ProjectFiles\PCA_Pump\code\master-new\build\IAR\Debug\Obj\stm32l1xx_hal.o
#        D:\1-WORK\ProjectFiles\PCA_Pump\code\master-new\build\IAR\Debug\Obj\stm32l1xx_hal_adc.o
#        D:\1-WORK\ProjectFiles\PCA_Pump\code\master-new\build\IAR\Debug\Obj\stm32l1xx_hal_adc_ex.o
#        D:\1-WORK\ProjectFiles\PCA_Pump\code\master-new\build\IAR\Debug\Obj\stm32l1xx_hal_cortex.o
#        D:\1-WORK\ProjectFiles\PCA_Pump\code\master-new\build\IAR\Debug\Obj\stm32l1xx_hal_crc.o
#        D:\1-WORK\ProjectFiles\PCA_Pump\code\master-new\build\IAR\Debug\Obj\stm32l1xx_hal_dma.o
#        D:\1-WORK\ProjectFiles\PCA_Pump\code\master-new\build\IAR\Debug\Obj\stm32l1xx_hal_flash.o
#        D:\1-WORK\ProjectFiles\PCA_Pump\code\master-new\build\IAR\Debug\Obj\stm32l1xx_hal_flash_ex.o
#        D:\1-WORK\ProjectFiles\PCA_Pump\code\master-new\build\IAR\Debug\Obj\stm32l1xx_hal_flash_ramfunc.o
#        D:\1-WORK\ProjectFiles\PCA_Pump\code\master-new\build\IAR\Debug\Obj\stm32l1xx_hal_gpio.o
#        D:\1-WORK\ProjectFiles\PCA_Pump\code\master-new\build\IAR\Debug\Obj\stm32l1xx_hal_msp.o
#        D:\1-WORK\ProjectFiles\PCA_Pump\code\master-new\build\IAR\Debug\Obj\stm32l1xx_hal_pwr.o
#        D:\1-WORK\ProjectFiles\PCA_Pump\code\master-new\build\IAR\Debug\Obj\stm32l1xx_hal_pwr_ex.o
#        D:\1-WORK\ProjectFiles\PCA_Pump\code\master-new\build\IAR\Debug\Obj\stm32l1xx_hal_rcc.o
#        D:\1-WORK\ProjectFiles\PCA_Pump\code\master-new\build\IAR\Debug\Obj\stm32l1xx_hal_rcc_ex.o
#        D:\1-WORK\ProjectFiles\PCA_Pump\code\master-new\build\IAR\Debug\Obj\stm32l1xx_hal_spi.o
#        D:\1-WORK\ProjectFiles\PCA_Pump\code\master-new\build\IAR\Debug\Obj\stm32l1xx_hal_tim.o
#        D:\1-WORK\ProjectFiles\PCA_Pump\code\master-new\build\IAR\Debug\Obj\stm32l1xx_hal_tim_ex.o
#        D:\1-WORK\ProjectFiles\PCA_Pump\code\master-new\build\IAR\Debug\Obj\stm32l1xx_hal_uart.o
#        D:\1-WORK\ProjectFiles\PCA_Pump\code\master-new\build\IAR\Debug\Obj\stm32l1xx_it.o
#        D:\1-WORK\ProjectFiles\PCA_Pump\code\master-new\build\IAR\Debug\Obj\stop_infusion.o
#        D:\1-WORK\ProjectFiles\PCA_Pump\code\master-new\build\IAR\Debug\Obj\stop_watch.o
#        D:\1-WORK\ProjectFiles\PCA_Pump\code\master-new\build\IAR\Debug\Obj\string_data.o
#        D:\1-WORK\ProjectFiles\PCA_Pump\code\master-new\build\IAR\Debug\Obj\sys_power.o
#        D:\1-WORK\ProjectFiles\PCA_Pump\code\master-new\build\IAR\Debug\Obj\system_setting.o
#        D:\1-WORK\ProjectFiles\PCA_Pump\code\master-new\build\IAR\Debug\Obj\system_stm32l1xx.o
#        D:\1-WORK\ProjectFiles\PCA_Pump\code\master-new\build\IAR\Debug\Obj\test_app_sleep.o
#        D:\1-WORK\ProjectFiles\PCA_Pump\code\master-new\build\IAR\Debug\Obj\test_data.o
#        D:\1-WORK\ProjectFiles\PCA_Pump\code\master-new\build\IAR\Debug\Obj\test_drv_lowpower.o
#        D:\1-WORK\ProjectFiles\PCA_Pump\code\master-new\build\IAR\Debug\Obj\test_drv_oled.o
#        D:\1-WORK\ProjectFiles\PCA_Pump\code\master-new\build\IAR\Debug\Obj\test_drv_rtc.o
#        D:\1-WORK\ProjectFiles\PCA_Pump\code\master-new\build\IAR\Debug\Obj\test_drv_sst25_flash.o
#        D:\1-WORK\ProjectFiles\PCA_Pump\code\master-new\build\IAR\Debug\Obj\test_hardware_ljl.o
#        D:\1-WORK\ProjectFiles\PCA_Pump\code\master-new\build\IAR\Debug\Obj\test_record_log.o
#        D:\1-WORK\ProjectFiles\PCA_Pump\code\master-new\build\IAR\Debug\Obj\test_ssz_algorithm.o
#        D:\1-WORK\ProjectFiles\PCA_Pump\code\master-new\build\IAR\Debug\Obj\test_ssz_str_utility.o
#        D:\1-WORK\ProjectFiles\PCA_Pump\code\master-new\build\IAR\Debug\Obj\test_ssz_time.o
#        D:\1-WORK\ProjectFiles\PCA_Pump\code\master-new\build\IAR\Debug\Obj\test_ssz_time_utility.o
#        D:\1-WORK\ProjectFiles\PCA_Pump\code\master-new\build\IAR\Debug\Obj\test_ui.o
#        D:\1-WORK\ProjectFiles\PCA_Pump\code\master-new\build\IAR\Debug\Obj\test_ui_view.o
#        D:\1-WORK\ProjectFiles\PCA_Pump\code\master-new\build\IAR\Debug\Obj\three_valve_motor.o
#        D:\1-WORK\ProjectFiles\PCA_Pump\code\master-new\build\IAR\Debug\Obj\tim.o
#        D:\1-WORK\ProjectFiles\PCA_Pump\code\master-new\build\IAR\Debug\Obj\time_select.o
#        D:\1-WORK\ProjectFiles\PCA_Pump\code\master-new\build\IAR\Debug\Obj\time_unselect.o
#        D:\1-WORK\ProjectFiles\PCA_Pump\code\master-new\build\IAR\Debug\Obj\timer.o
#        D:\1-WORK\ProjectFiles\PCA_Pump\code\master-new\build\IAR\Debug\Obj\ui_common.o
#        D:\1-WORK\ProjectFiles\PCA_Pump\code\master-new\build\IAR\Debug\Obj\ui_draw.o
#        D:\1-WORK\ProjectFiles\PCA_Pump\code\master-new\build\IAR\Debug\Obj\ui_utility.o
#        D:\1-WORK\ProjectFiles\PCA_Pump\code\master-new\build\IAR\Debug\Obj\unlockfail.o
#        D:\1-WORK\ProjectFiles\PCA_Pump\code\master-new\build\IAR\Debug\Obj\unselected_pointer.o
#        D:\1-WORK\ProjectFiles\PCA_Pump\code\master-new\build\IAR\Debug\Obj\usart.o
#        D:\1-WORK\ProjectFiles\PCA_Pump\code\master-new\build\IAR\Debug\Obj\version.o
#        D:\1-WORK\ProjectFiles\PCA_Pump\code\master-new\build\IAR\Debug\Obj\vibrater_motor.o
#        D:\1-WORK\ProjectFiles\PCA_Pump\code\master-new\build\IAR\Debug\Obj\voice.o
#        D:\1-WORK\ProjectFiles\PCA_Pump\code\master-new\build\IAR\Debug\Obj\warning.o
#        D:\1-WORK\ProjectFiles\PCA_Pump\code\master-new\build\IAR\Debug\Obj\warning_common.o
#        D:\1-WORK\ProjectFiles\PCA_Pump\code\master-new\build\IAR\Debug\Obj\widget_image.o
#        D:\1-WORK\ProjectFiles\PCA_Pump\code\master-new\build\IAR\Debug\Obj\widget_text.o
#        D:\1-WORK\ProjectFiles\PCA_Pump\code\master-new\build\IAR\Debug\Obj\write.o
#        --no_out_extension -o
#        D:\1-WORK\ProjectFiles\PCA_Pump\code\master-new\build\IAR\Debug\Exe\Chemo-PumpV1_0_master.out
#        --map
#        D:\1-WORK\ProjectFiles\PCA_Pump\code\master-new\build\IAR\Debug\List\Chemo-PumpV1_0_master.map
#        --config
#        D:\1-WORK\ProjectFiles\PCA_Pump\code\master-new\build\IAR\Chemo-PumpV1_0_master.icf
#        --semihosting --entry __iar_program_start --vfe --text_out locale)
#
###############################################################################

*******************************************************************************
*** RUNTIME MODEL ATTRIBUTES
***

CppFlavor        = *
__CPP_Exceptions = Disabled
__CPP_Language   = C++14
__SystemLibrary  = DLib
__dlib_version   = 6


*******************************************************************************
*** HEAP SELECTION
***

The basic heap was selected because no calls to memory allocation
functions were found in the application outside of system library
functions, and there are calls to deallocation functions in the
application.


*******************************************************************************
*** PLACEMENT SUMMARY
***

"A0":  place at address 0x800'0000 { ro section .intvec };
"P1":  place in [from 0x800'0000 to 0x803'ffff] { ro };
define block CSTACK with size = 8K, alignment = 8 { };
define block HEAP with size = 1K, alignment = 8 { };
"P2":  place in [from 0x2000'0000 to 0x2000'7fff] {
          rw, block CSTACK, block HEAP };
initialize by copy { rw };

No sections matched the following patterns:

  section .eeprom  in "P3"


  Section                 Kind         Address      Size  Object
  -------                 ----         -------      ----  ------
"A0":                                              0x124
  .intvec                 ro code   0x800'0000     0x124  startup_stm32l152xca.o [1]
                                  - 0x800'0124     0x124

"P1":                                           0x2'5608
  .text                   ro code   0x800'0124     0xfaa  xprintffull_nomb.o [3]
  .text.GUI__MixColors    ro code   0x800'10ce      0x5a  GUI__Alpha.o [2]
  .text                   ro code   0x800'1128      0x16  strchr.o [5]
  .text                   ro code   0x800'113e      0x3a  zero_init3.o [5]
  .text                   ro code   0x800'1178      0x40  xfail_s.o [3]
  .text                   ro code   0x800'11b8      0x36  strlen.o [5]
  .text.GUIMONO_IsInFont  ro code   0x800'11ee      0x36  GUI_CharM.o [2]
  .text                   ro code   0x800'1224      0x58  memchr.o [5]
  .text                   ro code   0x800'127c      0xa6  ABImemcpy.o [5]
  .text                   ro code   0x800'1322      0x1a  xsnprout.o [3]
  .text                   ro code   0x800'133c      0x70  frexp.o [4]
  .text                   ro code   0x800'13ac      0x2e  DblCmpLe.o [4]
  .text._Color2Index_4    ro code   0x800'13da      0x1a  GUICC_4.o [2]
  .text                   ro code   0x800'13f4      0x2e  DblCmpGe.o [4]
  .text                   ro code   0x800'1422       0xa  xsprout.o [3]
  .text                   ro code   0x800'142c     0x13a  ldexp.o [4]
  .text._GetDevProp       ro code   0x800'1566       0xa  GUIDEV_32.o [2]
  .text                   ro code   0x800'1570      0x3a  DblToS32.o [4]
  .text.GUIMONO_GetFontInfo
                          ro code   0x800'15aa       0x6  GUI_CharM.o [2]
  .text                   ro code   0x800'15b0      0x22  S32ToDbl.o [4]
  .text.GUIPROP_GetFontInfo
                          ro code   0x800'15d2       0x6  GUI_CharP.o [2]
  .text                   ro code   0x800'15d8      0xe2  DblSub.o [4]
  .text._Encode           ro code   0x800'16ba       0x6  GUI_UC_EncodeNone.o [2]
  .text                   ro code   0x800'16c0     0x246  DblDiv.o [4]
  .text._GetIndexMask_8888
                          ro code   0x800'1906       0x6  GUICC_8888.o [2]
  .text                   ro code   0x800'190c      0x28  DblToU32.o [4]
  .text                   ro code   0x800'1934      0x1a  U32ToDbl.o [4]
  .text.LCD_Index2Color_888
                          ro code   0x800'194e       0x2  GUICC_888_Index2Color.o [2]
  .text                   ro code   0x800'1950     0x1a2  DblMul.o [4]
  .text.LCD_Index2Color_8888
                          ro code   0x800'1af2       0x2  GUICC_8888_Index2Color.o [2]
  .text                   ro code   0x800'1af4     0x230  I64DivMod.o [5]
  .text                   ro code   0x800'1d24       0x6  abort.o [3]
  .text._Color2Index_8888
                          ro code   0x800'1d2a       0x2  GUICC_8888.o [2]
  .text                   ro code   0x800'1d2c     0x17a  DblAdd.o [4]
  .text._Log2VisBuffered  ro code   0x800'1ea6       0x2  GUI_CharLine.o [2]
  .text                   ro code   0x800'1ea8       0x2  I64DivZer.o [5]
  .rodata                 const     0x800'1eaa       0x1  string_data.o [1]
  .rodata                 const     0x800'1eab       0x1  unwind_debug.o [6]
  .text                   ro code   0x800'1eac      0x14  exit.o [6]
  .text                   ro code   0x800'1ec0     0xb00  stm32l1xx_hal_rcc.o [1]
  .text                   ro code   0x800'29c0      0xc0  main.o [1]
  .text                   ro code   0x800'2a80       0xc  stm32l1xx_hal.o [1]
  .text                   ro code   0x800'2a8c      0x5c  stm32l1xx_hal.o [1]
  .text                   ro code   0x800'2ae8      0x22  stm32l1xx_hal.o [1]
  .rodata.str1.1          const     0x800'2b0a       0x1  GUI__Private.o [2]
  .text                   ro code   0x800'2b0c     0x234  gpio.o [1]
  .text                   ro code   0x800'2d40     0x140  adc.o [1]
  .text                   ro code   0x800'2e80      0x44  crc.o [1]
  .text                   ro code   0x800'2ec4     0x204  spi.o [1]
  .text                   ro code   0x800'30c8     0x1f8  usart.o [1]
  .text                   ro code   0x800'32c0     0x218  main_run.o [1]
  .text                   ro code   0x800'34d8      0x14  memset.o [5]
  .text                   ro code   0x800'34ec     0x194  stm32l1xx_hal_cortex.o [1]
  .text                   ro code   0x800'3680      0x48  stm32l1xx_hal_msp.o [1]
  .text                   ro code   0x800'36c8     0x45c  stm32l1xx_hal_gpio.o [1]
  .text                   ro code   0x800'3b24     0x808  stm32l1xx_hal_adc.o [1]
  .text                   ro code   0x800'432c      0x40  stm32l1xx_hal_crc.o [1]
  .text                   ro code   0x800'436c     0x8ac  stm32l1xx_hal_spi.o [1]
  .text                   ro code   0x800'4c18     0x6b4  stm32l1xx_hal_uart.o [1]
  .text                   ro code   0x800'52cc      0xfc  com.o [1]
  .text                   ro code   0x800'53c8      0xfc  event.o [1]
  .text.GUI_Clear         ro code   0x800'54c4      0x20  GUI_Core.o [2]
  .text.WM_DefaultProc    ro code   0x800'54e4      0x48  WM.o [2]
  .text                   ro code   0x800'552c      0xf0  app_route.o [1]
  .text                   ro code   0x800'561c      0x7c  init.o [1]
  .text                   ro code   0x800'5698      0x54  ssz_config.o [1]
  .text                   ro code   0x800'56ec      0x28  printf.o [3]
  .text                   ro code   0x800'5714       0x8  version.o [1]
  .text                   ro code   0x800'571c      0x1e  do_before_main_loop.o [1]
  .text                   ro code   0x800'573a       0x2  run_test_after_main.o [1]
  .text.GUI_Init          ro code   0x800'573c      0xf8  GUI_Core.o [2]
  .text.GUI_UC_SetEncodeUTF8
                          ro code   0x800'5834      0x10  GUI_UC_EncodeUTF8.o [2]
  .text.GUI_SetBkColor    ro code   0x800'5844       0x4  GUI_Common.o [2]
  .text.WM_GetDesktopWindow
                          ro code   0x800'5848      0x18  WM_Lib.o [2]
  .text.WM_SetCallback    ro code   0x800'5860      0x2c  WM_Lib.o [2]
  .text.GUI_SetColor      ro code   0x800'588c       0x4  GUI_Common.o [2]
  .text                   ro code   0x800'5890     0x18c  timer.o [1]
  .text.GUI_Exec          ro code   0x800'5a1c      0x12  GUI_Common.o [2]
  .text                   ro code   0x800'5a30      0x66  ABImemset.o [5]
  .text                   ro code   0x800'5a98      0x58  stm32l1xx_hal_dma.o [1]
  .text                   ro code   0x800'5af0      0x3c  drv_com.o [1]
  .text                   ro code   0x800'5b2c       0x2  stm32l1xx_hal_uart.o [1]
  .text                   ro code   0x800'5b2e       0x2  stm32l1xx_hal_uart.o [1]
  .text                   ro code   0x800'5b30      0xf8  ssz_file.o [1]
  .text.GUI_GotoXY        ro code   0x800'5c28      0x10  GUI_Common.o [2]
  .text.GUI_ClearRect     ro code   0x800'5c38      0x64  GUI_Core.o [2]
  .text.WM__GetClientRectEx
                          ro code   0x800'5c9c      0x22  WM__Private.o [2]
  .text.WM_InvalidateWindow
                          ro code   0x800'5cbe       0x6  WM.o [2]
  .text.WM_SendToParent   ro code   0x800'5cc4      0x1c  WM_Lib.o [2]
  .text                   ro code   0x800'5ce0      0x1c  ssz_locale.o [1]
  .text                   ro code   0x800'5cfc      0x7c  font_data.o [1]
  .text                   ro code   0x800'5d78      0xd4  string_data.o [1]
  .text                   ro code   0x800'5e4c      0x28  ssz_ui_config.o [1]
  .text                   ro code   0x800'5e74      0x28  sys_power.o [1]
  .text                   ro code   0x800'5e9c       0x2  dev_def.o [1]
  .text                   ro code   0x800'5ea0      0x28  drv_stf_motor.o [1]
  .text                   ro code   0x800'5ec8      0x1c  mid_adc.o [1]
  .text                   ro code   0x800'5ee4     0x56c  drv_rtc.o [1]
  .text                   ro code   0x800'6450     0x52c  drv_oled.o [1]
  .text                   ro code   0x800'697c      0xfc  msg.o [1]
  .text                   ro code   0x800'6a78     0x1ac  mid_rtc.o [1]
  .text                   ro code   0x800'6c24      0x20  stop_watch.o [1]
  .text                   ro code   0x800'6c44      0x24  pill_box_install_detect.o [1]
  .text                   ro code   0x800'6c68     0x2d4  display.o [1]
  .text                   ro code   0x800'6f3c      0xdc  ssz_tick_time.o [1]
  .text                   ro code   0x800'7018      0x24  ABIassert.o [6]
  .text                   ro code   0x800'703c       0xc  mid_common.o [1]
  .text.GUI__Config       ro code   0x800'7048      0x94  GUI_Core.o [2]
  .text                   ro code   0x800'70dc       0x2  GUI_X.o [1]
  .text._InitContext      ro code   0x800'70e0      0x84  GUI_Core.o [2]
  .text.emWin_LCD_Init    ro code   0x800'7164      0xa4  LCD.o [2]
  .text.LCD_GetXSizeDisplay
                          ro code   0x800'7208       0xc  LCD_GetEx.o [2]
  .text.LCD_GetYSizeDisplay
                          ro code   0x800'7214       0xc  LCD_GetEx.o [2]
  .text.LCD_GetXSizeMax   ro code   0x800'7220       0x6  LCD_GetEx.o [2]
  .text.LCD_GetYSizeMax   ro code   0x800'7226       0x6  LCD_GetEx.o [2]
  .text.LCD_SetDisplaySize
                          ro code   0x800'722c       0xc  LCD_GetEx.o [2]
  .text.GUI_SetOrg        ro code   0x800'7238      0x38  GUI_Common.o [2]
  .text.WM_Init           ro code   0x800'7270      0xf0  WM.o [2]
  .text.LCD_SetBkColor    ro code   0x800'7360       0xc  LCD.o [2]
  .text.GUI_ALLOC_LockH   ro code   0x800'736c      0x1c  GUI_Alloc.o [2]
  .text.GUI_ALLOC_UnlockH
                          ro code   0x800'7388      0x30  GUI_Alloc.o [2]
  .text.LCD_SetColor      ro code   0x800'73b8       0xc  LCD.o [2]
  .text.GUI_Exec1         ro code   0x800'73c4      0x40  GUI_Common.o [2]
  .text                   ro code   0x800'7404       0xe  ssz_common.o [1]
  .text.LCD_SetDrawMode   ro code   0x800'7414       0xc  LCD.o [2]
  .text.WM__InitIVRSearch
                          ro code   0x800'7420     0x100  WM.o [2]
  .text.LCD_FillRect      ro code   0x800'7520      0x58  LCD.o [2]
  .text.WM__GetNextIVR    ro code   0x800'7578     0x184  WM.o [2]
  .text.WM__GetClientRectWin
                          ro code   0x800'76fc      0x18  WM.o [2]
  .text.WM_InvalidateRect
                          ro code   0x800'7714      0x78  WM.o [2]
  .text.WM_GetParent      ro code   0x800'778c      0x10  WM_Lib.o [2]
  .text.WM__SendMessage   ro code   0x800'779c      0x3c  WM__Private.o [2]
  .text                   ro code   0x800'77d8     0x1cc  ui_draw.o [1]
  .text                   ro code   0x800'79a4     0x468  ssz_sim_i2c.o [1]
  .text                   ro code   0x800'7e0c      0x3e  ssz_utility.o [1]
  .text                   ro code   0x800'7e4c     0x12e  ssz_stm32_hal_bsp.o [1]
  .text                   ro code   0x800'7f7c      0xb0  ssz_spi.o [1]
  .text                   ro code   0x800'802c      0x28  ssz_queue.o [1]
  .text                   ro code   0x800'8054     0x5a0  ssz_deque.o [1]
  .text                   ro code   0x800'85f4      0x68  memcmp.o [5]
  .text                   ro code   0x800'865c      0x10  common.o [1]
  .text                   ro code   0x800'866c     0x1f0  alarm.o [1]
  .text                   ro code   0x800'885c      0x7c  ssz_time_utility.o [1]
  .text                   ro code   0x800'88d8       0x6  ssz_stop_watch.o [1]
  .text                   ro code   0x800'88de      0xa4  ui_utility.o [1]
  .text                   ro code   0x800'8984      0x44  snprintf.o [3]
  .text.GUI_GetVersionString
                          ro code   0x800'89c8      0x18  GUI_Common.o [2]
  .text                   ro code   0x800'89e0      0x1c  GUIConf.o [1]
  .text                   ro code   0x800'89fc      0x44  LCDConf_FlexColor_Template.o [1]
  .text.GUI__RegisterExit
                          ro code   0x800'8a40      0x24  GUI_Core.o [2]
  .text.LCD_SetClipRectMax
                          ro code   0x800'8a64      0x1c  LCD.o [2]
  .text.LCD_InitColors    ro code   0x800'8a80      0x3c  LCD_Color.o [2]
  .text.GUI_DEVICE__GetpDriver
                          ro code   0x800'8abc      0x20  GUI_Device.o [2]
  .text.LCD_InitLUT       ro code   0x800'8adc      0x88  LCD_Color.o [2]
  .text.GUI_SelectLayer   ro code   0x800'8b64      0x2c  GUI_SelectLayer.o [2]
  .text._GetMaxValue      ro code   0x800'8b90      0x22  LCD_GetEx.o [2]
  .text.WM_CreateWindowAsChild
                          ro code   0x800'8bb4     0x160  WM.o [2]
  .text.WM__AddCriticalHandle
                          ro code   0x800'8d14      0x10  WM__Private.o [2]
  .text.WM_SelectWindow   ro code   0x800'8d24      0x40  WM.o [2]
  .text.WM_Activate       ro code   0x800'8d64      0x10  WM.o [2]
  .text.GUI_ALLOC_h2p     ro code   0x800'8d74      0x14  GUI_Alloc.o [2]
  .text.WM_Exec           ro code   0x800'8d88      0x78  WM.o [2]
  .text.WM__ActivateClipRect
                          ro code   0x800'8e00      0x48  WM.o [2]
  .text.GUI__IntersectRect
                          ro code   0x800'8e48      0x3a  GUI__Private.o [2]
  .text.WM__Client2Screen
                          ro code   0x800'8e82      0x10  WM.o [2]
  .text.WM__ClipAtParentBorders
                          ro code   0x800'8e94      0x58  WM.o [2]
  .text._Findy1           ro code   0x800'8eec      0xa6  WM.o [2]
  .text._Findx0           ro code   0x800'8f92      0x86  WM.o [2]
  .text._Findx1           ro code   0x800'9018      0x72  WM.o [2]
  .text.WM__InvalidateDrawAndDescs
                          ro code   0x800'908c      0x50  WM.o [2]
  .text.WM__InvalidateRectEx
                          ro code   0x800'90dc       0x6  WM.o [2]
  .text.WM__Invalidate1Abs
                          ro code   0x800'90e2       0x6  WM.o [2]
  .text                   ro code   0x800'90e8     0x38c  ssz_list.o [1]
  .text.GUI_ALLOC_AssignMemory
                          ro code   0x800'9474      0x10  GUI_Alloc.o [2]
  .text.GUI_SetDefaultFont
                          ro code   0x800'9484       0xc  GUI_Core.o [2]
  .text.GUI_DEVICE_CreateAndLink
                          ro code   0x800'9490      0x28  GUI_Device.o [2]
  .text.LCD_SetSizeEx     ro code   0x800'94b8      0x30  LCD_Set.o [2]
  .text.LCD_SetVSizeEx    ro code   0x800'94e8      0x30  LCD_Set.o [2]
  .text.GUI_ALLOC_GetFixedBlock
                          ro code   0x800'9518      0xa4  GUI_Alloc.o [2]
  .text.LCD_GetNumLayers  ro code   0x800'95bc      0x1e  LCD_GetNumDisplays.o [2]
  .text.LCD_GetBitsPerPixelEx
                          ro code   0x800'95da       0x6  LCD_GetEx.o [2]
  .text.LCD_GetNumColorsEx
                          ro code   0x800'95e0       0x6  LCD_GetEx.o [2]
  .text.LCD_Index2Color   ro code   0x800'95e8      0x1c  LCD.o [2]
  .text.LCD_SetLUTEntryEx
                          ro code   0x800'9604      0x30  LCD_Set.o [2]
  .text.GUI_SelectLCD     ro code   0x800'9634      0x12  GUI_Common.o [2]
  .text._GetDevProp       ro code   0x800'9646      0x1e  LCD_GetEx.o [2]
  .text.GUI_ALLOC_AllocZero
                          ro code   0x800'9664      0x30  GUI_Alloc.o [2]
  .text.WM__InsertWindowIntoList
                          ro code   0x800'9694      0xac  WM.o [2]
  .text.WM_BringToBottom  ro code   0x800'9740      0x86  WM_Lib.o [2]
  .text.WM__SendMsgNoData
                          ro code   0x800'97c6      0x16  WM.o [2]
  .text.WM__SelectTopLevelLayer
                          ro code   0x800'97dc      0x14  WM.o [2]
  .text._Exec1Input       ro code   0x800'97f0      0x84  WM.o [2]
  .text._Exec1Draw        ro code   0x800'9874      0x8c  WM.o [2]
  .text.GUI__ManageCache  ro code   0x800'9900      0x10  GUI__ManageCache.o [2]
  .text._SetClipRectUserIntersect
                          ro code   0x800'9910      0x50  WM.o [2]
  .text.GUI_MoveRect      ro code   0x800'9960      0x20  GUI_Common.o [2]
  .text.GUI__IntersectRects
                          ro code   0x800'9980      0x56  GUI__Private.o [2]
  .text.GUI_RectsIntersect
                          ro code   0x800'99d6      0x3a  GUI_Common.o [2]
  .text.GUI_MEMDEV_Delete
                          ro code   0x800'9a10      0x44  GUIDEV.o [2]
  .text.WM_GetFirstChild  ro code   0x800'9a54      0x10  WM_Lib.o [2]
  .text.WM__InvalidateRect
                          ro code   0x800'9a64      0x76  WM.o [2]
  .text._Invalidate1Abs   ro code   0x800'9adc      0xa0  WM.o [2]
  .text.GUI_DEVICE_Create
                          ro code   0x800'9b7c      0x4c  GUI_Device.o [2]
  .text.GUI_DEVICE_Link   ro code   0x800'9bc8      0x84  GUI_Device.o [2]
  .text._InitOnce         ro code   0x800'9c4c      0x68  GUI_Alloc.o [2]
  .text._RemoveHoles      ro code   0x800'9cb4      0x98  GUI_Alloc.o [2]
  .text._RemoveFreeBlock  ro code   0x800'9d4c      0x40  GUI_Alloc.o [2]
  .text._AddFreeMemory    ro code   0x800'9d8c      0xa4  GUI_Alloc.o [2]
  .text.LCD_SelectLCD     ro code   0x800'9e30      0x40  LCD_SelectLCD.o [2]
  .text.LCD_UpdateColorIndices
                          ro code   0x800'9e70      0x24  LCD_UpdateColorIndices.o [2]
  .text.GUI_ALLOC_AllocNoInit
                          ro code   0x800'9e94       0x8  GUI_Alloc.o [2]
  .text.WM__GetPrevSibling
                          ro code   0x800'9e9c      0x26  WM__Private.o [2]
  .text.WM__GetTopLevelLayer
                          ro code   0x800'9ec4      0x28  WM.o [2]
  .text.WM_DeleteWindow   ro code   0x800'9eec     0x118  WM.o [2]
  .text.GUI_PollKeyMsg    ro code   0x800'a004      0x30  GUI_OnKey.o [2]
  .text.GUI_SaveContext_W
                          ro code   0x800'a034      0x14  GUI_Common.o [2]
  .text.WM__Paint         ro code   0x800'a048      0xb4  WM.o [2]
  .text.GUI_RestoreContext
                          ro code   0x800'a0fc      0x14  GUI_Common.o [2]
  .text.GUI__ManageCacheEx
                          ro code   0x800'a110      0xdc  GUI__ManageCache.o [2]
  .text.LCD_SetClipRectEx
                          ro code   0x800'a1ec      0x30  LCD_SetClipRectEx.o [2]
  .text.GUI_USAGE_DecUseCnt
                          ro code   0x800'a21c      0x28  GUIDEV_Usage.o [2]
  .text.GUI_DEVICE_Delete
                          ro code   0x800'a244       0x4  GUI_Device.o [2]
  .text.GUI_ALLOC_Free    ro code   0x800'a248      0x28  GUI_Alloc.o [2]
  .text.WM_InvalidateWindowAndDescsEx
                          ro code   0x800'a270      0x64  WM.o [2]
  .text.WM__RectIsNZ      ro code   0x800'a2d4      0x22  WM.o [2]
  .text.GUI_MergeRect     ro code   0x800'a2f6      0x56  GUI_Common.o [2]
  .text.GUI_SignalEvent   ro code   0x800'a34c      0x10  GUI_WaitEvent.o [2]
  .text._EnlargeBlocks    ro code   0x800'a35c      0x9c  GUI_Alloc.o [2]
  .text                   ro code   0x800'a3f8       0xc  memmove.o [5]
  .text.GUI_DEVICE_Unlink
                          ro code   0x800'a404      0x30  GUI_Device.o [2]
  .text.LCD_Color2Index   ro code   0x800'a434      0x1c  LCD.o [2]
  .text.LCD_SetColorIndex
                          ro code   0x800'a450      0x18  LCD.o [2]
  .text.LCD_SetBkColorIndex
                          ro code   0x800'a468      0x18  LCD.o [2]
  .text._Alloc            ro code   0x800'a480      0xf0  GUI_Alloc.o [2]
  .text.WM__GetFirstSibling
                          ro code   0x800'a570      0x12  WM__Private.o [2]
  .text.WM__IsWindow      ro code   0x800'a584      0x20  WM.o [2]
  .text.WM__DeleteAssocTimer
                          ro code   0x800'a5a4      0x4a  WM_Timer.o [2]
  .text.WM_NotifyParent   ro code   0x800'a5ee      0x14  WM_Lib.o [2]
  .text.WM__DetachWindow  ro code   0x800'a602      0x2a  WM.o [2]
  .text.WM_OnKey          ro code   0x800'a62c      0x34  WM_Lib.o [2]
  .text                   ro code   0x800'a660       0xc  memcpy.o [5]
  .text.GUI_MEMDEV_Draw   ro code   0x800'a66c     0x15c  GUIDEV_Banding.o [2]
  .text.WM__PaintWinAndOverlays
                          ro code   0x800'a7c8      0x78  WM.o [2]
  .text.GUI_ALLOC_FreeFixedBlock
                          ro code   0x800'a840      0x14  GUI_Alloc.o [2]
  .text._PushFreeBlock    ro code   0x800'a854      0x24  GUI_Alloc.o [2]
  .text                   ro code   0x800'a878      0x96  ABImemmove.o [5]
  .text.GUI_TIMER__GetFirstTimer
                          ro code   0x800'a910      0x30  GUI_Timer.o [2]
  .text.GUI_TIMER_GetFlag
                          ro code   0x800'a940      0x2a  GUI_Timer.o [2]
  .text.GUI_TIMER__GetNextTimerLin
                          ro code   0x800'a96a      0x38  GUI_Timer.o [2]
  .text.WM_DeleteTimer    ro code   0x800'a9a2      0x26  WM_Timer.o [2]
  .text.WM__RemoveWindowFromList
                          ro code   0x800'a9c8      0x3c  WM.o [2]
  .text.LCD_GetXSizeEx    ro code   0x800'aa04       0x6  LCD_GetEx.o [2]
  .text.LCD_GetYSizeEx    ro code   0x800'aa0a       0x6  LCD_GetEx.o [2]
  .text.LCD_GetVXSizeEx   ro code   0x800'aa10       0x6  LCD_GetEx.o [2]
  .text.LCD_GetVYSizeEx   ro code   0x800'aa16       0x6  LCD_GetEx.o [2]
  .text.GUI_GetOrg        ro code   0x800'aa1c      0x1c  GUI_Common.o [2]
  .text.GUI_MEMDEV_CreateEx
                          ro code   0x800'aa38      0x78  GUIDEV.o [2]
  .text.GUI_MEMDEV_GetYSize
                          ro code   0x800'aab0      0x30  GUIDEV_GetYSize.o [2]
  .text.WM__SendMessageNoPara
                          ro code   0x800'aae0      0x28  WM__Private.o [2]
  .text.GUI_MEMDEV_Select
                          ro code   0x800'ab08      0x4c  GUIDEV.o [2]
  .text.GUI_MEMDEV_ReduceYSize
                          ro code   0x800'ab54      0x2c  GUIDEV_ReduceYSize.o [2]
  .text.GUI_MEMDEV_SetOrg
                          ro code   0x800'ab80      0x58  GUIDEV_SetOrg.o [2]
  .text.GUI_MEMDEV_Clear  ro code   0x800'abd8      0x40  GUIDEV_Clear.o [2]
  .text.GUI_MEMDEV_CopyToLCD
                          ro code   0x800'ac18       0xc  GUIDEV.o [2]
  .text._Paint1           ro code   0x800'ac24      0x28  WM.o [2]
  .text._PaintTransChildren
                          ro code   0x800'ac4c      0xae  WM.o [2]
  .text._Paint1Trans      ro code   0x800'acfc      0x94  WM.o [2]
  .text.GUI_TIMER_Delete  ro code   0x800'ad90      0x64  GUI_Timer.o [2]
  .text.GUI_MEMDEV__CreateFixed
                          ro code   0x800'adf4     0x124  GUIDEV.o [2]
  .text.WM_Deactivate     ro code   0x800'af18      0x14  WM.o [2]
  .text.GUI_MEMDEV_CopyToLCDAt
                          ro code   0x800'af2c      0xa8  GUIDEV.o [2]
  .text._Unlink           ro code   0x800'afd4      0x4c  GUI_Timer.o [2]
  .text.LCD__GetBPPDevice
                          ro code   0x800'b020      0x2c  LCD_GetEx.o [2]
  .text.GUI_ALLOC_RequestSize
                          ro code   0x800'b04c      0x2c  GUI_Alloc.o [2]
  .text.GUI_USAGE_BM_Create
                          ro code   0x800'b078      0x54  GUIDEV_UsageBM.o [2]
  .text.GUI_SetDrawMode   ro code   0x800'b0cc       0x4  GUI_Common.o [2]
  .text.GUI_MEMDEV__WriteToActiveOpaque
                          ro code   0x800'b0d0     0x74c  GUIDEV_WriteToActiveOpaque.o [2]
  .text.LCD__GetBPP       ro code   0x800'b81c      0x7e  LCD_GetEx.o [2]
  .text.GUI_ALLOC_GetMaxSize
                          ro code   0x800'b89c      0x3c  GUI_Alloc.o [2]
  .text.GUI_MEMDEV_GetBitsPerPixel
                          ro code   0x800'b8d8      0x2a  GUIDEV.o [2]
  .text.GUI_GetBitsPerPixelEx
                          ro code   0x800'b904      0x14  LCD_GetEx.o [2]
  .text.GUI_GetpfIndex2ColorEx
                          ro code   0x800'b918      0x10  LCD_GetEx.o [2]
  .text.GUI_GetpfColor2IndexEx
                          ro code   0x800'b928      0x10  LCD_GetEx.o [2]
  .text.GUI_MEMDEV_GetDataPtr
                          ro code   0x800'b938      0x20  GUIDEV_GetDataPtr.o [2]
  .text._Convert16        ro code   0x800'b958      0x3e  GUIDEV_WriteToActiveOpaque.o [2]
  .text._Convert8         ro code   0x800'b996      0x42  GUIDEV_WriteToActiveOpaque.o [2]
  .text.LCD_DrawBitmap    ro code   0x800'b9d8     0x224  LCD.o [2]
  .text.LCD__DrawBitmap_1bpp
                          ro code   0x800'bbfc     0x1d8  LCD.o [2]
  .text.GUI__CompactPixelIndices
                          ro code   0x800'bdd4     0x16e  GUI__CompactPixelIndices.o [2]
  .rodata                 const     0x800'bf44     0x9c8  dengxian_regular_14.o [1]
  .text                   ro code   0x800'c90c     0x8ac  GUIDRV_Template.o [1]
  .rodata                 const     0x800'd1b8     0x86b  F13_1.o [2]
  .rodata                 const     0x800'da24     0x822  F13_ASCII.o [2]
  .rodata                 const     0x800'e248     0x780  select_1.o [1]
  .rodata                 const     0x800'e9c8     0x780  select_2.o [1]
  .rodata                 const     0x800'f148     0x73c  F6x8.o [2]
  .text._DrawBitmap       ro code   0x800'f884     0x720  GUIDEV_32.o [2]
  .text.GUI_USAGE_AddRect
                          ro code   0x800'ffa4      0x26  GUIDEV_Usage.o [2]
  .text._XY2PTR           ro code   0x800'ffcc      0x40  GUIDEV_32.o [2]
  .rodata                 const     0x801'000c     0x69c  logo.o [1]
  .rodata                 const     0x801'06a8     0x630  string_data.o [1]
  .text._DrawBitmap       ro code   0x801'0cd8     0x604  GUIDEV_8.o [2]
  .text._XY2PTR           ro code   0x801'12dc      0x40  GUIDEV_8.o [2]
  .text                   ro code   0x801'131c     0x5ec  app_scr_class3.o [1]
  .text                   ro code   0x801'1908      0x14  ui_common.o [1]
  .text.WM_GetDialogItem  ro code   0x801'191c      0x42  WM_Lib.o [2]
  .text                   ro code   0x801'1960      0x40  sprintf.o [3]
  .text.TEXT_SetText      ro code   0x801'19a0      0x52  TEXT.o [2]
  .text                   ro code   0x801'19f4      0x1c  image_data.o [1]
  .text.IMAGE_SetBitmap   ro code   0x801'1a10      0x44  IMAGE_Bitmap.o [2]
  .text                   ro code   0x801'1a54      0x1e  strcat.o [3]
  .text.WM_ShowWindow     ro code   0x801'1a72      0x28  WM_Lib.o [2]
  .text.WM_HideWindow     ro code   0x801'1a9a      0x2c  WM_Hide.o [2]
  .text.WINDOW_SetBkColor
                          ro code   0x801'1ac6      0x22  WINDOW.o [2]
  .text.TEXT_CreateEx     ro code   0x801'1ae8      0x24  TEXT.o [2]
  .text.TEXT_SetFont      ro code   0x801'1b0c      0x26  TEXT.o [2]
  .text.TEXT_SetBkColor   ro code   0x801'1b32      0x38  TEXT.o [2]
  .text.TEXT_SetTextColor
                          ro code   0x801'1b6a      0x26  TEXT.o [2]
  .text.IMAGE_CreateEx    ro code   0x801'1b90      0x20  IMAGE.o [2]
  .text.GUI_SetFont       ro code   0x801'1bb0      0x14  GUI_Common.o [2]
  .text.GUI_GetStringDistX
                          ro code   0x801'1bc4      0x14  GUI_DispString.o [2]
  .text.TEXT_CreateAsChild
                          ro code   0x801'1bd8      0x18  TEXT.o [2]
  .text.TEXT_SetTextAlign
                          ro code   0x801'1bf0      0x26  TEXT.o [2]
  .text.GUI_DispStringInRect
                          ro code   0x801'1c16       0x8  GUI_DispString.o [2]
  .text.GUI_CreateDialogBox
                          ro code   0x801'1c1e      0xae  DIALOG.o [2]
  .text.GUI_EndDialog     ro code   0x801'1ccc      0x1c  DIALOG.o [2]
  .text.WM_GetId          ro code   0x801'1ce8      0x20  WM_Lib.o [2]
  .text._GetDialogItem    ro code   0x801'1d08      0x46  WM_Lib.o [2]
  .text.GUI__SetText      ro code   0x801'1d50      0x7c  GUI__Private.o [2]
  .text.IMAGE__FreeAttached
                          ro code   0x801'1dcc      0x32  IMAGE.o [2]
  .text.IMAGE__SetWindowSize
                          ro code   0x801'1dfe      0x32  IMAGE.o [2]
  .text.WM_InvalidateWindowAndDescs
                          ro code   0x801'1e30      0x26  WM_Lib.o [2]
  .text.TEXT_CreateUser   ro code   0x801'1e58      0x84  TEXT.o [2]
  .text.WM_ClrHasTrans    ro code   0x801'1edc      0x34  WM_SetTrans.o [2]
  .text.WM_SetHasTrans    ro code   0x801'1f10      0x40  WM_SetTrans.o [2]
  .text.IMAGE_CreateUser  ro code   0x801'1f50      0x98  IMAGE.o [2]
  .text.GUI__GetNumChars  ro code   0x801'1fe8      0x1c  GUI_UC.o [2]
  .text.GUI__GetLineDistX
                          ro code   0x801'2004      0x60  GUI_CharLine.o [2]
  .text.GUI_DispStringInRectMax
                          ro code   0x801'2064      0x46  GUI_DispString.o [2]
  .text.WM_GetClientWindow
                          ro code   0x801'20aa      0x1a  WM_Lib.o [2]
  .text.WIDGET_OrState    ro code   0x801'20c4      0x2a  WIDGET.o [2]
  .text.WM_SendMessageNoPara
                          ro code   0x801'20ee       0x4  WM_Lib.o [2]
  .text.WM_GetFocusedWindow
                          ro code   0x801'20f4      0x14  WM_Lib.o [2]
  .text.WM_SetFocusOnNextChild
                          ro code   0x801'2108      0x54  WM_SetFocusOnNextChild.o [2]
  .text.GUI_GetDialogStatusPtr
                          ro code   0x801'215c      0x20  DIALOG.o [2]
  .text.WM__DeleteSecure  ro code   0x801'217c      0x1c  WM.o [2]
  .text.WM_SendMessage    ro code   0x801'2198       0x8  WM.o [2]
  .text.GUI__strcmp_hp    ro code   0x801'21a0      0x28  GUI__Private.o [2]
  .text.GUI__strlen       ro code   0x801'21c8      0x18  GUI__Private.o [2]
  .text.GUI_ALLOC_GetSize
                          ro code   0x801'21e0      0x18  GUI_Alloc.o [2]
  .text                   ro code   0x801'21f8      0x18  strcpy.o [5]
  .text.GUI_ALLOC_FreePtr
                          ro code   0x801'2210      0x10  GUI_Alloc.o [2]
  .text.WM_SetSize        ro code   0x801'2220      0x4c  WM_Lib.o [2]
  .text.WIDGET__Init      ro code   0x801'226c      0x10  WIDGET.o [2]
  .text.WM_ValidateWindow
                          ro code   0x801'227c      0x30  WM_Lib.o [2]
  .text.WM_GetClientRectEx
                          ro code   0x801'22ac       0x4  WM_Lib.o [2]
  .text.GUI_UC__GetCharCodeInc
                          ro code   0x801'22b0      0x28  GUI_UC.o [2]
  .text.GUI_GetCharDistX  ro code   0x801'22d8      0x10  GUI_Char.o [2]
  .text.GUI__GetOverlap   ro code   0x801'22e8      0x1c  GUI_CharLine.o [2]
  .text.WM_SetUserClipRect
                          ro code   0x801'2304      0x18  WM_Lib.o [2]
  .text.GUI__DispStringInRect
                          ro code   0x801'231c     0x14c  GUI_DispString.o [2]
  .text.WM__GetFocusedChild
                          ro code   0x801'2468      0x24  WM__Private.o [2]
  .text._GetNextChild     ro code   0x801'248c      0x26  WM_SetFocusOnNextChild.o [2]
  .text.WM_IsFocusable    ro code   0x801'24b2      0x30  WM_Lib.o [2]
  .text.WM_SetFocus       ro code   0x801'24e4      0x9c  WM_Lib.o [2]
  .text.GUI__strcmp       ro code   0x801'2580      0x2c  GUI__Private.o [2]
  .text.WM_ResizeWindow   ro code   0x801'25ac      0xf6  WM_Lib.o [2]
  .text.GUI_GetCharDistXEx
                          ro code   0x801'26a4      0x10  GUI_Char.o [2]
  .text.GUI_GetFontDistY  ro code   0x801'26b4      0x10  GUI_Char.o [2]
  .text.GUI_GetClientRect
                          ro code   0x801'26c4       0x8  GUI_Common.o [2]
  .text.GUI__GetLineNumChars
                          ro code   0x801'26cc      0x38  GUI_CharLine.o [2]
  .text.GUI_UC__NumChars2NumBytes
                          ro code   0x801'2704      0x24  GUI_UC.o [2]
  .text.GUI__HandleEOLine
                          ro code   0x801'2728      0x26  GUI__Private.o [2]
  .text.GUI__DispLine     ro code   0x801'2750      0xa8  GUI_CharLine.o [2]
  .text.WM__IsChild       ro code   0x801'27f8      0x28  WM__Private.o [2]
  .text.WM__UpdateChildPositions
                          ro code   0x801'2820      0xec  WM__Private.o [2]
  .text.WM_GetClientRect  ro code   0x801'290c      0x1c  WM_Lib.o [2]
  .text._DispLine         ro code   0x801'2928      0x9c  GUI_CharLine.o [2]
  .text.WM_MoveWindow     ro code   0x801'29c4       0x4  WM_Move.o [2]
  .text.WM__MoveWindow    ro code   0x801'29c8      0xa8  WM_Move.o [2]
  .text._MoveDescendents  ro code   0x801'2a70      0x72  WM_Move.o [2]
  .text.WM__InvalidateParent
                          ro code   0x801'2ae2      0x2a  WM.o [2]
  .text                   ro code   0x801'2b0c     0x458  app_scr_class4.o [1]
  .text                   ro code   0x801'2f64     0x426  app_scr_class5.o [1]
  .text.WM_MoveChildTo    ro code   0x801'338a      0x56  WM_Lib.o [2]
  .rodata                 const     0x801'33e0     0x3e8  app_route.o [1]
  .text                   ro code   0x801'37c8     0x376  app_scr_class11.o [1]
  .text.WM_BringToTop     ro code   0x801'3b40      0x74  WM_BringToTop.o [2]
  .text.WM_ForEachDesc    ro code   0x801'3bb4       0x4  WM_Lib.o [2]
  .text.WM__ForEachDesc   ro code   0x801'3bb8      0x2a  WM__Private.o [2]
  .text                   ro code   0x801'3be4     0x350  app_scr_class6.o [1]
  .text.GUI_DrawBitmap    ro code   0x801'3f34      0x4c  GUI_DrawBitmap.o [2]
  .text.GL_DrawBitmap     ro code   0x801'3f80      0xa8  GUI_DrawBitmap.o [2]
  .text                   ro code   0x801'4028     0x346  app_scr_class9.o [1]
  .rodata                 const     0x801'4370     0x320  flush_max_dose_selected.o [1]
  .rodata                 const     0x801'4690     0x320  flush_max_dose_unselected.o [1]
  .rodata                 const     0x801'49b0     0x320  info_select.o [1]
  .rodata                 const     0x801'4cd0     0x320  info_unselect.o [1]
  .rodata                 const     0x801'4ff0     0x320  mode_selected.o [1]
  .rodata                 const     0x801'5310     0x320  mode_unselected.o [1]
  .rodata                 const     0x801'5630     0x320  peak_set_select.o [1]
  .rodata                 const     0x801'5950     0x320  peak_set_unselect.o [1]
  .rodata                 const     0x801'5c70     0x320  time_select.o [1]
  .rodata                 const     0x801'5f90     0x320  time_unselect.o [1]
  .text                   ro code   0x801'62b0     0x2ea  app_scr_class14.o [1]
  .text                   ro code   0x801'659c     0x2ea  app_scr_class19.o [1]
  .rodata                 const     0x801'6888     0x2e0  exhaust.o [1]
  .rodata                 const     0x801'6b68     0x2e0  history_log.o [1]
  .rodata                 const     0x801'6e48     0x2e0  new_task.o [1]
  .rodata                 const     0x801'7128     0x2e0  stop_infusion.o [1]
  .rodata                 const     0x801'7408     0x2e0  system_setting.o [1]
  .text                   ro code   0x801'76e8     0x2ce  app_scr_class18.o [1]
  .text                   ro code   0x801'79b8     0x2ca  app_scr_class1.o [1]
  .text                   ro code   0x801'7c84     0x296  app_scr_class8.o [1]
  .text                   ro code   0x801'7f1c     0x292  app_scr_class20.o [1]
  .rodata                 const     0x801'81b0     0x288  error.o [1]
  .rodata                 const     0x801'8438     0x288  warning.o [1]
  .rodata                 const     0x801'86c0     0x288  warning_common.o [1]
  .text                   ro code   0x801'8948     0x286  app_scr_class12.o [1]
  .text                   ro code   0x801'8bd0     0x276  app_scr_class13.o [1]
  .text                   ro code   0x801'8e48      0x48  FltToDbl.o [4]
  .text                   ro code   0x801'8e90      0x68  DblToFlt.o [4]
  .text                   ro code   0x801'8ef8     0x272  app_scr_class10.o [1]
  .text                   ro code   0x801'916c     0x23e  app_scr_class17.o [1]
  .text.TEXT_SetWrapMode  ro code   0x801'93aa      0x2a  TEXT.o [2]
  .rodata                 const     0x801'93d4     0x210  heiti_regular_88.o [1]
  .rodata                 const     0x801'95e4     0x210  heiti_regular_88.o [1]
  .rodata                 const     0x801'97f4     0x210  heiti_regular_88.o [1]
  .rodata                 const     0x801'9a04     0x210  heiti_regular_88.o [1]
  .rodata                 const     0x801'9c14     0x210  heiti_regular_88.o [1]
  .rodata                 const     0x801'9e24     0x210  heiti_regular_88.o [1]
  .rodata                 const     0x801'a034     0x210  heiti_regular_88.o [1]
  .rodata                 const     0x801'a244     0x210  heiti_regular_88.o [1]
  .rodata                 const     0x801'a454     0x210  heiti_regular_88.o [1]
  .rodata                 const     0x801'a664     0x210  heiti_regular_88.o [1]
  .rodata                 const     0x801'a874     0x210  heiti_regular_88.o [1]
  .rodata                 const     0x801'aa84     0x210  heiti_regular_88.o [1]
  .rodata                 const     0x801'ac94     0x210  heiti_regular_88.o [1]
  .rodata                 const     0x801'aea4     0x210  heiti_regular_88.o [1]
  .text.IMAGE_Callback    ro code   0x801'b0b4     0x200  IMAGE.o [2]
  .text.WIDGET_HandleActive
                          ro code   0x801'b2b4     0x140  WIDGET.o [2]
  .text.LCD_GetXSize      ro code   0x801'b3f4      0x10  LCD_GetEx.o [2]
  .text.LCD_GetYSize      ro code   0x801'b404      0x10  LCD_GetEx.o [2]
  .text.GUI_MEMDEV_CreateFixed
                          ro code   0x801'b414      0x12  GUIDEV_CreateFixed.o [2]
  .text.GUI_MEMDEV_Create
                          ro code   0x801'b426       0xe  GUIDEV.o [2]
  .text.GUI_MEMDEV_Write  ro code   0x801'b434       0xc  GUIDEV_Write.o [2]
  .text.WIDGET_SetState   ro code   0x801'b440      0x24  WIDGET.o [2]
  .text.WIDGET__GetInsideRect
                          ro code   0x801'b464      0x1a  WIDGET.o [2]
  .text.GUI_MEMDEV_WriteAt
                          ro code   0x801'b480      0x64  GUIDEV_Write.o [2]
  .text.GUI__ReduceRect   ro code   0x801'b4e4      0x1c  GUI__Private.o [2]
  .text.GUI_MEMDEV__WriteToActiveAt
                          ro code   0x801'b500      0x38  GUIDEV.o [2]
  .text.GUI__DoAlphaBlending
                          ro code   0x801'b538     0x1d4  GUI__Alpha.o [2]
  .text.GUI__GetAlphaBuffer
                          ro code   0x801'b70c      0xb8  GUI__Alpha.o [2]
  .text.GUI_ReadRectEx    ro code   0x801'b7c4      0x60  LCD_ReadRect.o [2]
  .text.GUI__ExpandPixelIndicesEx
                          ro code   0x801'b824     0x17c  GUI__ExpandPixelIndices.o [2]
  .text.LCD_GetVXSizeMax  ro code   0x801'b9a0       0x6  LCD_GetEx.o [2]
  .text.LCD_ReadRectEx    ro code   0x801'b9a8     0x1a4  LCD_ReadRect.o [2]
  .text.GUI__ConvertColor2Index
                          ro code   0x801'bb4c     0x196  GUI__CompactPixelIndices.o [2]
  .text                   ro code   0x801'bce4     0x18e  app_scr_class2.o [1]
  .text.GUI_MEMDEV__WriteToActiveAlpha
                          ro code   0x801'be74     0x18c  GUIDEV_WriteToActiveAlpha.o [2]
  .text.GUI__AllocAlphaBuffer
                          ro code   0x801'c000      0x1a  GUI__Alpha.o [2]
  .text.GUI__CompactPixelIndicesEx
                          ro code   0x801'c01a       0xe  GUI__CompactPixelIndices.o [2]
  .text                   ro code   0x801'c028     0x17e  app_scr_class16.o [1]
  .text                   ro code   0x801'c1a8     0x174  app_scr_class15.o [1]
  .text._CreateStaticDevice
                          ro code   0x801'c31c     0x164  GUIDEV_StaticDevices.o [2]
  .text.GUI__AlphaPreserveTrans
                          ro code   0x801'c480      0x24  GUI_SetAlpha.o [2]
  .text.WM_GetWindowOrgX  ro code   0x801'c4a4      0x10  WM_Lib.o [2]
  .text.WM__Paint1        ro code   0x801'c4b4      0x94  WM.o [2]
  .text.LCD_AA_SetAndMask
                          ro code   0x801'c548      0x10  LCD_AA.o [2]
  .text.WM_SetDefault     ro code   0x801'c558      0x14  WM.o [2]
  .text.GL_SetDefault     ro code   0x801'c56c      0x48  GUI_Common.o [2]
  .text.GUI_SetPenSize    ro code   0x801'c5b4      0x10  GUI_Common.o [2]
  .text.GUI_SetTextAlign  ro code   0x801'c5c4      0x14  GUI_Common.o [2]
  .text.GUI_SetTextMode   ro code   0x801'c5d8      0x14  GUI_Common.o [2]
  .text.GUI_SetLineStyle  ro code   0x801'c5ec      0x10  GUI_Common.o [2]
  .rodata                 const     0x801'c5fc     0x158  image_data.o [1]
  .text.GUI_DispStringInRectWrap
                          ro code   0x801'c754     0x144  GUI_DispString.o [2]
  .text.GUI_WrapGetNumLines
                          ro code   0x801'c898      0x20  GUI_DispString.o [2]
  .text.GUI__WrapGetNumCharsDisp
                          ro code   0x801'c8b8       0x6  GUI__Wrap.o [2]
  .text.GUI__WrapGetNumBytesToNextLine
                          ro code   0x801'c8be      0x14  GUI__Wrap.o [2]
  .text._WrapGetNumCharsDisp
                          ro code   0x801'c8d4      0x2c  GUI__Wrap.o [2]
  .text.GUI__WrapGetNumCharsToNextLine
                          ro code   0x801'c900      0x5e  GUI__Wrap.o [2]
  .text.GUIMONO_DispChar  ro code   0x801'c960     0x13c  GUI_CharM.o [2]
  .text.WINDOW_Callback   ro code   0x801'ca9c     0x122  WINDOW.o [2]
  .text.WM_IsWindow       ro code   0x801'cbbe       0x4  WM_Lib.o [2]
  .text.WM_HasFocus       ro code   0x801'cbc4      0x1c  WM_Lib.o [2]
  .text.WM__IsAncestorOrSelf
                          ro code   0x801'cbe0       0xc  WM__Private.o [2]
  .text.WM__IsAncestor    ro code   0x801'cbec      0x22  WM__Private.o [2]
  .text.WM_SetFocusOnPrevChild
                          ro code   0x801'cc0e      0x38  WM_SetFocusOnPrevChild.o [2]
  .text._GetPrevChild     ro code   0x801'cc46      0x1e  WM_SetFocusOnPrevChild.o [2]
  .text.WM__GetLastSibling
                          ro code   0x801'cc64      0x18  WM__Private.o [2]
  .rodata                 const     0x801'cc7c     0x100  LCD_Mirror.o [2]
  .rodata                 const     0x801'cd7c      0xf0  heiti_regular_60.o [1]
  .rodata                 const     0x801'ce6c      0xf0  heiti_regular_60.o [1]
  .rodata                 const     0x801'cf5c      0xf0  heiti_regular_60.o [1]
  .rodata                 const     0x801'd04c      0xf0  heiti_regular_60.o [1]
  .rodata                 const     0x801'd13c      0xf0  heiti_regular_60.o [1]
  .rodata                 const     0x801'd22c      0xf0  heiti_regular_60.o [1]
  .rodata                 const     0x801'd31c      0xf0  heiti_regular_60.o [1]
  .rodata                 const     0x801'd40c      0xf0  heiti_regular_60.o [1]
  .rodata                 const     0x801'd4fc      0xf0  heiti_regular_60.o [1]
  .rodata                 const     0x801'd5ec      0xf0  heiti_regular_60.o [1]
  .rodata                 const     0x801'd6dc      0xf0  heiti_regular_60.o [1]
  .rodata                 const     0x801'd7cc      0xf0  heiti_regular_60.o [1]
  .rodata                 const     0x801'd8bc      0xf0  heiti_regular_60.o [1]
  .rodata                 const     0x801'd9ac      0xf0  heiti_regular_60.o [1]
  .text.GUIPROP_DispChar  ro code   0x801'da9c      0xec  GUI_CharP.o [2]
  .text.GUIPROP__FindChar
                          ro code   0x801'db88      0x14  GUI_CharP.o [2]
  .text.GUI_GetColor      ro code   0x801'db9c       0xe  GUI_Common.o [2]
  .text.GUI_GetBkColor    ro code   0x801'dbaa       0xe  GUI_Common.o [2]
  .text.LCD_GetColorIndex
                          ro code   0x801'dbb8      0x10  LCD_GetColorIndex.o [2]
  .text.LCD_GetBkColorIndex
                          ro code   0x801'dbc8      0x10  LCD_GetColorIndex.o [2]
  .text._PaintTiled       ro code   0x801'dbd8      0xcc  IMAGE.o [2]
  .text.WM__GetWindowSizeX
                          ro code   0x801'dca4       0xe  WM_GetWindowSize.o [2]
  .text.WM__GetWindowSizeY
                          ro code   0x801'dcb2       0xe  WM_GetWindowSize.o [2]
  .text.GUI_MEMDEV_GetXPos
                          ro code   0x801'dcc0      0x30  GUIDEV_GetPos.o [2]
  .text.GUI_MEMDEV_GetYPos
                          ro code   0x801'dcf0      0x30  GUIDEV_GetPos.o [2]
  .text.TEXT_Callback     ro code   0x801'dd20      0xc6  TEXT.o [2]
  .text.WM_GetHasTrans    ro code   0x801'dde6      0x12  WM_SetTrans.o [2]
  .rodata                 const     0x801'ddf8      0xc0  battery_AC.o [1]
  .rodata                 const     0x801'deb8      0xc0  battery_empty.o [1]
  .rodata                 const     0x801'df78      0xc0  battery_full.o [1]
  .rodata                 const     0x801'e038      0xc0  battery_no.o [1]
  .rodata                 const     0x801'e0f8      0xc0  battery_one.o [1]
  .rodata                 const     0x801'e1b8      0xc0  battery_three.o [1]
  .rodata                 const     0x801'e278      0xc0  battery_two.o [1]
  .text._DrawVLine        ro code   0x801'e338      0xbc  GUIDEV_8.o [2]
  .text._FillRect         ro code   0x801'e3f4      0xbc  GUIDEV_8.o [2]
  .text._DrawVLine        ro code   0x801'e4b0      0xb4  GUIDEV_32.o [2]
  .text._FillRect         ro code   0x801'e564      0xb4  GUIDEV_32.o [2]
  .text.GUI_USAGE_BM_GetNextDirty
                          ro code   0x801'e618      0x9c  GUIDEV_UsageBM.o [2]
  .text._OnExit           ro code   0x801'e6b4      0x9c  WM.o [2]
  .text._GetWordWrap      ro code   0x801'e750      0x98  GUI__Wrap.o [2]
  .text.GUI__MixColorsBulk
                          ro code   0x801'e7e8      0x88  GUI__Alpha.o [2]
  .text.GUI_DrawRect      ro code   0x801'e870      0x84  GUI_2DLib.o [2]
  .text.LCD_DrawHLine     ro code   0x801'e8f4      0x50  LCD.o [2]
  .text.LCD_DrawVLine     ro code   0x801'e944      0x54  LCD.o [2]
  .rodata                 const     0x801'e998      0x80  infusion_pause.o [1]
  .rodata                 const     0x801'ea18      0x80  infusion_run.o [1]
  .rodata                 const     0x801'ea98      0x80  infusion_stop.o [1]
  .rodata                 const     0x801'eb18      0x80  sound_pause.o [1]
  .rodata                 const     0x801'eb98      0x78  heiti_regular_20.o [1]
  .rodata                 const     0x801'ec10      0x78  heiti_regular_20.o [1]
  .rodata                 const     0x801'ec88      0x78  heiti_regular_20.o [1]
  .rodata                 const     0x801'ed00      0x78  heiti_regular_20.o [1]
  .rodata                 const     0x801'ed78      0x78  heiti_regular_20.o [1]
  .rodata                 const     0x801'edf0      0x78  heiti_regular_20.o [1]
  .rodata                 const     0x801'ee68      0x78  heiti_regular_20.o [1]
  .rodata                 const     0x801'eee0      0x78  heiti_regular_20.o [1]
  .rodata                 const     0x801'ef58      0x78  heiti_regular_20.o [1]
  .rodata                 const     0x801'efd0      0x78  heiti_regular_20.o [1]
  .rodata                 const     0x801'f048      0x78  heiti_regular_20.o [1]
  .rodata                 const     0x801'f0c0      0x78  heiti_regular_20.o [1]
  .rodata                 const     0x801'f138      0x78  heiti_regular_20.o [1]
  .rodata                 const     0x801'f1b0      0x78  stm32l1xx_hal_adc.o [1]
  .rodata                 const     0x801'f228      0x78  stm32l1xx_hal_cortex.o [1]
  .rodata                 const     0x801'f2a0      0x78  stm32l1xx_hal_crc.o [1]
  .rodata                 const     0x801'f318      0x78  stm32l1xx_hal_gpio.o [1]
  .rodata                 const     0x801'f390      0x78  stm32l1xx_hal_rcc.o [1]
  .rodata                 const     0x801'f408      0x78  stm32l1xx_hal_spi.o [1]
  .rodata                 const     0x801'f480      0x78  stm32l1xx_hal_uart.o [1]
  .text.GUI_USAGE_BM_AddHLine
                          ro code   0x801'f4f8      0x78  GUIDEV_UsageBM.o [2]
  .text                   ro code   0x801'f570      0x78  lz77_init_single.o [5]
  .rodata                 const     0x801'f5e8      0x74  GUIDEV_8.o [2]
  .rodata                 const     0x801'f65c      0x74  GUIDEV_32.o [2]
  .rodata                 const     0x801'f6d0      0x70  heiti_regular_60.o [1]
  .rodata                 const     0x801'f740      0x70  heiti_regular_88.o [1]
  .text.LCD_GetpPalConvTableUncached
                          ro code   0x801'f7b0      0x6c  LCD_Color.o [2]
  .text._cbPaintMemDev    ro code   0x801'f81c      0x6c  WM.o [2]
  .rodata                 const     0x801'f888      0x68  heiti_regular_20.o [1]
  .text._cbBackWin        ro code   0x801'f8f0      0x68  WM.o [2]
  .text.GUI_StoreKey      ro code   0x801'f958      0x10  GUI_OnKey.o [2]
  .rodata                 const     0x801'f968      0x64  mute.o [1]
  .rodata                 const     0x801'f9cc      0x64  ssz_stm32_hal_bsp.o [1]
  .rodata                 const     0x801'fa30      0x60  AC.o [1]
  .text.LCD_DrawPixel     ro code   0x801'fa90      0x60  LCD.o [2]
  .text._XorPixel         ro code   0x801'faf0      0x5c  GUIDEV_32.o [2]
  .rodata                 const     0x801'fb4c      0x58  font_data.o [1]
  .rodata                 const     0x801'fba4      0x58  ssz_deque.o [1]
  .rodata                 const     0x801'fbfc      0x58  ssz_sim_i2c.o [1]
  .rodata                 const     0x801'fc54      0x58  string_data.o [1]
  .rodata                 const     0x801'fcac      0x58  string_data.o [1]
  .rodata                 const     0x801'fd04      0x58  string_data.o [1]
  .rodata                 const     0x801'fd5c      0x58  string_data.o [1]
  .text._XorPixel         ro code   0x801'fdb4      0x58  GUIDEV_8.o [2]
  .rodata                 const     0x801'fe0c      0x54  app_scr_class5.o [1]
  .rodata                 const     0x801'fe60      0x54  event.o [1]
  .rodata                 const     0x801'feb4      0x54  ssz_file.o [1]
  .rodata                 const     0x801'ff08      0x54  ssz_list.o [1]
  .rodata                 const     0x801'ff5c      0x54  string_data.o [1]
  .rodata                 const     0x801'ffb0      0x54  timer.o [1]
  .text                   ro code   0x802'0004      0x54  system_stm32l1xx.o [1]
  .text.WINDOW_CreateUser
                          ro code   0x802'0058      0x54  WINDOW.o [2]
  .text._Color2Index_0    ro code   0x802'00ac      0x52  GUICC_0.o [2]
  .text.LCD_GetNumColors  ro code   0x802'0100      0x10  LCD_GetEx.o [2]
  .text.LCD_GetPalette    ro code   0x802'0110      0x10  LCD_GetEx.o [2]
  .text.GUI_CalcColorDist
                          ro code   0x802'0120      0x4e  GUI_Common.o [2]
  .text.LCD_GetPaletteEx  ro code   0x802'016e      0x16  LCD_GetEx.o [2]
  .text._GetIndexMask_0   ro code   0x802'0184      0x52  GUICC_0.o [2]
  .rodata                 const     0x802'01d8      0x50  msg.o [1]
  .text._Encode           ro code   0x802'0228      0x4c  GUI_UC_EncodeUTF8.o [2]
  .text._CalcSizeOfChar   ro code   0x802'0274      0x18  GUI_UC_EncodeUTF8.o [2]
  .text._SetPixelIndex    ro code   0x802'028c      0x4c  GUIDEV_8.o [2]
  .text._SetPixelIndex    ro code   0x802'02d8      0x4c  GUIDEV_32.o [2]
  .rodata                 const     0x802'0324      0x48  drv_rtc.o [1]
  .rodata                 const     0x802'036c      0x48  ssz_config.o [1]
  .rodata                 const     0x802'03b4      0x48  string_data.o [1]
  .text                   ro code   0x802'03fc      0x48  stm32l1xx_it.o [1]
  .text                   ro code   0x802'0444      0x18  stm32l1xx_hal.o [1]
  .text                   ro code   0x802'045c      0x20  drv_interrupt.o [1]
  .text.LCD_AA_MixColors16
                          ro code   0x802'047c      0x48  LCD_AA.o [2]
  .text._OnExit           ro code   0x802'04c4      0x48  GUI_Core.o [2]
  .rodata                 const     0x802'050c      0x44  string_data.o [1]
  .rodata                 const     0x802'0550      0x44  string_data.o [1]
  .rodata                 const     0x802'0594      0x44  string_data.o [1]
  .rodata                 const     0x802'05d8      0x40  set_arrow.o [1]
  .rodata                 const     0x802'0618      0x40  set_arrow.o [1]
  .rodata                 const     0x802'0658      0x40  string_data.o [1]
  .rodata                 const     0x802'0698      0x40  unselected_pointer.o [1]
  .text.WINDOW_CreateIndirect
                          ro code   0x802'06d8      0x40  WINDOW.o [2]
  .text._GetCharCode      ro code   0x802'0718      0x40  GUI_UC_EncodeUTF8.o [2]
  .rodata                 const     0x802'0758      0x3c  font_data.o [1]
  .rodata                 const     0x802'0794      0x3c  string_data.o [1]
  .rodata                 const     0x802'07d0      0x3c  string_data.o [1]
  .rodata                 const     0x802'080c      0x3c  string_data.o [1]
  .rodata                 const     0x802'0848      0x3c  string_data.o [1]
  .rodata                 const     0x802'0884      0x3c  string_data.o [1]
  .rodata                 const     0x802'08c0      0x38  ui_draw.o [1]
  .text.GUIPROP_GetCharDistX
                          ro code   0x802'08f8      0x38  GUI_CharP.o [2]
  .text._DrawDownRect     ro code   0x802'0930      0x38  WIDGET_Effect_Simple.o [2]
  .text._GetCharWrap      ro code   0x802'0968      0x36  GUI__Wrap.o [2]
  .text._GetRect          ro code   0x802'099e      0x36  GUIDEV_8.o [2]
  .text._GetRect          ro code   0x802'09d4      0x36  GUIDEV_32.o [2]
  .rodata                 const     0x802'0a0c      0x34  GUIDRV_Template.o [1]
  .rodata                 const     0x802'0a40      0x34  mute_small.o [1]
  .rodata                 const     0x802'0a74      0x34  ssz_deque.o [1]
  .rodata                 const     0x802'0aa8      0x34  string_data.o [1]
  .rodata                 const     0x802'0adc      0x30  string_data.o [1]
  .rodata                 const     0x802'0b0c      0x2c  ssz_deque.o [1]
  .rodata                 const     0x802'0b38      0x2c  ssz_list.o [1]
  .rodata                 const     0x802'0b64      0x2c  string_data.o [1]
  .rodata                 const     0x802'0b90      0x2c  string_data.o [1]
  .rodata                 const     0x802'0bbc      0x28  lock.o [1]
  .rodata                 const     0x802'0be4      0x28  ssz_file.o [1]
  .rodata                 const     0x802'0c0c      0x28  ssz_file.o [1]
  .rodata                 const     0x802'0c34      0x28  string_data.o [1]
  .rodata                 const     0x802'0c5c      0x28  string_data.o [1]
  .rodata                 const     0x802'0c84      0x28  string_data.o [1]
  .text.GUI_USAGE_BM_AddPixel
                          ro code   0x802'0cac      0x28  GUIDEV_UsageBM.o [2]
  .text._OnExit           ro code   0x802'0cd4      0x28  GUI__Alpha.o [2]
  .text._Paint            ro code   0x802'0cfc      0x28  IMAGE.o [2]
  .text._SetDrawMode      ro code   0x802'0d24      0x28  LCD.o [2]
  .text                   ro code   0x802'0d4c      0x28  data_init.o [5]
  .text._DrawImageAt      ro code   0x802'0d74      0x26  IMAGE_Bitmap.o [2]
[...]
g_lowest_alarm_list     0x2000'0004     0x4  Data  Lc  alarm.o [1]
g_lowest_alarm_list_inter
                        0x2000'3a4c    0x10  Data  Lc  alarm.o [1]
g_module_output_info    0x2000'0014    0x28  Data  Lc  common.o [1]
g_msg_handler_arr       0x2000'35a0    0x6c  Data  Lc  msg.o [1]
g_msg_nodes             0x2000'32c8    0xf0  Data  Lc  msg.o [1]
g_msg_queue             0x2000'003c     0x4  Data  Lc  msg.o [1]
g_msg_queue_inter       0x2000'3a9c    0x10  Data  Lc  msg.o [1]
g_oled_is_first_init    0x2000'00bc     0x1  Data  Lc  drv_oled.o [1]
g_oled_is_init          0x2000'3c28     0x1  Data  Lc  drv_oled.o [1]
g_oled_spi              0x2000'3a8c    0x10  Data  Lc  drv_oled.o [1]
g_remind_alarm_list     0x2000'0000     0x4  Data  Lc  alarm.o [1]
g_remind_alarm_list_inter
                        0x2000'3a3c    0x10  Data  Lc  alarm.o [1]
g_rtc_check_last_time_ms
                        0x2000'3b74     0x4  Data  Lc  mid_rtc.o [1]
g_rtc_i2c               0x2000'39c4    0x1c  Data  Lc  drv_rtc.o [1]
g_rtc_recheck_count     0x2000'3b78     0x4  Data  Lc  mid_rtc.o [1]
g_rtc_time              0x2000'3b1c     0x8  Data  Lc  mid_rtc.o [1]
g_rtc_time_check        0x2000'3b24     0x8  Data  Lc  mid_rtc.o [1]
g_scr_routes             0x801'33e0   0x3e8  Data  Gb  app_route.o [1]
g_stop_watch            0x2000'39e0    0x1c  Data  Gb  stop_watch.o [1]
g_stop_watch_childs     0x2000'2fb8   0x190  Data  Gb  stop_watch.o [1]
g_stop_watch_is_enable  0x2000'3c2d     0x1  Data  Lc  stop_watch.o [1]
g_string_data_ptr       0x2000'3b8c     0x4  Data  Lc  string_data.o [1]
g_string_data_simplified_chinese
                         0x801'06a8   0x630  Data  Lc  string_data.o [1]
g_system_mode           0x2000'00bd     0x1  Data  Lc  mid_common.o [1]
g_tick_time_last_read_str_ms
                        0x2000'3b80     0x4  Data  Lc  ssz_tick_time.o [1]
g_tick_time_new_tick_flag
                        0x2000'3b84     0x4  Data  Lc  ssz_tick_time.o [1]
g_tick_time_now_ms      0x2000'3b7c     0x4  Data  Lc  ssz_tick_time.o [1]
g_tick_time_now_str     0x2000'3a14    0x14  Data  Lc  ssz_tick_time.o [1]
g_timer_mgr             0x2000'2cc8   0x2f0  Data  Lc  timer.o [1]
g_ui_common_param       0x2000'3920    0x30  Data  Gb  ui_common.o [1]
g_ui_draw_context       0x2000'004c     0x4  Data  Gb  ui_draw.o [1]
g_ui_draw_context_work  0x2000'3888    0x38  Data  Gb  ui_draw.o [1]
g_ui_draw_default_context
                         0x802'08c0    0x38  Data  Gb  ui_draw.o [1]
g_ui_line_cache_is_valid
                        0x2000'3c2e     0x1  Data  Lc  ui_draw.o [1]
g_ui_line_cache_mode    0x2000'3bac     0x4  Data  Lc  ui_draw.o [1]
g_ui_line_cache_x       0x2000'3b94     0x4  Data  Lc  ui_draw.o [1]
g_ui_line_cache_x_max   0x2000'3b9c     0x4  Data  Lc  ui_draw.o [1]
g_ui_line_cache_x_min   0x2000'3b98     0x4  Data  Lc  ui_draw.o [1]
g_ui_line_cache_x_size  0x2000'3b90     0x4  Data  Lc  ui_draw.o [1]
g_ui_line_cache_y       0x2000'3ba0     0x4  Data  Lc  ui_draw.o [1]
g_ui_line_cache_y_max   0x2000'3ba8     0x4  Data  Lc  ui_draw.o [1]
g_ui_line_cache_y_min   0x2000'3ba4     0x4  Data  Lc  ui_draw.o [1]
g_ui_one_line_cache     0x2000'3520    0x80  Data  Lc  ui_draw.o [1]
g_version_build_time     0x802'2e28    0x1c  Data  Lc  version.o [1]
g_version_str            0x802'2fd0    0x18  Data  Lc  version.o [1]
get_alarm_string         0x801'2b0d    0x14  Code  Lc  app_scr_class4.o [1]
get_char_coordinate      0x801'3029    0x4e  Code  Gb  app_scr_class5.o [1]
get_dynamic_string       0x800'5df1    0x42  Code  Gb  string_data.o [1]
get_font                 0x800'5d2b    0x3e  Code  Gb  font_data.o [1]
get_image                0x801'19f5    0x1c  Code  Gb  image_data.o [1]
get_image_coordinate     0x801'2fed    0x3c  Code  Gb  app_scr_class5.o [1]
get_one_image_and_char_coordinate
                         0x801'2f65    0x88  Code  Gb  app_scr_class5.o [1]
get_string               0x800'5da7    0x4a  Code  Gb  string_data.o [1]
hadc                    0x2000'3774    0x54  Data  Gb  adc.o [1]
hcrc                    0x2000'3b0c     0x8  Data  Gb  crc.o [1]
hspi1                   0x2000'366c    0x58  Data  Gb  spi.o [1]
hspi2                   0x2000'36c4    0x58  Data  Gb  spi.o [1]
hspi3                   0x2000'371c    0x58  Data  Gb  spi.o [1]
huart1                  0x2000'37c8    0x40  Data  Gb  usart.o [1]
huart2                  0x2000'3808    0x40  Data  Gb  usart.o [1]
huart3                  0x2000'3848    0x40  Data  Gb  usart.o [1]
iWin.10677              0x2000'397c     0x4  Data  Lc  WM.o [2]
index                   0x2000'3c29     0x1  Data  Gb  main_run.o [1]
init_all                 0x800'5685    0x14  Code  Gb  init.o [1]
init_app()               0x800'5683     0x2  Code  Gb  init.o [1]
init_common()            0x800'561d    0x28  Code  Gb  init.o [1]
init_driver              0x800'5645    0x20  Code  Gb  init.o [1]
init_middleware()        0x800'5665    0x1e  Code  Gb  init.o [1]
is_module_enable_output
                         0x800'865d     0xc  Code  Gb  common.o [1]
kSszSPIIODev             0x802'3e04    0x10  Data  Gb  ssz_spi.o [1]
kSszSimI2CMasterIODev    0x802'3df4    0x10  Data  Gb  ssz_sim_i2c.o [1]
ldexp                    0x800'142d          Code  Gb  ldexp.o [4]
ldexpl                   0x800'142d          Code  Gb  ldexp.o [4]
main                     0x800'29c1    0x34  Code  Gb  main.o [1]
main_handle_all          0x800'3303    0x32  Code  Gb  main_run.o [1]
main_handle_bt_uart_recv
                         0x800'32cb     0xa  Code  Lc  main_run.o [1]
main_handle_mcu_uart_recv
                         0x800'32d5     0xa  Code  Lc  main_run.o [1]
main_handle_pc_uart_recv
                         0x800'32c1     0xa  Code  Lc  main_run.o [1]
main_init_event_handler
                         0x800'32df    0x24  Code  Lc  main_run.o [1]
main_run                 0x800'343d    0x6c  Code  Gb  main_run.o [1]
memchr                   0x800'1225          Code  Gb  memchr.o [5]
memcmp                   0x800'85f5          Code  Gb  memcmp.o [5]
memcpy                   0x800'a661     0xc  Code  Gb  memcpy.o [5]
memmove                  0x800'a3f9     0xc  Code  Gb  memmove.o [5]
memset                   0x800'34d9    0x14  Code  Gb  memset.o [5]
mid_adc_init             0x800'5ed7     0x8  Code  Gb  mid_adc.o [1]
mid_adc_vref_enable      0x800'5ec9     0xe  Code  Gb  mid_adc.o [1]
msg_compare_by_msg_id    0x800'6a27    0x12  Code  Gb  msg.o [1]
msg_handle               0x800'6999    0x34  Code  Gb  msg.o [1]
msg_handle_all           0x800'69cd    0x22  Code  Gb  msg.o [1]
msg_init                 0x800'697d    0x1c  Code  Gb  msg.o [1]
msg_is_exist             0x800'6a39    0x20  Code  Gb  msg.o [1]
msg_post                 0x800'69ef    0x2e  Code  Lc  msg.o [1]
msg_post_int             0x800'6a1d     0xa  Code  Gb  msg.o [1]
pill_box_install_sensor_init
                         0x800'6c45    0x1c  Code  Gb  pill_box_install_detect.o [1]
printf                   0x800'56ed    0x28  Code  Gb  printf.o [3]
push_message             0x801'916d    0x40  Code  Lc  app_scr_class17.o [1]
push_message             0x801'659d    0xc2  Code  Lc  app_scr_class19.o [1]
put_alarm                0x801'2b21   0x286  Code  Lc  app_scr_class4.o [1]
put_battery_level        0x801'14d3    0x5a  Code  Lc  app_scr_class3.o [1]
put_battery_level        0x801'3ccf    0x5a  Code  Lc  app_scr_class6.o [1]
put_infusion_dose        0x801'13f5    0x54  Code  Lc  app_scr_class3.o [1]
put_infusion_speed       0x801'1449    0x54  Code  Lc  app_scr_class3.o [1]
put_infusion_state       0x801'136f    0x86  Code  Lc  app_scr_class3.o [1]
put_left_time            0x801'131d    0x52  Code  Lc  app_scr_class3.o [1]
put_lock_state           0x801'1541    0x40  Code  Lc  app_scr_class3.o [1]
put_menu_info            0x801'3be5    0xb8  Code  Lc  app_scr_class6.o [1]
put_message              0x801'79b9   0x18e  Code  Lc  app_scr_class1.o [1]
put_message              0x801'8ef9    0xa2  Code  Lc  app_scr_class10.o [1]
put_message              0x801'37c9   0x110  Code  Lc  app_scr_class11.o [1]
put_message              0x801'8949    0x88  Code  Lc  app_scr_class12.o [1]
put_message              0x801'8bd1    0x68  Code  Lc  app_scr_class13.o [1]
put_message              0x801'62b1    0xe2  Code  Lc  app_scr_class14.o [1]
put_message              0x801'c1a9    0x38  Code  Lc  app_scr_class15.o [1]
put_message              0x801'c029    0x56  Code  Lc  app_scr_class16.o [1]
put_message              0x801'76e9    0xa6  Code  Lc  app_scr_class18.o [1]
put_message              0x801'7f1d    0xb4  Code  Lc  app_scr_class20.o [1]
put_message              0x801'7c85    0x92  Code  Lc  app_scr_class8.o [1]
put_message              0x801'4029    0xe4  Code  Lc  app_scr_class9.o [1]
put_select_arrow         0x801'3077    0x3a  Code  Gb  app_scr_class5.o [1]
put_select_password      0x801'30b1    0x4c  Code  Lc  app_scr_class5.o [1]
put_select_stop_infusion
                         0x801'bce5    0x4c  Code  Lc  app_scr_class2.o [1]
put_time                 0x801'149d    0x36  Code  Lc  app_scr_class3.o [1]
put_time                 0x801'3c9d    0x32  Code  Lc  app_scr_class6.o [1]
put_title                0x801'30fd    0x40  Code  Lc  app_scr_class5.o [1]
putchar                  0x802'1041    0x20  Code  Gb  putchar.o [3]
rtc_init_time_if_not_set
                         0x800'6b93    0x70  Code  Gb  mid_rtc.o [1]
rtc_scan                 0x800'6a9d    0xa4  Code  Gb  mid_rtc.o [1]
rtc_set                  0x800'6b41    0x2c  Code  Gb  mid_rtc.o [1]
rtc_set_time             0x800'6b6d    0x26  Code  Gb  mid_rtc.o [1]
rtc_start_scan           0x800'6a79    0x22  Code  Gb  mid_rtc.o [1]
run_test_after_main      0x800'573b     0x2  Code  Gb  run_test_after_main.o [1]
scalbln                  0x800'142d          Code  Gb  ldexp.o [4]
scalblnl                 0x800'142d          Code  Gb  ldexp.o [4]
scalbn                   0x800'142d          Code  Gb  ldexp.o [4]
scalbnl                  0x800'142d          Code  Gb  ldexp.o [4]
scale                    0x800'0fd3    0x46  Code  Lc  xprintffull_nomb.o [3]
screenID                0x2000'3c2a     0x1  Data  Gb  main_run.o [1]
sec_hand                0x2000'3c18     0x4  Data  Lc  xfail_s.o [3]
set_system_mode          0x800'703d     0x6  Code  Gb  mid_common.o [1]
snprintf                 0x800'8985    0x44  Code  Gb  snprintf.o [3]
sprintf                  0x801'1961    0x40  Code  Gb  sprintf.o [3]
ssz_bcd_to_decimal       0x800'7e2b    0x20  Code  Gb  ssz_utility.o [1]
ssz_decimal_to_bcd       0x800'7e0d    0x1e  Code  Gb  ssz_utility.o [1]
ssz_delay_ms             0x800'7e6d    0x1c  Code  Gb  ssz_stm32_hal_bsp.o [1]
ssz_delay_us             0x800'7e4d    0x20  Code  Gb  ssz_stm32_hal_bsp.o [1]
ssz_deque_diff_index_simple
                         0x800'809f    0x10  Code  Lc  ssz_deque.o [1]
ssz_deque_emplace        0x800'8489    0x48  Code  Gb  ssz_deque.o [1]
ssz_deque_emplace_back   0x800'845d    0x2c  Code  Gb  ssz_deque.o [1]
ssz_deque_erase          0x800'84d1   0x10c  Code  Gb  ssz_deque.o [1]
ssz_deque_find           0x800'81e5    0x32  Code  Gb  ssz_deque.o [1]
ssz_deque_find_from      0x800'8217    0xda  Code  Gb  ssz_deque.o [1]
ssz_deque_front          0x800'81a9    0x3c  Code  Gb  ssz_deque.o [1]
ssz_deque_init           0x800'80e5    0x38  Code  Gb  ssz_deque.o [1]
ssz_deque_insert_internal
                         0x800'82f1   0x138  Code  Gb  ssz_deque.o [1]
ssz_deque_is_empty       0x800'817b    0x2e  Code  Gb  ssz_deque.o [1]
ssz_deque_is_node_of_index_valid
                         0x800'80af    0x36  Code  Lc  ssz_deque.o [1]
ssz_deque_next           0x800'811d    0x5e  Code  Gb  ssz_deque.o [1]
ssz_deque_next_index_simple
                         0x800'8055    0x18  Code  Lc  ssz_deque.o [1]
ssz_deque_pop_front      0x800'8429    0x34  Code  Gb  ssz_deque.o [1]
ssz_deque_prev_index_simple
                         0x800'806d    0x14  Code  Lc  ssz_deque.o [1]
ssz_deque_tail_index_simple
                         0x800'8081    0x1e  Code  Lc  ssz_deque.o [1]
ssz_fgetc                0x800'5ba5    0x1a  Code  Gb  ssz_file.o [1]
ssz_file_init            0x800'5b31    0x2c  Code  Gb  ssz_file.o [1]
ssz_fread                0x800'5b5d     0xa  Code  Gb  ssz_file.o [1]
ssz_fread_ex             0x800'5b67    0x3e  Code  Gb  ssz_file.o [1]
ssz_fsize                0x800'5c0d    0x1c  Code  Gb  ssz_file.o [1]
ssz_gpio_set_mode        0x800'7e8d    0xa6  Code  Gb  ssz_stm32_hal_bsp.o [1]
ssz_ioctl                0x800'5bbf    0x3a  Code  Gb  ssz_file.o [1]
ssz_list_at_pos          0x800'915f    0xa2  Code  Gb  ssz_list.o [1]
ssz_list_begin           0x800'90e9    0x32  Code  Gb  ssz_list.o [1]
ssz_list_find_unuse_node
                         0x800'9201    0x8c  Code  Lc  ssz_list.o [1]
ssz_list_insert_internal
                         0x800'928d   0x17a  Code  Gb  ssz_list.o [1]
ssz_list_next            0x800'911b    0x44  Code  Gb  ssz_list.o [1]
ssz_list_push_back       0x800'9407    0x54  Code  Gb  ssz_list.o [1]
ssz_locale_lang          0x800'5ce1     0x6  Code  Gb  ssz_locale.o [1]
ssz_locale_set_country_region
                         0x800'5ced     0x6  Code  Gb  ssz_locale.o [1]
ssz_locale_set_lang      0x800'5ce7     0x6  Code  Gb  ssz_locale.o [1]
ssz_mem_zero             0x800'7405     0xe  Code  Gb  ssz_common.o [1]
ssz_now_time_str_for_print
                         0x800'5699     0x8  Code  Gb  ssz_config.o [1]
ssz_on_assert_fail       0x800'56a1    0x1e  Code  Gb  ssz_config.o [1]
ssz_on_check_fail        0x800'56bf    0x1e  Code  Gb  ssz_config.o [1]
ssz_queue_emplace        0x800'804d     0x8  Code  Gb  ssz_queue.o [1]
ssz_queue_front          0x800'803d     0x8  Code  Gb  ssz_queue.o [1]
ssz_queue_init           0x800'802d     0x8  Code  Gb  ssz_queue.o [1]
ssz_queue_is_empty       0x800'8035     0x8  Code  Gb  ssz_queue.o [1]
ssz_queue_pop            0x800'8045     0x8  Code  Gb  ssz_queue.o [1]
ssz_sim_i2c_master_file_ctl
                         0x800'7d87    0x3e  Code  Lc  ssz_sim_i2c.o [1]
ssz_sim_i2c_master_file_read
                         0x800'7d33    0x2a  Code  Lc  ssz_sim_i2c.o [1]
ssz_sim_i2c_master_file_write
                         0x800'7d5d    0x2a  Code  Lc  ssz_sim_i2c.o [1]
ssz_sim_i2c_master_force_slaver_release
                         0x800'7ce3    0x50  Code  Gb  ssz_sim_i2c.o [1]
ssz_sim_i2c_master_init
                         0x800'7dc5    0x3a  Code  Gb  ssz_sim_i2c.o [1]
ssz_sim_i2c_master_is_slaver_busy
                         0x800'7cc1    0x22  Code  Gb  ssz_sim_i2c.o [1]
ssz_sim_i2c_master_read
                         0x800'7bf5    0x66  Code  Gb  ssz_sim_i2c.o [1]
ssz_sim_i2c_master_write
                         0x800'7c5b    0x66  Code  Gb  ssz_sim_i2c.o [1]
ssz_sim_i2c_read_ack     0x800'7ad9    0x4c  Code  Gb  ssz_sim_i2c.o [1]
ssz_sim_i2c_read_byte    0x800'7b25    0x62  Code  Gb  ssz_sim_i2c.o [1]
ssz_sim_i2c_send_ack     0x800'7a45    0x4a  Code  Gb  ssz_sim_i2c.o [1]
ssz_sim_i2c_send_nack    0x800'7a8f    0x4a  Code  Gb  ssz_sim_i2c.o [1]
ssz_sim_i2c_start        0x800'79a5    0x50  Code  Gb  ssz_sim_i2c.o [1]
ssz_sim_i2c_stop         0x800'79f5    0x50  Code  Gb  ssz_sim_i2c.o [1]
ssz_sim_i2c_write_byte   0x800'7b87    0x6e  Code  Gb  ssz_sim_i2c.o [1]
ssz_sleep                0x800'7e89     0x4  Code  Gb  ssz_stm32_hal_bsp.o [1]
ssz_spi_file_ctl         0x800'7fd1    0x40  Code  Lc  ssz_spi.o [1]
ssz_spi_file_read        0x800'7f7d    0x2a  Code  Lc  ssz_spi.o [1]
ssz_spi_file_write       0x800'7fa7    0x2a  Code  Lc  ssz_spi.o [1]
ssz_spi_init             0x800'8011    0x18  Code  Gb  ssz_spi.o [1]
ssz_spi_read             0x800'7f45    0x1a  Code  Gb  ssz_stm32_hal_bsp.o [1]
ssz_spi_wait_write_finish
                         0x800'7f79     0x2  Code  Gb  ssz_stm32_hal_bsp.o [1]
ssz_spi_write            0x800'7f5f    0x1a  Code  Gb  ssz_stm32_hal_bsp.o [1]
ssz_stop_watch_init      0x800'88d9     0x6  Code  Gb  ssz_stop_watch.o [1]
ssz_tick_time_elapsed    0x800'6fc9     0xc  Code  Gb  ssz_tick_time.o [1]
ssz_tick_time_elapsed_ex
                         0x800'6fd5    0x10  Code  Gb  ssz_tick_time.o [1]
ssz_tick_time_increase   0x800'6f3d    0x28  Code  Gb  ssz_tick_time.o [1]
ssz_tick_time_is_after_or_eq
                         0x800'6fe5    0x1a  Code  Gb  ssz_tick_time.o [1]
ssz_tick_time_next       0x800'6f7b     0xe  Code  Gb  ssz_tick_time.o [1]
ssz_tick_time_next_ex    0x800'6f65    0x16  Code  Gb  ssz_tick_time.o [1]
ssz_tick_time_now        0x800'6f89     0x6  Code  Gb  ssz_tick_time.o [1]
ssz_tick_time_now_str    0x800'6f8f    0x26  Code  Gb  ssz_tick_time.o [1]
ssz_tick_time_str        0x800'6fb5    0x14  Code  Gb  ssz_tick_time.o [1]
ssz_week_day             0x800'885d    0x7c  Code  Gb  ssz_time_utility.o [1]
start_system_scan()      0x800'571d     0x8  Code  Gb  do_before_main_loop.o [1]
stop_watch_init          0x800'6c25    0x14  Code  Gb  stop_watch.o [1]
strcat                   0x801'1a55    0x1e  Code  Gb  strcat.o [3]
strchr                   0x800'1129          Code  Gb  strchr.o [5]
strcpy                   0x801'21f9          Code  Gb  strcpy.o [5]
string_data_select_by_lang
                         0x800'5d79    0x2e  Code  Gb  string_data.o [1]
strlen                   0x800'11b9          Code  Gb  strlen.o [5]
sys_master_mcu_power_enable
                         0x800'5e85    0x10  Code  Gb  sys_power.o [1]
sys_power_enable         0x800'5e75    0x10  Code  Gb  sys_power.o [1]
test                     0x800'3349    0xf4  Code  Gb  main_run.o [1]
timer_handle_all         0x800'5993     0xa  Code  Gb  timer.o [1]
timer_handle_all_of_group
                         0x800'599d    0x6e  Code  Gb  timer.o [1]
timer_set_handler        0x800'5891     0xc  Code  Gb  timer.o [1]
timer_set_handler_and_group
                         0x800'589d    0x38  Code  Gb  timer.o [1]
timer_start_oneshot_after
                         0x800'58d5    0x5e  Code  Gb  timer.o [1]
timer_start_periodic_every
                         0x800'5933    0x28  Code  Gb  timer.o [1]
timer_stop               0x800'595b    0x38  Code  Gb  timer.o [1]
ui_clear_init_once_flag
                         0x801'1909     0x8  Code  Gb  ui_common.o [1]
ui_common_color_to_dev_color
                         0x800'5e55    0x18  Code  Gb  ssz_ui_config.o [1]
ui_config                0x800'5e4d     0x8  Code  Gb  ssz_ui_config.o [1]
ui_draw_pixel_with_color_at
                         0x800'77ed    0x4a  Code  Gb  ui_draw.o [1]
ui_draw_to_dev           0x800'5e6d     0x8  Code  Gb  ssz_ui_config.o [1]
ui_flush_line_cache      0x800'794d    0x24  Code  Gb  ui_draw.o [1]
ui_get_current_hwin      0x801'1911     0x6  Code  Gb  ui_common.o [1]
ui_rect_is_intersect_ex
                         0x800'8921    0x62  Code  Gb  ui_utility.o [1]
ui_rect_merge            0x800'88df    0x42  Code  Gb  ui_utility.o [1]
ui_set_default_draw_context
                         0x800'77d9    0x14  Code  Gb  ui_draw.o [1]
ui_set_pixel_at_line_cache
                         0x800'7899    0xb4  Code  Gb  ui_draw.o [1]
ui_start_line_cache      0x800'7837    0x62  Code  Gb  ui_draw.o [1]
uwTick                  0x2000'3b88     0x4  Data  Gb  stm32l1xx_hal.o [1]
uwTickFreq              0x2000'0044     0x4  Data  Gb  stm32l1xx_hal.o [1]
uwTickPrio              0x2000'0040     0x4  Data  Gb  stm32l1xx_hal.o [1]
version_software_name    0x800'5715     0x4  Code  Gb  version.o [1]
wm_bk_callback           0x800'3335    0x14  Code  Gb  main_run.o [1]
xSizeDisplay.10988      0x2000'3ae8     0x4  Data  Lc  IMAGE.o [2]
ySizeDisplay.10989      0x2000'3aec     0x4  Data  Lc  IMAGE.o [2]


[1] = D:\1-WORK\ProjectFiles\PCA_Pump\code\master-new\build\IAR\Debug\Obj
[2] = STemWin_CM3_wc32.a
[3] = dl7M_tln.a
[4] = m7M_tl.a
[5] = rt7M_tl.a
[6] = shb_l.a

  85'654 bytes of readonly  code memory
  67'734 bytes of readonly  data memory
  23'602 bytes of readwrite data memory

Errors: none
Warnings: none
